2026-02-27 10:28:16.425 27267-27267 Capacitor/Console       com.subastandolo.app                 I  File:  - Line 333 - Msg: {"biometryType":3,"deviceIsSecure":true,"strongBiometryIsAvailable":true,"isAvailable":true,"authenticationStrength":1}
2026-02-27 10:28:16.427 27267-27267 Capacitor/Console       com.subastandolo.app                 I  File:  - Line 333 - Msg: {"biometryType":3,"deviceIsSecure":true,"strongBiometryIsAvailable":true,"isAvailable":true,"authenticationStrength":1}
2026-02-27 10:28:16.468 27267-27351 Capacitor               com.subastandolo.app                 D  Handling local request: https://localhost/icons/icon-192.png
2026-02-27 10:28:16.470 27267-27352 Capacitor               com.subastandolo.app                 D  Handling local request: https://localhost/favicon.png
2026-02-27 10:28:16.473 27267-27367 Capacitor               com.subastandolo.app                 D  Handling local request: https://localhost/favicon.png
2026-02-27 10:28:16.532 27267-27267 Capacitor/Console       com.subastandolo.app                 I  File:  - Line 349 - Msg: [object Object]
2026-02-27 10:28:16.535 27267-27267 Capacitor/Plugin        com.subastandolo.app                 V  To native (Capacitor plugin): callbackId: 2183478, pluginId: NativeBiometric, methodName: isAvailable
2026-02-27 10:28:16.535 27267-27267 Capacitor               com.subastandolo.app                 V  callback: 2183478, pluginId: NativeBiometric, methodName: isAvailable, methodData: {}
2026-02-27 10:28:16.545 27267-27267 ImeTracker              com.subastandolo.app                 I  com.subastandolo.app:558b891b: onRequestShow at ORIGIN_CLIENT reason SHOW_SOFT_INPUT fromUser false
2026-02-27 10:28:16.545 27267-27267 ImeTracker              com.subastandolo.app                 I  com.subastandolo.app:558b891b: onFailed at PHASE_CLIENT_VIEW_SERVED
2026-02-27 10:28:16.545 27267-27267 InputMethodManager      com.subastandolo.app                 W  Ignoring showSoftInput() as view=com.getcapacitor.CapacitorWebView{832cac5 VFEDHVC.. .F...... 0,0-720,1600 #7f090202 app:id/webview aid=1073741824} is not served.
2026-02-27 10:28:16.548 27267-27351 Capacitor               com.subastandolo.app                 D  Handling local request: https://localhost/icons/icon-192.png
2026-02-27 10:28:16.550 27267-27352 Capacitor               com.subastandolo.app                 D  Handling local request: https://localhost/favicon.png
2026-02-27 10:28:16.550 27267-27353 Capacitor               com.subastandolo.app                 D  Handling local request: https://localhost/favicon.png
2026-02-27 10:28:16.565 27267-27267 VRI[MainActivity]       com.subastandolo.app                 D  visibilityChanged oldVisibility=true newVisibility=false
2026-02-27 10:28:16.591  2319-10935 ActivityManagerWrapper  com.miui.home                        E  getRecentTasksForceIncludingTaskIdIfValid: getRecentTasks: size=1
                                                                                                     mainTaskId=895   userId=0   windowMode=1   baseIntent=Intent { act=android.intent.action.MAIN flag=268435456 cmp=ComponentInfo{com.subastandolo.app/com.subastandolo.app.MainActivity} }
2026-02-27 10:28:16.609 27267-27353 Capacitor               com.subastandolo.app                 D  Handling local request: https://localhost/icons/icon-192.png
2026-02-27 10:28:16.609 27267-27352 Capacitor               com.subastandolo.app                 D  Handling local request: https://localhost/favicon.png
2026-02-27 10:28:16.613 27267-27368 Capacitor               com.subastandolo.app                 D  Handling local request: https://localhost/favicon.png
2026-02-27 10:28:16.626 27267-27267 BLASTBufferQueue        com.subastandolo.app                 D  [VRI[MainActivity]#0](f:0,a:1) destructor()
2026-02-27 10:28:16.627 27267-27267 BufferQueueConsumer     com.subastandolo.app                 D  [VRI[MainActivity]#0(BLAST Consumer)0](id:6a8300000000,api:0,p:-1,c:27267) disconnect
2026-02-27 10:28:16.644 27267-27267 Capacitor/Console       com.subastandolo.app                 I  File:  - Line 333 - Msg: {"biometryType":3,"deviceIsSecure":true,"strongBiometryIsAvailable":true,"isAvailable":true,"authenticationStrength":1}
2026-02-27 10:28:16.652 27267-27267 Capacitor               com.subastandolo.app                 D  App stopped
2026-02-27 10:28:16.654 27267-27267 Capacitor               com.subastandolo.app                 D  Saving instance state!
2026-02-27 10:28:16.655 27267-27267 Capacitor               com.subastandolo.app                 E  Couldn't save last NativeBiometric's Plugin setCredentials call
2026-02-27 10:28:16.658 27267-27267 Capacitor/Console       com.subastandolo.app                 I  File:  - Line 349 - Msg: [object Object]
2026-02-27 10:28:16.667 27267-27267 ActivityThread          com.subastandolo.app                 D  Fail to check app heapsize due to java.lang.NoSuchMethodException: dalvik.system.VMRuntime.getBlockingGcCountForAlloc []
2026-02-27 10:28:16.670 27267-27267 Capacitor/Plugin        com.subastandolo.app                 V  To native (Capacitor plugin): callbackId: 2183479, pluginId: NativeBiometric, methodName: isAvailable
2026-02-27 10:28:16.670 27267-27267 Capacitor               com.subastandolo.app                 V  callback: 2183479, pluginId: NativeBiometric, methodName: isAvailable, methodData: {}
2026-02-27 10:28:16.674 27267-27267 ImeTracker              com.subastandolo.app                 I  com.subastandolo.app:68ea9151: onRequestShow at ORIGIN_CLIENT reason SHOW_SOFT_INPUT fromUser false
2026-02-27 10:28:16.675 27267-27267 ImeTracker              com.subastandolo.app                 I  com.subastandolo.app:68ea9151: onFailed at PHASE_CLIENT_VIEW_SERVED
2026-02-27 10:28:16.676 27267-27267 InputMethodManager      com.subastandolo.app                 W  Ignoring showSoftInput() as view=com.getcapacitor.CapacitorWebView{832cac5 VFEDHVC.. .F...... 0,0-720,1600 #7f090202 app:id/webview aid=1073741824} is not served.
2026-02-27 10:28:16.682 27267-27351 Capacitor               com.subastandolo.app                 D  Handling local request: https://localhost/icons/icon-192.png
2026-02-27 10:28:16.689 27267-27352 Capacitor               com.subastandolo.app                 D  Handling local request: https://localhost/favicon.png
2026-02-27 10:28:16.691 27267-27353 Capacitor               com.subastandolo.app                 D  Handling local request: https://localhost/favicon.png
2026-02-27 10:28:16.753 27267-27267 Capacitor/Console       com.subastandolo.app                 I  File:  - Line 333 - Msg: {"biometryType":3,"deviceIsSecure":true,"strongBiometryIsAvailable":true,"isAvailable":true,"authenticationStrength":1}
2026-02-27 10:28:16.755 27267-27351 Capacitor               com.subastandolo.app                 D  Handling local request: https://localhost/icons/icon-192.png
2026-02-27 10:28:16.769 27267-27351 Capacitor               com.subastandolo.app                 D  Handling local request: https://localhost/favicon.png
2026-02-27 10:28:16.782 27267-27351 Capacitor               com.subastandolo.app                 D  Handling local request: https://localhost/favicon.png
2026-02-27 10:28:16.796 27267-27267 Capacitor/Console       com.subastandolo.app                 I  File:  - Line 349 - Msg: [object Object]
2026-02-27 10:28:16.798 27267-27267 Capacitor/Plugin        com.subastandolo.app                 V  To native (Capacitor plugin): callbackId: 2183480, pluginId: NativeBiometric, methodName: isAvailable
2026-02-27 10:28:16.799 27267-27267 Capacitor               com.subastandolo.app                 V  callback: 2183480, pluginId: NativeBiometric, methodName: isAvailable, methodData: {}
2026-02-27 10:28:16.814 27267-27267 ImeTracker              com.subastandolo.app                 I  com.subastandolo.app:efc151f6: onRequestShow at ORIGIN_CLIENT reason SHOW_SOFT_INPUT fromUser false
2026-02-27 10:28:16.815 27267-27267 ImeTracker              com.subastandolo.app                 I  com.subastandolo.app:efc151f6: onFailed at PHASE_CLIENT_VIEW_SERVED
2026-02-27 10:28:16.815 27267-27267 InputMethodManager      com.subastandolo.app                 W  Ignoring showSoftInput() as view=com.getcapacitor.CapacitorWebView{832cac5 VFEDHVC.. .F...... 0,0-720,1600 #7f090202 app:id/webview aid=1073741824} is not served.
2026-02-27 10:28:16.821 27267-27351 Capacitor               com.subastandolo.app                 D  Handling local request: https://localhost/icons/icon-192.png
2026-02-27 10:28:16.838 27267-27351 Capacitor               com.subastandolo.app                 D  Handling local request: https://localhost/favicon.png
2026-02-27 10:28:16.854 27267-27351 Capacitor               com.subastandolo.app                 D  Handling local request: https://localhost/favicon.png
2026-02-27 10:28:16.868 27267-27267 Capacitor/Console       com.subastandolo.app                 I  File:  - Line 333 - Msg: {"biometryType":3,"deviceIsSecure":true,"strongBiometryIsAvailable":true,"isAvailable":true,"authenticationStrength":1}
2026-02-27 10:28:16.883 27267-27351 Capacitor               com.subastandolo.app                 D  Handling local request: https://localhost/icons/icon-192.png
2026-02-27 10:28:16.901 27267-27351 Capacitor               com.subastandolo.app                 D  Handling local request: https://localhost/favicon.png
2026-02-27 10:28:16.914 27267-27351 Capacitor               com.subastandolo.app                 D  Handling local request: https://localhost/favicon.png
2026-02-27 10:28:16.928 27267-27267 Capacitor/Console       com.subastandolo.app                 I  File:  - Line 349 - Msg: [object Object]
2026-02-27 10:28:16.932 27267-27267 Capacitor/Plugin        com.subastandolo.app                 V  To native (Capacitor plugin): callbackId: 2183481, pluginId: NativeBiometric, methodName: isAvailable
2026-02-27 10:28:16.932 27267-27267 Capacitor               com.subastandolo.app                 V  callback: 2183481, pluginId: NativeBiometric, methodName: isAvailable, methodData: {}
2026-02-27 10:28:16.948 27267-27267 ImeTracker              com.subastandolo.app                 I  com.subastandolo.app:7b741e38: onRequestShow at ORIGIN_CLIENT reason SHOW_SOFT_INPUT fromUser false
2026-02-27 10:28:16.948 27267-27267 ImeTracker              com.subastandolo.app                 I  com.subastandolo.app:7b741e38: onFailed at PHASE_CLIENT_VIEW_SERVED
2026-02-27 10:28:16.948 27267-27267 InputMethodManager      com.subastandolo.app                 W  Ignoring showSoftInput() as view=com.getcapacitor.CapacitorWebView{832cac5 VFEDHVC.. .F...... 0,0-720,1600 #7f090202 app:id/webview aid=1073741824} is not served.
2026-02-27 10:28:16.957 27267-27351 Capacitor               com.subastandolo.app                 D  Handling local request: https://localhost/icons/icon-192.png
2026-02-27 10:28:16.977 27267-27351 Capacitor               com.subastandolo.app                 D  Handling local request: https://localhost/favicon.png
2026-02-27 10:28:16.993 27267-27351 Capacitor               com.subastandolo.app                 D  Handling local request: https://localhost/favicon.png
2026-02-27 10:28:17.012 27267-27267 Capacitor/Console       com.subastandolo.app                 I  File:  - Line 333 - Msg: {"biometryType":3,"deviceIsSecure":true,"strongBiometryIsAvailable":true,"isAvailable":true,"authenticationStrength":1}
2026-02-27 10:28:17.028 27267-27351 Capacitor               com.subastandolo.app                 D  Handling local request: https://localhost/icons/icon-192.png
2026-02-27 10:28:17.041 27267-27351 Capacitor               com.subastandolo.app                 D  Handling local request: https://localhost/favicon.png
2026-02-27 10:28:17.057 27267-27351 Capacitor               com.subastandolo.app                 D  Handling local request: https://localhost/favicon.png
2026-02-27 10:28:17.069 27267-27267 Capacitor/Console       com.subastandolo.app                 I  File:  - Line 349 - Msg: [object Object]
2026-02-27 10:28:17.072 27267-27267 Capacitor/Plugin        com.subastandolo.app                 V  To native (Capacitor plugin): callbackId: 2183482, pluginId: NativeBiometric, methodName: isAvailable
2026-02-27 10:28:17.072 27267-27267 Capacitor               com.subastandolo.app                 V  callback: 2183482, pluginId: NativeBiometric, methodName: isAvailable, methodData: {}
2026-02-27 10:28:17.101 27267-27267 ImeTracker              com.subastandolo.app                 I  com.subastandolo.app:3fc2466e: onRequestShow at ORIGIN_CLIENT reason SHOW_SOFT_INPUT fromUser false
2026-02-27 10:28:17.102 27267-27267 ImeTracker              com.subastandolo.app                 I  com.subastandolo.app:3fc2466e: onFailed at PHASE_CLIENT_VIEW_SERVED
2026-02-27 10:28:17.102 27267-27267 InputMethodManager      com.subastandolo.app                 W  Ignoring showSoftInput() as view=com.getcapacitor.CapacitorWebView{832cac5 VFEDHVC.. .F...... 0,0-720,1600 #7f090202 app:id/webview aid=1073741824} is not served.
2026-02-27 10:28:17.119 27267-27351 Capacitor               com.subastandolo.app                 D  Handling local request: https://localhost/icons/icon-192.png
2026-02-27 10:28:17.135 27267-27351 Capacitor               com.subastandolo.app                 D  Handling local request: https://localhost/favicon.png
2026-02-27 10:28:17.150 27267-27351 Capacitor               com.subastandolo.app                 D  Handling local request: https://localhost/favicon.png
2026-02-27 10:28:17.163 27267-27267 Capacitor/Console       com.subastandolo.app                 I  File:  - Line 333 - Msg: {"biometryType":3,"deviceIsSecure":true,"strongBiometryIsAvailable":true,"isAvailable":true,"authenticationStrength":1}
2026-02-27 10:28:17.184 27267-27351 Capacitor               com.subastandolo.app                 D  Handling local request: https://localhost/icons/icon-192.png
2026-02-27 10:28:17.202 27267-27351 Capacitor               com.subastandolo.app                 D  Handling local request: https://localhost/favicon.png
2026-02-27 10:28:17.216 27267-27351 Capacitor               com.subastandolo.app                 D  Handling local request: https://localhost/favicon.png
2026-02-27 10:28:17.229 27267-27267 Capacitor/Console       com.subastandolo.app                 I  File:  - Line 349 - Msg: [object Object]
2026-02-27 10:28:17.233 27267-27267 Capacitor/Plugin        com.subastandolo.app                 V  To native (Capacitor plugin): callbackId: 2183483, pluginId: NativeBiometric, methodName: isAvailable
2026-02-27 10:28:17.233 27267-27267 Capacitor               com.subastandolo.app                 V  callback: 2183483, pluginId: NativeBiometric, methodName: isAvailable, methodData: {}
2026-02-27 10:28:17.255 27267-27267 ImeTracker              com.subastandolo.app                 I  com.subastandolo.app:59d3f0fd: onRequestShow at ORIGIN_CLIENT reason SHOW_SOFT_INPUT fromUser false
2026-02-27 10:28:17.255 27267-27267 ImeTracker              com.subastandolo.app                 I  com.subastandolo.app:59d3f0fd: onFailed at PHASE_CLIENT_VIEW_SERVED
2026-02-27 10:28:17.255 27267-27267 InputMethodManager      com.subastandolo.app                 W  Ignoring showSoftInput() as view=com.getcapacitor.CapacitorWebView{832cac5 VFEDHVC.. .F...... 0,0-720,1600 #7f090202 app:id/webview aid=1073741824} is not served.
2026-02-27 10:28:17.267 27267-27351 Capacitor               com.subastandolo.app                 D  Handling local request: https://localhost/icons/icon-192.png
2026-02-27 10:28:17.284 27267-27351 Capacitor               com.subastandolo.app                 D  Handling local request: https://localhost/favicon.png
2026-02-27 10:28:17.298 27267-27351 Capacitor               com.subastandolo.app                 D  Handling local request: https://localhost/favicon.png
2026-02-27 10:28:17.312 27267-27267 Capacitor/Console       com.subastandolo.app                 I  File:  - Line 333 - Msg: {"biometryType":3,"deviceIsSecure":true,"strongBiometryIsAvailable":true,"isAvailable":true,"authenticationStrength":1}
2026-02-27 10:28:17.330 27267-27351 Capacitor               com.subastandolo.app                 D  Handling local request: https://localhost/icons/icon-192.png
2026-02-27 10:28:17.346 27267-27351 Capacitor               com.subastandolo.app                 D  Handling local request: https://localhost/favicon.png
2026-02-27 10:28:17.361 27267-27351 Capacitor               com.subastandolo.app                 D  Handling local request: https://localhost/favicon.png
2026-02-27 10:28:17.375 27267-27267 Capacitor/Console       com.subastandolo.app                 I  File:  - Line 349 - Msg: [object Object]
2026-02-27 10:28:17.377 27267-27267 Capacitor/Plugin        com.subastandolo.app                 V  To native (Capacitor plugin): callbackId: 2183484, pluginId: NativeBiometric, methodName: isAvailable
2026-02-27 10:28:17.378 27267-27267 Capacitor               com.subastandolo.app                 V  callback: 2183484, pluginId: NativeBiometric, methodName: isAvailable, methodData: {}
2026-02-27 10:28:17.396 27267-27267 ImeTracker              com.subastandolo.app                 I  com.subastandolo.app:458e223f: onRequestShow at ORIGIN_CLIENT reason SHOW_SOFT_INPUT fromUser false
2026-02-27 10:28:17.396 27267-27267 ImeTracker              com.subastandolo.app                 I  com.subastandolo.app:458e223f: onFailed at PHASE_CLIENT_VIEW_SERVED
2026-02-27 10:28:17.396 27267-27267 InputMethodManager      com.subastandolo.app                 W  Ignoring showSoftInput() as view=com.getcapacitor.CapacitorWebView{832cac5 VFEDHVC.. .F...... 0,0-720,1600 #7f090202 app:id/webview aid=1073741824} is not served.
2026-02-27 10:28:17.404 27267-27351 Capacitor               com.subastandolo.app                 D  Handling local request: https://localhost/icons/icon-192.png
2026-02-27 10:28:17.421 27267-27351 Capacitor               com.subastandolo.app                 D  Handling local request: https://localhost/favicon.png
2026-02-27 10:28:17.435 27267-27351 Capacitor               com.subastandolo.app                 D  Handling local request: https://localhost/favicon.png
2026-02-27 10:28:17.449 27267-27267 Capacitor/Console       com.subastandolo.app                 I  File:  - Line 333 - Msg: {"biometryType":3,"deviceIsSecure":true,"strongBiometryIsAvailable":true,"isAvailable":true,"authenticationStrength":1}
---------------------------- PROCESS ENDED (27267) for package com.subastandolo.app ----------------------------