2026-02-27 10:27:46.388  1624-3392  BackupManagerService    system_server                        E  Unable to finalize restore of com.subastandolo.app
2026-02-27 10:27:46.564  2319-2397  Launcher.AllAppsList    com.miui.home                        E  Can't load postion for packageName: com.subastandolo.app activityName: com.subastandolo.app.MainActivity
2026-02-27 10:27:46.700  1624-1985  AppScanObserverService  system_server                        E  Try to add a invalid package: com.subastandolo.app | 10518 | 0
2026-02-27 10:27:46.996  2319-2374  InstallApkReceiver      com.miui.home                        E  install:package:com.subastandolo.app
2026-02-27 10:27:47.820  2319-10935 ActivityManagerWrapper  com.miui.home                        E  getRecentTasksForceIncludingTaskIdIfValid: getRecentTasks: size=2
                                                                                                     mainTaskId=895   userId=0   windowMode=1   baseIntent=Intent { act=android.intent.action.MAIN flag=268435456 cmp=ComponentInfo{com.subastandolo.app/com.subastandolo.app.MainActivity} }
                                                                                                     mainTaskId=894   userId=0   windowMode=1   baseIntent=Intent { act=android.intent.action.VIEW flag=411041792 cmp=ComponentInfo{com.miui.securitycenter/com.miui.permcenter.install.AdbInstallActivity} }
2026-02-27 10:27:47.829 27267-27267 Zygote                  pid-27267                            E  process_name_ptr:27267 com.subastandolo.app
2026-02-27 10:27:47.829 27267-27267 Zygote                  pid-27267                            E  SetMemoryProtected process_name_ptr:27267 com.subastandolo.app
2026-02-27 10:27:47.914  2319-10935 ActivityManagerWrapper  com.miui.home                        E  getRecentTasksForceIncludingTaskIdIfValid: getRecentTasks: size=2
                                                                                                     mainTaskId=895   userId=0   windowMode=1   baseIntent=Intent { act=android.intent.action.MAIN flag=268435456 cmp=ComponentInfo{com.subastandolo.app/com.subastandolo.app.MainActivity} }
                                                                                                     mainTaskId=894   userId=0   windowMode=1   baseIntent=Intent { act=android.intent.action.VIEW flag=411041792 cmp=ComponentInfo{com.miui.securitycenter/com.miui.permcenter.install.AdbInstallActivity} }
---------------------------- PROCESS STARTED (27267) for package com.subastandolo.app ----------------------------
2026-02-27 10:27:47.993 27267-27267 MiuiMonitorThread       com.subastandolo.app                 D  Shared singleton Thread for stability monitor start
2026-02-27 10:27:48.015 27267-27293 AppScoutStateMachine    com.subastandolo.app                 D  27267-ScoutStateMachinecreated
2026-02-27 10:27:48.028 27267-27267 ActivityThread          com.subastandolo.app                 D  setEmbeddedParam packageName=com.subastandolo.app processName=com.subastandolo.app isEmbedded=false isIsolated=false
2026-02-27 10:27:48.038 27267-27267 ApplicationLoaders      com.subastandolo.app                 D  Returning zygote-cached class loader: /system_ext/framework/androidx.window.extensions.jar
2026-02-27 10:27:48.038 27267-27267 ApplicationLoaders      com.subastandolo.app                 D  Returning zygote-cached class loader: /system_ext/framework/androidx.window.sidecar.jar
2026-02-27 10:27:48.496 27267-27267 nativeloader            com.subastandolo.app                 D  Configuring clns-7 for other apk /data/app/~~qZnLwcllX3SvlbI8GM7SbA==/com.subastandolo.app-sLxGCIcH6Vp_tYyAJL3PQQ==/base.apk. target_sdk_version=36, uses_libraries=, library_path=/data/app/~~qZnLwcllX3SvlbI8GM7SbA==/com.subastandolo.app-sLxGCIcH6Vp_tYyAJL3PQQ==/lib/arm64:/data/app/~~qZnLwcllX3SvlbI8GM7SbA==/com.subastandolo.app-sLxGCIcH6Vp_tYyAJL3PQQ==/base.apk!/lib/arm64-v8a, permitted_path=/data:/mnt/expand:/data/user/0/com.subastandolo.app
2026-02-27 10:27:48.514  2319-10935 ActivityManagerWrapper  com.miui.home                        E  getRecentTasksForceIncludingTaskIdIfValid: getRecentTasks: size=2
                                                                                                     mainTaskId=895   userId=0   windowMode=1   baseIntent=Intent { act=android.intent.action.MAIN flag=268435456 cmp=ComponentInfo{com.subastandolo.app/com.subastandolo.app.MainActivity} }
                                                                                                     mainTaskId=894   userId=0   windowMode=1   baseIntent=Intent { act=android.intent.action.VIEW flag=411041792 cmp=ComponentInfo{com.miui.securitycenter/com.miui.permcenter.install.AdbInstallActivity} }
2026-02-27 10:27:48.518 27267-27267 GraphicsEnvironment     com.subastandolo.app                 V  Currently set values for:
2026-02-27 10:27:48.518 27267-27267 GraphicsEnvironment     com.subastandolo.app                 V    angle_gl_driver_selection_pkgs=[]
2026-02-27 10:27:48.518 27267-27267 GraphicsEnvironment     com.subastandolo.app                 V    angle_gl_driver_selection_values=[]
2026-02-27 10:27:48.518 27267-27267 GraphicsEnvironment     com.subastandolo.app                 V  Global.Settings values are invalid: number of packages: 0, number of values: 0
2026-02-27 10:27:48.518 27267-27267 GraphicsEnvironment     com.subastandolo.app                 V  Neither updatable production driver nor prerelease driver is supported.
2026-02-27 10:27:48.522 27267-27294 ActivityThread          com.subastandolo.app                 I  TrafficStats init done
2026-02-27 10:27:48.525 27267-27294 ForceDarkHelperStubImpl com.subastandolo.app                 I  initialize for com.subastandolo.app , ForceDarkOrigin
2026-02-27 10:27:48.528 27267-27294 nativeloader            com.subastandolo.app                 D  Load libforcedarkimpl.so using system ns (caller=/system_ext/framework/miui-framework.jar): ok
2026-02-27 10:27:48.529 27267-27294 HWUI                    com.subastandolo.app                 D  JNI_OnLoad success
2026-02-27 10:27:48.529 27267-27294 MiuiForceDarkConfig     com.subastandolo.app                 I  setConfig density:2.000000, mainRule:0, secondaryRule:0, tertiaryRule:0
2026-02-27 10:27:48.536 27267-27294 ActivityThread          com.subastandolo.app                 I  Miui Feature Init done
2026-02-27 10:27:48.578 27267-27267 FirebaseApp             com.subastandolo.app                 I  Device unlocked: initializing all Firebase APIs for app [DEFAULT]
2026-02-27 10:27:48.601 27267-27267 FirebaseInitProvider    com.subastandolo.app                 I  FirebaseApp initialization successful
2026-02-27 10:27:48.659 27267-27267 libc                    com.subastandolo.app                 W  Access denied finding property "ro.vendor.perf.scroll_opt"
2026-02-27 10:27:48.668 27267-27267 nativeloader            com.subastandolo.app                 D  Load libpowerhalwrap_jni.so using system ns (caller=/system_ext/framework/mediatek-framework.jar): ok
2026-02-27 10:27:48.668 27267-27267 PowerHalWrapper         com.subastandolo.app                 I  PowerHalWrapper.getInstance 
2026-02-27 10:27:48.669 27267-27267 M-ProMotion             com.subastandolo.app                 I  M-ProMotion is disabled
2026-02-27 10:27:48.675 27267-27267 FramePredict            com.subastandolo.app                 D  FramePredict init: true
2026-02-27 10:27:48.683 27267-27294 ActivityThread          com.subastandolo.app                 I  HardwareRenderer preload  done
2026-02-27 10:27:48.689 27267-27324 vulkan                  com.subastandolo.app                 D  searching for layers in '/data/app/~~qZnLwcllX3SvlbI8GM7SbA==/com.subastandolo.app-sLxGCIcH6Vp_tYyAJL3PQQ==/lib/arm64'
2026-02-27 10:27:48.690 27267-27324 vulkan                  com.subastandolo.app                 D  searching for layers in '/data/app/~~qZnLwcllX3SvlbI8GM7SbA==/com.subastandolo.app-sLxGCIcH6Vp_tYyAJL3PQQ==/base.apk!/lib/arm64-v8a'
2026-02-27 10:27:48.691 27267-27324 vulkan                  com.subastandolo.app                 D  searching for layers in '/data/app/~~qZnLwcllX3SvlbI8GM7SbA==/com.subastandolo.app-sLxGCIcH6Vp_tYyAJL3PQQ==/lib/arm64'
2026-02-27 10:27:48.692 27267-27324 vulkan                  com.subastandolo.app                 D  searching for layers in '/data/app/~~qZnLwcllX3SvlbI8GM7SbA==/com.subastandolo.app-sLxGCIcH6Vp_tYyAJL3PQQ==/base.apk!/lib/arm64-v8a'
2026-02-27 10:27:48.707 27267-27324 MMUD                    com.subastandolo.app                 D  mtk_memory_debug_init com.subastandolo.app 0xb400007442f795d0
2026-02-27 10:27:48.734 27267-27267 AppCompatDelegate       com.subastandolo.app                 D  Checking for metadata for AppLocalesMetadataHolderService : Service not found
2026-02-27 10:27:48.781 27267-27267 libc                    com.subastandolo.app                 W  Access denied finding property "persist.vendor.camera.IsVariableApertureSupported"
2026-02-27 10:27:48.781 27267-27267 libc                    com.subastandolo.app                 W  Access denied finding property "persist.vendor.camera.IsStreetModeSupported"
2026-02-27 10:27:48.821 27267-27328 MMUD                    com.subastandolo.app                 D  get_leak_baseline 3246391296
2026-02-27 10:27:48.829 27267-27267 ubastandolo.app         com.subastandolo.app                 I  hiddenapi: Accessing hidden method Landroid/view/ViewGroup;->makeOptionalFitsSystemWindows()V (runtime_flags=0, domain=platform, api=unsupported) from Landroidx/appcompat/widget/ViewUtils; (domain=app, TargetSdkVersion=36) using reflection: allowed
2026-02-27 10:27:48.852 27267-27267 WebViewFactory          com.subastandolo.app                 I  Loading com.google.android.webview version 145.0.7632.80 (code 763208003)
2026-02-27 10:27:48.862 27267-27267 ApplicationLoaders      com.subastandolo.app                 D  Returning zygote-cached class loader: /system/framework/android.test.base.jar
2026-02-27 10:27:48.862 27267-27267 ApplicationLoaders      com.subastandolo.app                 D  Returning zygote-cached class loader: /system_ext/framework/androidx.window.extensions.jar
2026-02-27 10:27:48.865 27267-27267 ubastandolo.app         com.subastandolo.app                 W  Loading /data/app/~~rRNbK6OCjmok-lRNSt9c-Q==/com.google.android.webview-Gq30OxFqeyZIQrAZCATeLw==/oat/arm64/base.odex non-executable as it requires an image which we failed to load
2026-02-27 10:27:48.869 27267-27267 nativeloader            com.subastandolo.app                 D  Configuring clns-8 for other apk /data/app/~~rRNbK6OCjmok-lRNSt9c-Q==/com.google.android.webview-Gq30OxFqeyZIQrAZCATeLw==/base.apk. target_sdk_version=36, uses_libraries=, library_path=/data/app/~~rRNbK6OCjmok-lRNSt9c-Q==/com.google.android.webview-Gq30OxFqeyZIQrAZCATeLw==/lib/arm64:/data/app/~~rRNbK6OCjmok-lRNSt9c-Q==/com.google.android.webview-Gq30OxFqeyZIQrAZCATeLw==/base.apk!/lib/arm64-v8a, permitted_path=/data:/mnt/expand
2026-02-27 10:27:48.913 27267-27267 cr_WVCFactoryProvider   com.subastandolo.app                 I  version=145.0.7632.80 (763208003) minSdkVersion=29 multiprocess=true packageId=127 splits=<none>
2026-02-27 10:27:48.951 27267-27267 nativeloader            com.subastandolo.app                 D  Load /data/app/~~rRNbK6OCjmok-lRNSt9c-Q==/com.google.android.webview-Gq30OxFqeyZIQrAZCATeLw==/base.apk!/lib/arm64-v8a/libwebviewchromium.so using class loader ns clns-8 (caller=/data/app/~~rRNbK6OCjmok-lRNSt9c-Q==/com.google.android.webview-Gq30OxFqeyZIQrAZCATeLw==/base.apk): ok
2026-02-27 10:27:48.955 27267-27267 nativeloader            com.subastandolo.app                 D  Load /system/lib64/libwebviewchromium_plat_support.so using class loader ns clns-8 (caller=/data/app/~~rRNbK6OCjmok-lRNSt9c-Q==/com.google.android.webview-Gq30OxFqeyZIQrAZCATeLw==/base.apk): ok
2026-02-27 10:27:48.960 27267-27343 chromium                com.subastandolo.app                 I  [0227/102748.960016:INFO:android_webview/browser/variations/variations_seed_loader.cc:67] Failed to open file for reading.: No such file or directory (2)
2026-02-27 10:27:48.960 27267-27343 chromium                com.subastandolo.app                 I  [0227/102748.960897:INFO:android_webview/browser/variations/variations_seed_loader.cc:67] Failed to open file for reading.: No such file or directory (2)
2026-02-27 10:27:48.988 27267-27267 cr_LibraryLoader        com.subastandolo.app                 I  Successfully loaded native library
2026-02-27 10:27:48.990 27267-27267 cr_CachingUmaRecorder   com.subastandolo.app                 I  Flushed 20 samples from 20 histograms, 0 samples were dropped.
2026-02-27 10:27:48.994 27267-27267 cr_ChildProcLH          com.subastandolo.app                 I  ScopedServiceBindingBatch.tryActivate: false
2026-02-27 10:27:48.996 27267-27267 cr_CombinedPProvider    com.subastandolo.app                 I  #registerProvider() provider:WV.qk@111383d isPolicyCacheEnabled:false policyProvidersSize:0
2026-02-27 10:27:48.998 27267-27267 cr_PolicyProvider       com.subastandolo.app                 I  #setManagerAndSource() 0
2026-02-27 10:27:49.003 27267-27267 cr_DisplayManager       com.subastandolo.app                 I  Is Display Topology available: false
2026-02-27 10:27:49.036 27267-27267 cr_CombinedPProvider    com.subastandolo.app                 I  #linkNativeInternal() 1
2026-02-27 10:27:49.038 27267-27267 cr_AppResProvider       com.subastandolo.app                 I  #getApplicationRestrictionsFromUserManager() Bundle[EMPTY_PARCEL]
2026-02-27 10:27:49.038 27267-27267 cr_PolicyProvider       com.subastandolo.app                 I  #notifySettingsAvailable() 0
2026-02-27 10:27:49.038 27267-27267 cr_CombinedPProvider    com.subastandolo.app                 I  #onSettingsAvailable() 0
2026-02-27 10:27:49.038 27267-27267 cr_CombinedPProvider    com.subastandolo.app                 I  #flushPolicies()
2026-02-27 10:27:49.093 27267-27267 chromium                com.subastandolo.app                 W  [WARNING:android_webview/browser/network_service/net_helpers.cc:137] HTTP Cache size is: 20971520
2026-02-27 10:27:49.145 27267-27267 libc                    com.subastandolo.app                 W  Access denied finding property "ro.vendor.df.effect.conflict"
2026-02-27 10:27:49.247 27267-27267 Capacitor               com.subastandolo.app                 D  Starting BridgeActivity
2026-02-27 10:27:49.287 27267-27267 Capacitor               com.subastandolo.app                 D  Registering plugin instance: CapacitorCookies
2026-02-27 10:27:49.293 27267-27267 Capacitor               com.subastandolo.app                 D  Registering plugin instance: WebView
2026-02-27 10:27:49.295 27267-27267 Capacitor               com.subastandolo.app                 D  Registering plugin instance: CapacitorHttp
2026-02-27 10:27:49.298 27267-27267 Capacitor               com.subastandolo.app                 D  Registering plugin instance: SystemBars
2026-02-27 10:27:49.302 27267-27267 Capacitor               com.subastandolo.app                 D  Registering plugin instance: PushNotifications
2026-02-27 10:27:49.306 27267-27267 Capacitor               com.subastandolo.app                 D  Registering plugin instance: NativeBiometric
2026-02-27 10:27:49.357 27267-27267 Capacitor               com.subastandolo.app                 W  Unable to read file at path public/plugins
2026-02-27 10:27:49.365 27267-27267 Capacitor               com.subastandolo.app                 D  Loading app at https://localhost
2026-02-27 10:27:49.398 27267-27390 libc                    com.subastandolo.app                 W  Access denied finding property "vendor.migl.debug"
2026-02-27 10:27:49.398 27267-27390 libMiGL                 com.subastandolo.app                 I  EnableDR: 0
2026-02-27 10:27:49.398 27267-27390 libMEOW                 com.subastandolo.app                 D  meow new tls: 0xb4000073136c40a0
2026-02-27 10:27:49.398 27267-27390 libMEOW                 com.subastandolo.app                 D  meow reload base cfg path: na
2026-02-27 10:27:49.398 27267-27390 libMEOW                 com.subastandolo.app                 D  meow reload overlay cfg path: na
2026-02-27 10:27:49.400 27267-27364 cr_media                com.subastandolo.app                 W  BLUETOOTH_CONNECT permission is missing.
2026-02-27 10:27:49.400 27267-27390 QT                      com.subastandolo.app                 E  [QT]file does not exist
2026-02-27 10:27:49.401 27267-27390 libMEOW                 com.subastandolo.app                 D  applied 1 plugins for [com.subastandolo.app]:
2026-02-27 10:27:49.402 27267-27390 libMEOW                 com.subastandolo.app                 D    plugin 1: [libMEOW_gift.so]:
2026-02-27 10:27:49.404 27267-27364 cr_media                com.subastandolo.app                 W  getBluetoothAdapter() requires BLUETOOTH permission
2026-02-27 10:27:49.404 27267-27364 cr_media                com.subastandolo.app                 W  registerBluetoothIntentsIfNeeded: Requires BLUETOOTH permission
2026-02-27 10:27:49.412 27267-27267 Activity                com.subastandolo.app                 W  PerfMonitor: Slow Operation: Activity com.subastandolo.app/.MainActivity onCreate took 664ms
2026-02-27 10:27:49.414 27267-27352 Capacitor               com.subastandolo.app                 D  Handling local request: https://localhost/
2026-02-27 10:27:49.422 27267-27267 Capacitor               com.subastandolo.app                 D  App started
2026-02-27 10:27:49.425 27267-27390 vulkan                  com.subastandolo.app                 D  searching for layers in '/data/app/~~qZnLwcllX3SvlbI8GM7SbA==/com.subastandolo.app-sLxGCIcH6Vp_tYyAJL3PQQ==/lib/arm64'
2026-02-27 10:27:49.426 27267-27390 vulkan                  com.subastandolo.app                 D  searching for layers in '/data/app/~~qZnLwcllX3SvlbI8GM7SbA==/com.subastandolo.app-sLxGCIcH6Vp_tYyAJL3PQQ==/base.apk!/lib/arm64-v8a'
2026-02-27 10:27:49.430 27267-27390 MMUD                    com.subastandolo.app                 D  mtk_memory_debug_init com.subastandolo.app 0xb40000743d60d5d0
2026-02-27 10:27:49.436 27267-27267 SecurityManager         com.subastandolo.app                 D  checkAccessControl flag0
2026-02-27 10:27:49.465 27267-27267 Capacitor/...eBiometric com.subastandolo.app                 V  Notifying listeners for event biometryChange
2026-02-27 10:27:49.465 27267-27267 Capacitor/...eBiometric com.subastandolo.app                 D  No listeners found for event biometryChange
2026-02-27 10:27:49.465 27267-27267 Capacitor               com.subastandolo.app                 D  App resumed
2026-02-27 10:27:49.473 27267-27318 PowerHalWrapper         com.subastandolo.app                 I  PowerHalWrapper.getInstance 
2026-02-27 10:27:49.478 27267-27267 SurfaceFactory          com.subastandolo.app                 I  [static] sSurfaceFactory = com.mediatek.view.impl.SurfaceFactoryImpl@b42a5de
2026-02-27 10:27:49.487 27267-27390 vulkan                  com.subastandolo.app                 D  searching for layers in '/data/app/~~qZnLwcllX3SvlbI8GM7SbA==/com.subastandolo.app-sLxGCIcH6Vp_tYyAJL3PQQ==/lib/arm64'
2026-02-27 10:27:49.488 27267-27390 vulkan                  com.subastandolo.app                 D  searching for layers in '/data/app/~~qZnLwcllX3SvlbI8GM7SbA==/com.subastandolo.app-sLxGCIcH6Vp_tYyAJL3PQQ==/base.apk!/lib/arm64-v8a'
2026-02-27 10:27:49.492 27267-27267 MiuiCamera...redManager com.subastandolo.app                 D  java.lang.NullPointerException: Attempt to invoke virtual method 'java.lang.String android.provider.MiuiSettings$SettingsCloudData$CloudData.getString(java.lang.String, java.lang.String)' on a null object reference
2026-02-27 10:27:49.495 27267-27267 FramePredict            com.subastandolo.app                 D  init success
2026-02-27 10:27:49.498 27267-27413 FramePredict            com.subastandolo.app                 E  registerContentObserver fail
2026-02-27 10:27:49.500 27267-27390 MMUD                    com.subastandolo.app                 D  mtk_memory_debug_init com.subastandolo.app 0xb400007438d0b5d0
2026-02-27 10:27:49.501 27267-27267 HWUI                    com.subastandolo.app                 W  Unknown dataspace 0
2026-02-27 10:27:49.502 27267-27324 libc                    com.subastandolo.app                 W  Access denied finding property "ro.vendor.display.iris_x7.support"
2026-02-27 10:27:49.525 27267-27267 VRI[MainActivity]       com.subastandolo.app                 D  hardware acceleration = true, forceHwAccelerated = false
2026-02-27 10:27:49.546 27267-27267 InputEventReceiver      com.subastandolo.app                 D  Input log is disabled in InputEventReceiver.
2026-02-27 10:27:49.584 27267-27431 CameraManagerGlobal     com.subastandolo.app                 I  Connecting to camera service
2026-02-27 10:27:49.589 27267-27267 DecorViewImmersiveImpl  com.subastandolo.app                 D  onAttachedToWindow:com.subastandolo.app/com.subastandolo.app.MainActivity
2026-02-27 10:27:49.612 27267-27431 CameraExtStub           com.subastandolo.app                 D  init android.hardware.camera2.impl.CameraExtImplXiaoMi
2026-02-27 10:27:49.623 27267-27431 CameraInjector          com.subastandolo.app                 D  waitForResult: 
2026-02-27 10:27:49.624 27267-27440 CameraInjector          com.subastandolo.app                 D  updateCloudCameraControllerInfoAsync: E
2026-02-27 10:27:49.662 27267-27267 BufferQueueConsumer     com.subastandolo.app                 D  [](id:6a8300000000,api:0,p:-1,c:27267) connect: controlledByApp=false
2026-02-27 10:27:49.665 27267-27267 BLASTBufferQueue        com.subastandolo.app                 D  [VRI[MainActivity]#0](f:0,a:0) constructor()
2026-02-27 10:27:49.665 27267-27267 BLASTBufferQueue        com.subastandolo.app                 D  [VRI[MainActivity]#0](f:0,a:0) update width=720 height=1600 format=-1 mTransformHint=0
2026-02-27 10:27:49.677 27267-27267 VRI[MainActivity]       com.subastandolo.app                 D  vri.reportNextDraw android.view.ViewRootImpl.performTraversals:4962 android.view.ViewRootImpl.doTraversal:3561 android.view.ViewRootImpl$TraversalRunnable.run:11731 android.view.Choreographer$CallbackRecord.run:1784 android.view.Choreographer$CallbackRecord.run:1793 
2026-02-27 10:27:49.678 27267-27267 VRI[MainActivity]       com.subastandolo.app                 D  Setup new sync=wmsSync-VRI[MainActivity]#0
2026-02-27 10:27:49.680 27267-27267 UserSceneDetector       com.subastandolo.app                 D  invoke error.
2026-02-27 10:27:49.690 27267-27324 HWUI                    com.subastandolo.app                 D  makeCurrent grContext:0xb40000724362f9d0 reset mTextureAvailable
2026-02-27 10:27:49.693 27267-27324 ubastandolo.app         com.subastandolo.app                 D  MiuiProcessManagerServiceStub setSchedFifo
2026-02-27 10:27:49.693 27267-27324 MiuiProcessManagerImpl  com.subastandolo.app                 I  setSchedFifo pid:27267, mode:3
2026-02-27 10:27:49.696 27267-27324 MAGT_SYNC_FRAME         com.subastandolo.app                 D  MAGT Sync: MAGT is not supported. Disabling Sync.
2026-02-27 10:27:49.696 27267-27324 ubastandolo.app         com.subastandolo.app                 D  Can't load libmbrainSDK
2026-02-27 10:27:49.699 27267-27324 GrallocExtra            com.subastandolo.app                 I  gralloc_extra_query:is_SW3D 0
2026-02-27 10:27:49.700 27267-27324 libc                    com.subastandolo.app                 W  Access denied finding property "ro.vendor.display.iris_x7.support"
2026-02-27 10:27:49.690  6350-19743 PackageUtil             com.lbe.security.miui                E  getPackageInfoAsUser failed com.subastandolo.app , 999
2026-02-27 10:27:49.728 27267-27440 CameraInjector          com.subastandolo.app                 D  updateCloudCameraControllerInfoAsync: X
2026-02-27 10:27:49.732 27267-27324 libMEOW                 com.subastandolo.app                 D  meow new tls: 0xb400007313794170
2026-02-27 10:27:49.732 27267-27324 libMEOW                 com.subastandolo.app                 D  applied 1 plugins for [com.subastandolo.app]:
2026-02-27 10:27:49.732 27267-27324 libMEOW                 com.subastandolo.app                 D    plugin 1: [libMEOW_gift.so]:
2026-02-27 10:27:49.733 27267-27431 libc                    com.subastandolo.app                 W  Access denied finding property "vendor.camera.aux.packagelist"
2026-02-27 10:27:49.734 27267-27431 libc                    com.subastandolo.app                 W  Access denied finding property "vendor.camera.aux.packagelistext"
2026-02-27 10:27:49.734 27267-27431 CameraExtImplXiaoMi     com.subastandolo.app                 W  ignore the status update of camera: 2
2026-02-27 10:27:49.741 27267-27352 Capacitor               com.subastandolo.app                 D  Handling local request: https://localhost/assets/index-B3JPK2-e.js
2026-02-27 10:27:49.742 27267-27293 CameraInjector          com.subastandolo.app                 D  updateCloudCameraControllerInfoAsync: has aleardy start update task.
2026-02-27 10:27:49.743 27267-27293 CameraInjector          com.subastandolo.app                 D  waitForResult: 
2026-02-27 10:27:49.743 27267-27293 libc                    com.subastandolo.app                 W  Access denied finding property "vendor.camera.aux.packagelist"
2026-02-27 10:27:49.743 27267-27293 libc                    com.subastandolo.app                 W  Access denied finding property "vendor.camera.aux.packagelistext"
2026-02-27 10:27:49.743 27267-27293 CameraManagerGlobal     com.subastandolo.app                 W  ignore the torch status update of camera: 2
2026-02-27 10:27:49.748 27267-27353 Capacitor               com.subastandolo.app                 D  Handling local request: https://localhost/assets/index-BllOlSD2.css
2026-02-27 10:27:49.791 27267-27324 LB                      com.subastandolo.app                 E  fail to open file: No such file or directory
2026-02-27 10:27:49.791 27267-27324 LB                      com.subastandolo.app                 E  fail to open node: No such file or directory
2026-02-27 10:27:49.791 27267-27324 LB                      com.subastandolo.app                 E  fail to open node: No such file or directory
2026-02-27 10:27:49.792 27267-27324 GrallocExtra            com.subastandolo.app                 I  gralloc_extra_query:is_SW3D 0
2026-02-27 10:27:49.792 27267-27324 libc                    com.subastandolo.app                 W  Access denied finding property "ro.vendor.display.iris_x7.support"
2026-02-27 10:27:49.793 27267-27324 BLASTBufferQueue        com.subastandolo.app                 D  [VRI[MainActivity]#0](f:0,a:1) acquireNextBufferLocked size=720x1600 mFrameNumber=1 applyTransaction=true mTimestamp=460611037148530(auto) mPendingTransactions.size=0 graphicBufferId=117110873260036 transform=0
2026-02-27 10:27:49.793 27267-27324 ubastandolo.app         com.subastandolo.app                 D  Can't load libmbrainSDK
2026-02-27 10:27:49.796 27267-27267 VRI[MainActivity]       com.subastandolo.app                 D  vri.reportDrawFinished
2026-02-27 10:27:49.812 27267-27267 ubastandolo.app         com.subastandolo.app                 I  hiddenapi: Accessing hidden field Landroid/content/pm/ApplicationInfo;->primaryCpuAbi:Ljava/lang/String; (runtime_flags=0, domain=platform, api=unsupported) from Lorg/chromium/android_webview/SystemStateUtil; (domain=app, TargetSdkVersion=36) using reflection: allowed
2026-02-27 10:27:49.823 27267-27324 libc                    com.subastandolo.app                 W  Access denied finding property "ro.vendor.display.iris_x7.support"
2026-02-27 10:27:49.837 27267-27310 FirebaseMessaging       com.subastandolo.app                 E  Topic sync or token retrieval failed on hard failure exceptions: java.util.concurrent.ExecutionException: java.io.IOException: SERVICE_NOT_AVAILABLE. Won't retry the operation.
2026-02-27 10:27:49.851 27267-27267 HandWritingStubImpl     com.subastandolo.app                 I  refreshLastKeyboardType: 1
2026-02-27 10:27:49.852 27267-27267 HandWritingStubImpl     com.subastandolo.app                 I  getCurrentKeyboardType: 1
2026-02-27 10:27:49.886 27267-27267 HandWritingStubImpl     com.subastandolo.app                 I  getCurrentKeyboardType: 1
2026-02-27 10:27:49.894  2319-10935 ActivityManagerWrapper  com.miui.home                        E  getRecentTasksForceIncludingTaskIdIfValid: getRecentTasks: size=1
                                                                                                     mainTaskId=895   userId=0   windowMode=1   baseIntent=Intent { act=android.intent.action.MAIN flag=268435456 cmp=ComponentInfo{com.subastandolo.app/com.subastandolo.app.MainActivity} }
2026-02-27 10:27:50.000 27267-27384 VideoCapabilities       com.subastandolo.app                 W  Unrecognized profile/level 32768/256 for video/mp4v-es
2026-02-27 10:27:50.002 27267-27384 VideoCapabilities       com.subastandolo.app                 W  Unrecognized profile/level 32768/256 for video/mp4v-es
2026-02-27 10:27:50.238 27267-27353 ubastandolo.app         com.subastandolo.app                 W  Long monitor contention with owner ThreadPoolForeg (27352) at java.lang.Object libcore.content.type.MimeMap$MemoizingSupplier.get()(MimeMap.java:475) waiters=0 in java.lang.Object libcore.content.type.MimeMap$MemoizingSupplier.get() for 487ms
2026-02-27 10:27:50.711 27267-27267 Capacitor/Console       com.subastandolo.app                 I  File: https://localhost/assets/index-B3JPK2-e.js - Line 165 - Msg: [BOOT] Native runtime detected, skipping SW registration
2026-02-27 10:27:50.725 27267-27353 Capacitor               com.subastandolo.app                 D  Handling local request: https://localhost/icons/icon-192.png
2026-02-27 10:27:50.725 27267-27351 Capacitor               com.subastandolo.app                 D  Handling local request: https://localhost/favicon.png
2026-02-27 10:27:50.725 27267-27367 Capacitor               com.subastandolo.app                 D  Handling local request: https://localhost/favicon.png
2026-02-27 10:27:50.817 27267-27352 Capacitor               com.subastandolo.app                 D  Handling local request: https://localhost/assets/Index-BFY0aD5H.js
2026-02-27 10:27:50.818 27267-27353 Capacitor               com.subastandolo.app                 D  Handling local request: https://localhost/assets/useVerifiedDealers-Byk17dEc.js
2026-02-27 10:27:50.822 27267-27352 Capacitor               com.subastandolo.app                 D  Handling local request: https://localhost/assets/AuctionCard-PynIARzK.js
2026-02-27 10:27:50.822 27267-27351 Capacitor               com.subastandolo.app                 D  Handling local request: https://localhost/assets/badge-AO1yfUPl.js
2026-02-27 10:27:50.823 27267-27351 Capacitor               com.subastandolo.app                 D  Handling local request: https://localhost/assets/Countdown-CuTLR2-w.js
2026-02-27 10:27:50.827 27267-27352 Capacitor               com.subastandolo.app                 D  Handling local request: https://localhost/assets/VerifiedBadge-BLXfqQm5.js
2026-02-27 10:27:50.831 27267-27351 Capacitor               com.subastandolo.app                 D  Handling local request: https://localhost/assets/clock-BK1TiauO.js
2026-02-27 10:27:50.833 27267-27352 Capacitor               com.subastandolo.app                 D  Handling local request: https://localhost/assets/BottomNav-CvvT1kYL.js
2026-02-27 10:27:50.833 27267-27353 Capacitor               com.subastandolo.app                 D  Handling local request: https://localhost/assets/house-BLqS9Oe2.js
2026-02-27 10:27:50.833 27267-27368 Capacitor               com.subastandolo.app                 D  Handling local request: https://localhost/assets/AdminBadge-Dtzh21at.js
2026-02-27 10:27:50.834 27267-27367 Capacitor               com.subastandolo.app                 D  Handling local request: https://localhost/assets/shopping-bag-DrrJeUVF.js
2026-02-27 10:27:50.835 27267-27368 Capacitor               com.subastandolo.app                 D  Handling local request: https://localhost/assets/gavel-EV3Z91NZ.js
2026-02-27 10:27:50.835 27267-27351 Capacitor               com.subastandolo.app                 D  Handling local request: https://localhost/assets/trophy-CjX6gFK3.js
2026-02-27 10:27:50.838 27267-27351 Capacitor               com.subastandolo.app                 D  Handling local request: https://localhost/assets/fuzzySearch-BM6zouMO.js
2026-02-27 10:27:50.840 27267-27351 Capacitor               com.subastandolo.app                 D  Handling local request: https://localhost/assets/logo-BcmzihaH.js
2026-02-27 10:27:50.841 27267-27353 Capacitor               com.subastandolo.app                 D  Handling local request: https://localhost/assets/Navbar-BoipMRyv.js
2026-02-27 10:27:50.841 27267-27351 Capacitor               com.subastandolo.app                 D  Handling local request: https://localhost/assets/search-BfHTG70C.js
2026-02-27 10:27:50.842 27267-27367 Capacitor               com.subastandolo.app                 D  Handling local request: https://localhost/assets/Footer-DS_0ChkZ.js
2026-02-27 10:27:50.843 27267-27368 Capacitor               com.subastandolo.app                 D  Handling local request: https://localhost/assets/SEOHead-CEUl45y9.js
2026-02-27 10:27:50.844 27267-27367 Capacitor               com.subastandolo.app                 D  Handling local request: https://localhost/assets/index-0lPynr8n.js
2026-02-27 10:27:50.845 27267-27353 Capacitor               com.subastandolo.app                 D  Handling local request: https://localhost/assets/chevron-down-DNHeUKYX.js
2026-02-27 10:27:50.845 27267-27352 Capacitor               com.subastandolo.app                 D  Handling local request: https://localhost/assets/user-CqRksqiU.js
2026-02-27 10:27:50.846 27267-27371 Capacitor               com.subastandolo.app                 D  Handling local request: https://localhost/assets/input-DCxYRfDy.js
2026-02-27 10:27:50.847 27267-27351 Capacitor               com.subastandolo.app                 D  Handling local request: https://localhost/assets/accordion-DQiR4Dqm.js
2026-02-27 10:27:50.849 27267-27352 Capacitor               com.subastandolo.app                 D  Handling local request: https://localhost/assets/lock-DobuX7wN.js
2026-02-27 10:27:50.854 27267-27351 Capacitor               com.subastandolo.app                 D  Handling local request: https://localhost/assets/shield-check-BDG7H4ln.js
2026-02-27 10:27:50.854 27267-27368 Capacitor               com.subastandolo.app                 D  Handling local request: https://localhost/assets/credit-card-7ZgPQLec.js
2026-02-27 10:27:50.855 27267-27371 Capacitor               com.subastandolo.app                 D  Handling local request: https://localhost/assets/chevron-left-Dswuy-U9.js
2026-02-27 10:27:50.859 27267-27352 Capacitor               com.subastandolo.app                 D  Handling local request: https://localhost/assets/truck-CHWzRjhs.js
2026-02-27 10:27:50.862 27267-27367 Capacitor               com.subastandolo.app                 D  Handling local request: https://localhost/assets/ban-_agw30aa.js
2026-02-27 10:27:50.864 27267-27351 Capacitor               com.subastandolo.app                 D  Handling local request: https://localhost/assets/chevron-right-DjXhXdrP.js
2026-02-27 10:27:50.864 27267-27353 Capacitor               com.subastandolo.app                 D  Handling local request: https://localhost/assets/trending-up-CdbT1hnE.js
2026-02-27 10:27:50.879 27267-27367 Capacitor               com.subastandolo.app                 D  Handling local request: https://localhost/assets/index-Btxa2Dfw.js
2026-02-27 10:27:50.890 27267-27351 Capacitor               com.subastandolo.app                 D  Handling local request: https://localhost/icons/icon-192.png
2026-02-27 10:27:50.897 27267-27352 Capacitor               com.subastandolo.app                 D  Handling local request: https://localhost/favicon.png
2026-02-27 10:27:50.898 27267-27351 Capacitor               com.subastandolo.app                 D  Handling local request: https://localhost/favicon.png
2026-02-27 10:27:50.899 27267-27353 Capacitor               com.subastandolo.app                 D  Handling local request: https://localhost/icons/icon-192.png
2026-02-27 10:27:50.901 27267-27367 Capacitor               com.subastandolo.app                 D  Handling local request: https://localhost/favicon.png
2026-02-27 10:27:50.901 27267-27351 Capacitor               com.subastandolo.app                 D  Handling local request: https://localhost/favicon.png
2026-02-27 10:27:50.966 27267-27351 Capacitor               com.subastandolo.app                 D  Handling local request: https://localhost/assets/Auth-Crm6S99o.js
2026-02-27 10:27:50.969 27267-27352 Capacitor               com.subastandolo.app                 D  Handling local request: https://localhost/assets/label-CJGuXzio.js
2026-02-27 10:27:50.970 27267-27353 Capacitor               com.subastandolo.app                 D  Handling local request: https://localhost/assets/index-i9ryunwI.js
2026-02-27 10:27:50.970 27267-27351 Capacitor               com.subastandolo.app                 D  Handling local request: https://localhost/assets/card-BS8SEriJ.js
2026-02-27 10:27:50.971 27267-27367 Capacitor               com.subastandolo.app                 D  Handling local request: https://localhost/assets/checkbox-BFJ9lCiB.js
2026-02-27 10:27:50.972 27267-27352 Capacitor               com.subastandolo.app                 D  Handling local request: https://localhost/assets/circle-check-TcdmV88u.js
2026-02-27 10:27:50.973 27267-27351 Capacitor               com.subastandolo.app                 D  Handling local request: https://localhost/assets/mail-BuClpaek.js
2026-02-27 10:27:50.974 27267-27371 Capacitor               com.subastandolo.app                 D  Handling local request: https://localhost/assets/eye-off-CWxzZErU.js
2026-02-27 10:27:50.974 27267-27367 Capacitor               com.subastandolo.app                 D  Handling local request: https://localhost/assets/eye--c3w1i15.js
2026-02-27 10:27:50.977 27267-27351 Capacitor               com.subastandolo.app                 D  Handling local request: https://localhost/assets/shield-alert-pFEKLEfo.js
2026-02-27 10:27:50.978 27267-27368 Capacitor               com.subastandolo.app                 D  Handling local request: https://localhost/assets/logo-dark-BEt6EFjo.js
2026-02-27 10:27:51.003 27267-27351 Capacitor               com.subastandolo.app                 D  Handling local request: https://localhost/assets/logo-dark-WDM2WDJA.png
2026-02-27 10:27:51.023 27267-27351 Capacitor               com.subastandolo.app                 D  Handling local request: https://localhost/assets/index-DULkMF1p.js
2026-02-27 10:27:51.124 27267-27267 Capacitor/Console       com.subastandolo.app                 I  File:  - Line 349 - Msg: [object Object]
2026-02-27 10:27:51.127 27267-27267 Capacitor/Console       com.subastandolo.app                 I  File:  - Line 349 - Msg: [object Object]
2026-02-27 10:27:51.154 27267-27267 Capacitor/Plugin        com.subastandolo.app                 V  To native (Capacitor plugin): callbackId: 2183446, pluginId: PushNotifications, methodName: createChannel
2026-02-27 10:27:51.156 27267-27267 Capacitor               com.subastandolo.app                 V  callback: 2183446, pluginId: PushNotifications, methodName: createChannel, methodData: {"id":"administrador_v5","name":"Admin","description":"Notificaciones de administración","importance":5,"sound":"administrador","vibration":true,"lights":true,"visibility":1}
2026-02-27 10:27:51.159 27267-27267 Capacitor/Plugin        com.subastandolo.app                 V  To native (Capacitor plugin): callbackId: 2183447, pluginId: NativeBiometric, methodName: isAvailable
2026-02-27 10:27:51.159 27267-27267 Capacitor               com.subastandolo.app                 V  callback: 2183447, pluginId: NativeBiometric, methodName: isAvailable, methodData: {}
2026-02-27 10:27:51.183 27267-27267 Capacitor/Console       com.subastandolo.app                 I  File:  - Line 333 - Msg: undefined
2026-02-27 10:27:51.185 27267-27267 Capacitor/Console       com.subastandolo.app                 I  File:  - Line 349 - Msg: [object Object]
2026-02-27 10:27:51.188 27267-27267 Capacitor/Plugin        com.subastandolo.app                 V  To native (Capacitor plugin): callbackId: 2183448, pluginId: PushNotifications, methodName: createChannel
2026-02-27 10:27:51.188 27267-27267 Capacitor               com.subastandolo.app                 V  callback: 2183448, pluginId: PushNotifications, methodName: createChannel, methodData: {"id":"sobrepuja_v5","name":"Sobrepuja","description":"Te superaron en una puja","importance":5,"sound":"sobrepuja","vibration":true,"lights":true,"visibility":1}
2026-02-27 10:27:51.200 27267-27267 Capacitor/Console       com.subastandolo.app                 I  File:  - Line 333 - Msg: {"biometryType":3,"deviceIsSecure":true,"strongBiometryIsAvailable":true,"isAvailable":true,"authenticationStrength":1}
2026-02-27 10:27:51.202 27267-27267 Capacitor/Console       com.subastandolo.app                 I  File:  - Line 333 - Msg: undefined
2026-02-27 10:27:51.203 27267-27267 Capacitor/Console       com.subastandolo.app                 I  File:  - Line 349 - Msg: [object Object]
2026-02-27 10:27:51.274 27267-27267 Capacitor/Plugin        com.subastandolo.app                 V  To native (Capacitor plugin): callbackId: 2183449, pluginId: PushNotifications, methodName: createChannel
2026-02-27 10:27:51.275 27267-27267 Capacitor               com.subastandolo.app                 V  callback: 2183449, pluginId: PushNotifications, methodName: createChannel, methodData: {"id":"pujando_v5","name":"Pujando","description":"Nueva puja en tu subasta","importance":5,"sound":"pujando","vibration":true,"lights":true,"visibility":1}
2026-02-27 10:27:51.283 27267-27267 Capacitor/Console       com.subastandolo.app                 I  File:  - Line 333 - Msg: undefined
2026-02-27 10:27:51.284 27267-27267 Capacitor/Console       com.subastandolo.app                 I  File:  - Line 349 - Msg: [object Object]
2026-02-27 10:27:51.297 27267-27267 Capacitor/Plugin        com.subastandolo.app                 V  To native (Capacitor plugin): callbackId: 2183450, pluginId: PushNotifications, methodName: createChannel
2026-02-27 10:27:51.298 27267-27267 Capacitor               com.subastandolo.app                 V  callback: 2183450, pluginId: PushNotifications, methodName: createChannel, methodData: {"id":"ganador_v5","name":"Ganador","description":"Ganaste una subasta","importance":5,"sound":"notificacion","vibration":true,"lights":true,"visibility":1}
2026-02-27 10:27:51.314 27267-27267 Capacitor/Console       com.subastandolo.app                 I  File:  - Line 333 - Msg: undefined
2026-02-27 10:27:51.315 27267-27267 Capacitor/Console       com.subastandolo.app                 I  File:  - Line 349 - Msg: [object Object]
2026-02-27 10:27:51.328 27267-27267 Capacitor/Plugin        com.subastandolo.app                 V  To native (Capacitor plugin): callbackId: 2183451, pluginId: PushNotifications, methodName: createChannel
2026-02-27 10:27:51.328 27267-27267 Capacitor               com.subastandolo.app                 V  callback: 2183451, pluginId: PushNotifications, methodName: createChannel, methodData: {"id":"campanita_v5","name":"General","description":"Notificaciones generales","importance":5,"sound":"campanita","vibration":true,"lights":true,"visibility":1}
2026-02-27 10:27:51.336 27267-27267 Capacitor/Console       com.subastandolo.app                 I  File:  - Line 333 - Msg: undefined
2026-02-27 10:27:51.337 27267-27267 Capacitor/Console       com.subastandolo.app                 I  File: https://localhost/assets/index-B3JPK2-e.js - Line 161 - Msg: [PUSH] Notification channels v5 created
2026-02-27 10:27:51.344 27267-27267 Capacitor/Console       com.subastandolo.app                 I  File:  - Line 349 - Msg: [object Object]
2026-02-27 10:27:51.345 27267-27267 Capacitor/Console       com.subastandolo.app                 I  File:  - Line 349 - Msg: [object Object]
2026-02-27 10:27:51.346 27267-27267 Capacitor/Console       com.subastandolo.app                 I  File:  - Line 349 - Msg: [object Object]
2026-02-27 10:27:51.347 27267-27267 Capacitor/Console       com.subastandolo.app                 I  File:  - Line 349 - Msg: [object Object]
2026-02-27 10:27:51.347 27267-27267 Capacitor/Console       com.subastandolo.app                 I  File:  - Line 349 - Msg: [object Object]
2026-02-27 10:27:51.361 27267-27267 Capacitor/Plugin        com.subastandolo.app                 V  To native (Capacitor plugin): callbackId: 2183452, pluginId: PushNotifications, methodName: addListener
2026-02-27 10:27:51.361 27267-27267 Capacitor               com.subastandolo.app                 V  callback: 2183452, pluginId: PushNotifications, methodName: addListener, methodData: {"eventName":"registration"}
2026-02-27 10:27:51.363 27267-27267 Capacitor/Plugin        com.subastandolo.app                 V  To native (Capacitor plugin): callbackId: 2183453, pluginId: PushNotifications, methodName: addListener
2026-02-27 10:27:51.363 27267-27267 Capacitor               com.subastandolo.app                 V  callback: 2183453, pluginId: PushNotifications, methodName: addListener, methodData: {"eventName":"registrationError"}
2026-02-27 10:27:51.364 27267-27267 Capacitor/Plugin        com.subastandolo.app                 V  To native (Capacitor plugin): callbackId: 2183454, pluginId: PushNotifications, methodName: addListener
2026-02-27 10:27:51.364 27267-27267 Capacitor               com.subastandolo.app                 V  callback: 2183454, pluginId: PushNotifications, methodName: addListener, methodData: {"eventName":"pushNotificationReceived"}
2026-02-27 10:27:51.366 27267-27267 Capacitor/Plugin        com.subastandolo.app                 V  To native (Capacitor plugin): callbackId: 2183455, pluginId: PushNotifications, methodName: addListener
2026-02-27 10:27:51.366 27267-27267 Capacitor               com.subastandolo.app                 V  callback: 2183455, pluginId: PushNotifications, methodName: addListener, methodData: {"eventName":"pushNotificationActionPerformed"}
2026-02-27 10:27:51.367 27267-27267 Capacitor/Plugin        com.subastandolo.app                 V  To native (Capacitor plugin): callbackId: 2183456, pluginId: PushNotifications, methodName: requestPermissions
2026-02-27 10:27:51.368 27267-27267 Capacitor               com.subastandolo.app                 V  callback: 2183456, pluginId: PushNotifications, methodName: requestPermissions, methodData: {}
2026-02-27 10:27:51.434 27267-27267 Capacitor               com.subastandolo.app                 D  App paused
2026-02-27 10:27:51.565  2319-10935 ActivityManagerWrapper  com.miui.home                        E  getRecentTasksForceIncludingTaskIdIfValid: getRecentTasks: size=1
                                                                                                     mainTaskId=895   userId=0   windowMode=1   baseIntent=Intent { act=android.intent.action.MAIN flag=268435456 cmp=ComponentInfo{com.subastandolo.app/com.subastandolo.app.MainActivity} }
2026-02-27 10:27:51.887 27267-27267 UserSceneDetector       com.subastandolo.app                 D  invoke error.
