2026-02-27 10:27:51.900 27267-27267 MiuiMultiWindowUtils    com.subastandolo.app                 D  freeform resolution args raw data:{  "wide_default":{    "freeform_args": {        "vertical_portrait":{"aspect_ratio":0.626, "original_ratio":0.5643,"original_scale":0.74,"top_margin":0.168,"left_margin":0.484},        "horizontal_portrait":{"aspect_ratio":0.626, "original_ratio":0.5643,"original_scale":0.74,"top_margin":0.1222,"left_margin":0.59745},        "vertical_landscape":{"aspect_ratio":1.6, "original_ratio":1,"original_scale":0.604,"top_margin":0.2596,"left_margin":0.2624},        "horizontal_landscape":{"aspect_ratio":1.6, "original_ratio":1,"original_scale":0.604,"top_margin":0.213,"left_margin":0.3758}    },    "mini_freeform_args":{        "vertical_portrait":{"original_ratio":0.147},        "horizontal_portrait":{"original_ratio":0.147},        "vertical_landscape":{"original_ratio":0.165},        "horizontal_landscape":{"original_ratio":0.165}    }  },  "narrow_default": {    "freeform_args": {        "vertical_portrait":{"aspect_ratio":0.626, "original_ratio":1,"original_scale":0.74,"top_margin":0.0753,"left_margin":-1},        "horizontal_portrait":{"aspect_ratio":0.626, "original_ratio":1,"original_scale":0.5756,"top_margin":-1,"left_margin":0.0753},        "vertical_landscape":{"aspect_ratio":1.6, "original_ratio":0.6847,"original_scale":0.587,"top_margin":0.0753,"left_margin":-1},        "horizontal_landscape":{"aspect_ratio":1.6, "original_ratio":0.6847,"original_scale":0.587,"top_margin":-1,"left_margin":0.0753}    },    "mini_freeform_args":{        "vertical_portrait":{"original_ratio":0.26},        "horizontal_portrait":{"original_ratio":0.26},        "vertical_landscape":{"original_ratio":0.293},        "horizontal_landscape":{"original_ratio":0.293}    }  },  "regular_default": {    "freeform_args": {      "vertical_portrait":{"aspect_ratio":0.625, "original_ratio":1,"original_scale":0.7,"top_margin":0.109,"left_margin":-1},      "horizontal_portrait":{"aspect_ratio":0.6667, "original_ratio":1,"original_scale":0.6102,"top_margin":-1,"left_margin":0.026},      "vertical_landscape":{"aspect_ratio":1.6, "original_ratio":1,"original_scale":0.4244,"top_margin":0.109,"left_margin":-1},      "horizontal_landscape":{"aspect_ratio":1.6, "original_ratio":1,"original_scale":0.4244,"top_margin":-1,"left_margin":0.026}    },    "mini_freeform_args":{      "vertical_portrait":{"original_ratio":0.25},      "horizontal_portrait":{"original_ratio":0.25},      "vertical_landscape":{"original_ratio":0.25},      "horizontal_landscape":{"original_ratio":0.25}    }  },  "pad_default": {    "freeform_args": {      "vertical_portrait":{"aspect_ratio":0.5625, "original_ratio":0.375,"original_scale":0.835,"top_margin":0.049,"left_margin":0.2775},      "horizontal_portrait":{"aspect_ratio":0.5625, "original_ratio":0.375,"original_scale":0.835,"top_margin":-1,"left_margin":0.6525},      "vertical_landscape":{"aspect_ratio":-1, "original_ratio":1,"original_scale":0.468,"top_margin":0.049,"left_margin":-1},      "horizontal_landscape":{"aspect_ratio":-1, "original_ratio":1,"original_scale":0.468,"top_margin":-1,"left_margin":0.4976}    },    "mini_freeform_args":{      "vertical_portrait":{"original_ratio":0.144},      "horizontal_portrait":{"original_ratio":0.144},      "vertical_landscape":{"original_ratio":0.2},      "horizontal_landscape":{"original_ratio":0.2}    }  }}
2026-02-27 10:27:51.904 27267-27267 MiuiMultiWindowUtils    com.subastandolo.app                 D  initFreeFormResolutionArgs failed, device is gale
2026-02-27 10:27:51.904 27267-27267 IS_CTS_MODE             com.subastandolo.app                 D  false
2026-02-27 10:27:51.905 27267-27267 MULTI_WIND...CH_ENABLED com.subastandolo.app                 D  false
2026-02-27 10:27:52.553 27267-27267 UserSceneDetector       com.subastandolo.app                 D  invoke error.
2026-02-27 10:27:52.693 27267-27278 ubastandolo.app         com.subastandolo.app                 I  Compiler allocated 6713KB to compile void android.view.ViewRootImpl.performTraversals()
2026-02-27 10:27:53.024 27267-27267 Capacitor               com.subastandolo.app                 D  Unable to find a Capacitor plugin to handle permission requestCode, trying Cordova plugins 1879427411
2026-02-27 10:27:53.051 27267-27267 SecurityManager         com.subastandolo.app                 D  checkAccessControl flag0
2026-02-27 10:27:53.062 27267-27267 Capacitor/...eBiometric com.subastandolo.app                 V  Notifying listeners for event biometryChange
2026-02-27 10:27:53.062 27267-27267 Capacitor/...eBiometric com.subastandolo.app                 D  No listeners found for event biometryChange
2026-02-27 10:27:53.064 27267-27267 Capacitor               com.subastandolo.app                 D  App resumed
2026-02-27 10:27:53.070 27267-27267 Capacitor/Console       com.subastandolo.app                 I  File:  - Line 333 - Msg: {"receive":"granted"}
2026-02-27 10:27:53.071 27267-27267 Capacitor/Console       com.subastandolo.app                 I  File:  - Line 349 - Msg: [object Object]
2026-02-27 10:27:53.086 27267-27267 Capacitor/Plugin        com.subastandolo.app                 V  To native (Capacitor plugin): callbackId: 2183457, pluginId: PushNotifications, methodName: register
2026-02-27 10:27:53.086 27267-27267 Capacitor               com.subastandolo.app                 V  callback: 2183457, pluginId: PushNotifications, methodName: register, methodData: {}
2026-02-27 10:27:53.090 27267-27267 HandWritingStubImpl     com.subastandolo.app                 I  refreshLastKeyboardType: 1
2026-02-27 10:27:53.091 27267-27267 HandWritingStubImpl     com.subastandolo.app                 I  getCurrentKeyboardType: 1
2026-02-27 10:27:53.104 27267-27267 Capacitor/Console       com.subastandolo.app                 I  File:  - Line 333 - Msg: undefined
2026-02-27 10:27:53.105 27267-27267 Capacitor/Console       com.subastandolo.app                 I  File: https://localhost/assets/index-B3JPK2-e.js - Line 161 - Msg: [PUSH] register() called
2026-02-27 10:27:53.149  2319-10935 ActivityManagerWrapper  com.miui.home                        E  getRecentTasksForceIncludingTaskIdIfValid: getRecentTasks: size=1
                                                                                                     mainTaskId=895   userId=0   windowMode=1   baseIntent=Intent { act=android.intent.action.MAIN flag=268435456 cmp=ComponentInfo{com.subastandolo.app/com.subastandolo.app.MainActivity} }
2026-02-27 10:27:53.174 27267-27310 FirebaseMessaging       com.subastandolo.app                 E  Topic sync or token retrieval failed on hard failure exceptions: java.util.concurrent.ExecutionException: java.io.IOException: SERVICE_NOT_AVAILABLE. Won't retry the operation.
2026-02-27 10:27:53.174 27267-27267 Capacitor/...ionsPlugin com.subastandolo.app                 V  Notifying listeners for event registrationError
2026-02-27 10:27:53.177 27267-27267 Capacitor/Console       com.subastandolo.app                 I  File:  - Line 333 - Msg: {"error":"java.util.concurrent.ExecutionException: java.io.IOException: SERVICE_NOT_AVAILABLE"}
2026-02-27 10:27:53.179 27267-27267 Capacitor/Console       com.subastandolo.app                 E  File: https://localhost/assets/index-B3JPK2-e.js - Line 161 - Msg: [PUSH] FCM registration error: [object Object]
2026-02-27 10:27:54.175 27267-27499 ProfileInstaller        com.subastandolo.app                 D  Installing profile for com.subastandolo.app
2026-02-27 10:27:54.626 27267-27267 MIUIInput               com.subastandolo.app                 I  [MotionEvent] ViewRootImpl windowName 'com.subastandolo.app/com.subastandolo.app.MainActivity', { action=ACTION_DOWN, id[0]=0, pointerCount=1, eventTime=460615864, downTime=460615864, phoneEventTime=10:27:54.619 } moveCount:0
2026-02-27 10:27:54.636 27267-27267 MirrorManager           com.subastandolo.app                 W  this model don't Support
2026-02-27 10:27:54.737 27267-27267 MIUIInput               com.subastandolo.app                 I  [MotionEvent] ViewRootImpl windowName 'com.subastandolo.app/com.subastandolo.app.MainActivity', { action=ACTION_UP, id[0]=0, pointerCount=1, eventTime=460615981, downTime=460615864, phoneEventTime=10:27:54.736 } moveCount:0
2026-02-27 10:27:54.754 27267-27267 HandWritingStubImpl     com.subastandolo.app                 I  getCurrentKeyboardType: 1
2026-02-27 10:27:54.758 27267-27267 ImeTracker              com.subastandolo.app                 I  com.subastandolo.app:970ec691: onRequestShow at ORIGIN_CLIENT reason SHOW_SOFT_INPUT fromUser false
2026-02-27 10:27:54.760 27267-27267 InputMethodManager      com.subastandolo.app                 D  showSoftInput() view=com.getcapacitor.CapacitorWebView{832cac5 VFEDHVC.. .F...... 0,0-720,1600 #7f090202 app:id/webview aid=1073741824} flags=0 reason=SHOW_SOFT_INPUT
2026-02-27 10:27:54.767 27267-27267 AssistStructure         com.subastandolo.app                 I  Flattened final assist data: 3032 bytes, containing 1 windows, 6 views
2026-02-27 10:27:54.927 27267-27267 InsetsController        com.subastandolo.app                 D  show(ime(), fromIme=true)
2026-02-27 10:27:54.935 27267-27523 ViewRootImplStubImpl    com.subastandolo.app                 D  requestedTypes: 8
2026-02-27 10:27:54.958 27267-27523 ViewRootImplStubImpl    com.subastandolo.app                 D  onAnimationStart
2026-02-27 10:27:54.966 27267-27523 InteractionJankMonitor  com.subastandolo.app                 W  Initializing without READ_DEVICE_CONFIG permission. enabled=false, interval=1, missedFrameThreshold=3, frameTimeThreshold=64, package=com.subastandolo.app
2026-02-27 10:27:54.972 27267-27523 ViewRootImplStubImpl    com.subastandolo.app                 D  onAnimationUpdate, value: 0.0
2026-02-27 10:27:54.989 27267-27324 ubastandolo.app         com.subastandolo.app                 E  DynamicFPS DF open fail: No such file or directory
2026-02-27 10:27:54.989 27267-27324 ubastandolo.app         com.subastandolo.app                 E  FrameInsert open fail: No such file or directory
2026-02-27 10:27:54.992 27267-27523 ViewRootImplStubImpl    com.subastandolo.app                 D  onAnimationUpdate, value: 0.047377683
2026-02-27 10:27:55.009 27267-27523 ViewRootImplStubImpl    com.subastandolo.app                 D  onAnimationUpdate, value: 0.15955706
2026-02-27 10:27:55.022 27267-27523 ViewRootImplStubImpl    com.subastandolo.app                 D  onAnimationUpdate, value: 0.2910783
2026-02-27 10:27:55.039 27267-27523 ViewRootImplStubImpl    com.subastandolo.app                 D  onAnimationUpdate, value: 0.41908288
2026-02-27 10:27:55.057 27267-27523 ViewRootImplStubImpl    com.subastandolo.app                 D  onAnimationUpdate, value: 0.5333317
2026-02-27 10:27:55.072 27267-27523 ViewRootImplStubImpl    com.subastandolo.app                 D  onAnimationUpdate, value: 0.6303925
2026-02-27 10:27:55.089 27267-27523 ViewRootImplStubImpl    com.subastandolo.app                 D  onAnimationUpdate, value: 0.7103065
2026-02-27 10:27:55.106 27267-27523 ViewRootImplStubImpl    com.subastandolo.app                 D  onAnimationUpdate, value: 0.77471685
2026-02-27 10:27:55.122 27267-27523 ViewRootImplStubImpl    com.subastandolo.app                 D  onAnimationUpdate, value: 0.8258531
2026-02-27 10:27:55.139 27267-27523 ViewRootImplStubImpl    com.subastandolo.app                 D  onAnimationUpdate, value: 0.8660047
2026-02-27 10:27:55.156 27267-27523 ViewRootImplStubImpl    com.subastandolo.app                 D  onAnimationUpdate, value: 0.89727247
2026-02-27 10:27:55.172 27267-27523 ViewRootImplStubImpl    com.subastandolo.app                 D  onAnimationUpdate, value: 0.9214684
2026-02-27 10:27:55.189 27267-27523 ViewRootImplStubImpl    com.subastandolo.app                 D  onAnimationUpdate, value: 0.9400993
2026-02-27 10:27:55.206 27267-27523 ViewRootImplStubImpl    com.subastandolo.app                 D  onAnimationUpdate, value: 0.9543927
2026-02-27 10:27:55.222 27267-27523 ViewRootImplStubImpl    com.subastandolo.app                 D  onAnimationUpdate, value: 0.96532506
2026-02-27 10:27:55.239 27267-27523 ViewRootImplStubImpl    com.subastandolo.app                 D  onAnimationUpdate, value: 0.9736671
2026-02-27 10:27:55.256 27267-27523 ViewRootImplStubImpl    com.subastandolo.app                 D  onAnimationUpdate, value: 0.9800205
2026-02-27 10:27:55.272 27267-27523 ViewRootImplStubImpl    com.subastandolo.app                 D  onAnimationUpdate, value: 0.9848522
2026-02-27 10:27:55.289 27267-27523 ViewRootImplStubImpl    com.subastandolo.app                 D  onAnimationUpdate, value: 0.98852223
2026-02-27 10:27:55.306 27267-27523 ViewRootImplStubImpl    com.subastandolo.app                 D  onAnimationUpdate, value: 0.99130726
2026-02-27 10:27:55.322 27267-27523 ViewRootImplStubImpl    com.subastandolo.app                 D  onAnimationUpdate, value: 0.9934192
2026-02-27 10:27:55.339 27267-27523 ViewRootImplStubImpl    com.subastandolo.app                 D  onAnimationUpdate, value: 0.99501973
2026-02-27 10:27:55.356 27267-27523 ViewRootImplStubImpl    com.subastandolo.app                 D  onAnimationUpdate, value: 0.996232
2026-02-27 10:27:55.372 27267-27523 ViewRootImplStubImpl    com.subastandolo.app                 D  onAnimationUpdate, value: 0.9971497
2026-02-27 10:27:55.389 27267-27523 ViewRootImplStubImpl    com.subastandolo.app                 D  onAnimationUpdate, value: 0.99784434
2026-02-27 10:27:55.406 27267-27523 ViewRootImplStubImpl    com.subastandolo.app                 D  onAnimationUpdate, value: 0.9983699
2026-02-27 10:27:55.422 27267-27523 ViewRootImplStubImpl    com.subastandolo.app                 D  onAnimationUpdate, value: 0.99876744
2026-02-27 10:27:55.439 27267-27523 ViewRootImplStubImpl    com.subastandolo.app                 D  onAnimationUpdate, value: 1.0
2026-02-27 10:27:55.440 27267-27523 ViewRootImplStubImpl    com.subastandolo.app                 D  onAnimationEnd,canceled: false
2026-02-27 10:27:55.458 27267-27267 InsetsController        com.subastandolo.app                 D  cancelAnimation of types: 8, animType: 0, host: com.subastandolo.app/com.subastandolo.app.MainActivity invokeCallback=false reason=android.view.InsetsController.notifyFinished:1792 android.view.InsetsAnimationThreadControlRunner$1.lambda$notifyFinished$0:84 android.view.InsetsAnimationThreadControlRunner$1.$r8$lambda$cDFF0h4Ncq-8EXdGszv69jrUu7c:0 android.view.InsetsAnimationThreadControlRunner$1$$ExternalSyntheticLambda1.run:0 android.os.Handler.handleCallback:959 android.os.Handler.dispatchMessage:100 android.os.Looper.loopOnce:249 android.os.Looper.loop:337 android.app.ActivityThread.main:9493 java.lang.reflect.Method.invoke:-2 
2026-02-27 10:27:55.459 27267-27267 ImeTracker              com.subastandolo.app                 I  com.subastandolo.app:970ec691: onShown
2026-02-27 10:27:55.755 27267-27267 MIUIInput               com.subastandolo.app                 I  [MotionEvent] ViewRootImpl windowName 'com.subastandolo.app/com.subastandolo.app.MainActivity', { action=ACTION_DOWN, id[0]=0, pointerCount=1, eventTime=460616997, downTime=460616997, phoneEventTime=10:27:55.752 } moveCount:0
2026-02-27 10:27:55.923 27267-27267 MIUIInput               com.subastandolo.app                 I  [MotionEvent] ViewRootImpl windowName 'com.subastandolo.app/com.subastandolo.app.MainActivity', { action=ACTION_UP, id[0]=0, pointerCount=1, eventTime=460617163, downTime=460616997, phoneEventTime=10:27:55.917 } moveCount:9
2026-02-27 10:27:55.925 27267-27267 ScrollIdentify          com.subastandolo.app                 I  on fling
2026-02-27 10:27:56.822 27267-27267 MIUIInput               com.subastandolo.app                 I  [MotionEvent] ViewRootImpl windowName 'com.subastandolo.app/com.subastandolo.app.MainActivity', { action=ACTION_DOWN, id[0]=0, pointerCount=1, eventTime=460618063, downTime=460618063, phoneEventTime=10:27:56.818 } moveCount:0
2026-02-27 10:27:56.904 27267-27267 MIUIInput               com.subastandolo.app                 I  [MotionEvent] ViewRootImpl windowName 'com.subastandolo.app/com.subastandolo.app.MainActivity', { action=ACTION_UP, id[0]=0, pointerCount=1, eventTime=460618146, downTime=460618063, phoneEventTime=10:27:56.901 } moveCount:0
2026-02-27 10:27:56.922 27267-27267 ImeTracker              com.subastandolo.app                 I  com.subastandolo.app:ee90ef97: onRequestHide at ORIGIN_CLIENT reason HIDE_SOFT_INPUT fromUser false
2026-02-27 10:27:56.924 27267-27267 HandWritingStubImpl     com.subastandolo.app                 I  getCurrentKeyboardType: 1
2026-02-27 10:27:56.929 27267-27511 RemoteInpu...ectionImpl com.subastandolo.app                 W  requestCursorUpdates on inactive InputConnection
2026-02-27 10:27:56.943 27267-27267 InsetsController        com.subastandolo.app                 D  hide(ime(), fromIme=true)
2026-02-27 10:27:56.946 27267-27523 ViewRootImplStubImpl    com.subastandolo.app                 D  requestedTypes: 8
2026-02-27 10:27:56.955 27267-27523 ViewRootImplStubImpl    com.subastandolo.app                 D  onAnimationStart
2026-02-27 10:27:56.995 27267-27523 ViewRootImplStubImpl    com.subastandolo.app                 D  onAnimationUpdate, value: 0.0
2026-02-27 10:27:57.006 27267-27523 ViewRootImplStubImpl    com.subastandolo.app                 D  onAnimationUpdate, value: 0.05348218
2026-02-27 10:27:57.021 27267-27523 ViewRootImplStubImpl    com.subastandolo.app                 D  onAnimationUpdate, value: 0.17748211
2026-02-27 10:27:57.038 27267-27523 ViewRootImplStubImpl    com.subastandolo.app                 D  onAnimationUpdate, value: 0.31822395
2026-02-27 10:27:57.055 27267-27523 ViewRootImplStubImpl    com.subastandolo.app                 D  onAnimationUpdate, value: 0.45104054
2026-02-27 10:27:57.072 27267-27523 ViewRootImplStubImpl    com.subastandolo.app                 D  onAnimationUpdate, value: 0.56628036
2026-02-27 10:27:57.088 27267-27523 ViewRootImplStubImpl    com.subastandolo.app                 D  onAnimationUpdate, value: 0.6617101
2026-02-27 10:27:57.106 27267-27523 ViewRootImplStubImpl    com.subastandolo.app                 D  onAnimationUpdate, value: 0.73850113
2026-02-27 10:27:57.121 27267-27523 ViewRootImplStubImpl    com.subastandolo.app                 D  onAnimationUpdate, value: 0.7991502
2026-02-27 10:27:57.138 27267-27523 ViewRootImplStubImpl    com.subastandolo.app                 D  onAnimationUpdate, value: 0.8464395
2026-02-27 10:27:57.155 27267-27523 ViewRootImplStubImpl    com.subastandolo.app                 D  onAnimationUpdate, value: 0.8829854
2026-02-27 10:27:57.172 27267-27523 ViewRootImplStubImpl    com.subastandolo.app                 D  onAnimationUpdate, value: 0.91105646
2026-02-27 10:27:57.188 27267-27523 ViewRootImplStubImpl    com.subastandolo.app                 D  onAnimationUpdate, value: 0.93251544
2026-02-27 10:27:57.205 27267-27523 ViewRootImplStubImpl    com.subastandolo.app                 D  onAnimationUpdate, value: 0.9488668
2026-02-27 10:27:57.221 27267-27523 ViewRootImplStubImpl    com.subastandolo.app                 D  onAnimationUpdate, value: 0.9612945
2026-02-27 10:27:57.238 27267-27523 ViewRootImplStubImpl    com.subastandolo.app                 D  onAnimationUpdate, value: 0.97072434
2026-02-27 10:27:57.255 27267-27523 ViewRootImplStubImpl    com.subastandolo.app                 D  onAnimationUpdate, value: 0.9778696
2026-02-27 10:27:57.272 27267-27523 ViewRootImplStubImpl    com.subastandolo.app                 D  onAnimationUpdate, value: 0.9832777
2026-02-27 10:27:57.288 27267-27523 ViewRootImplStubImpl    com.subastandolo.app                 D  onAnimationUpdate, value: 0.9873684
2026-02-27 10:27:57.305 27267-27523 ViewRootImplStubImpl    com.subastandolo.app                 D  onAnimationUpdate, value: 0.9904606
2026-02-27 10:27:57.321 27267-27523 ViewRootImplStubImpl    com.subastandolo.app                 D  onAnimationUpdate, value: 0.99279684
2026-02-27 10:27:57.339 27267-27523 ViewRootImplStubImpl    com.subastandolo.app                 D  onAnimationUpdate, value: 0.99456173
2026-02-27 10:27:57.355 27267-27523 ViewRootImplStubImpl    com.subastandolo.app                 D  onAnimationUpdate, value: 0.9958946
2026-02-27 10:27:57.371 27267-27523 ViewRootImplStubImpl    com.subastandolo.app                 D  onAnimationUpdate, value: 0.99690104
2026-02-27 10:27:57.388 27267-27523 ViewRootImplStubImpl    com.subastandolo.app                 D  onAnimationUpdate, value: 0.9976608
2026-02-27 10:27:57.405 27267-27523 ViewRootImplStubImpl    com.subastandolo.app                 D  onAnimationUpdate, value: 0.99823445
2026-02-27 10:27:57.421 27267-27523 ViewRootImplStubImpl    com.subastandolo.app                 D  onAnimationUpdate, value: 0.9986674
2026-02-27 10:27:57.438 27267-27523 ViewRootImplStubImpl    com.subastandolo.app                 D  onAnimationUpdate, value: 1.0
2026-02-27 10:27:57.439 27267-27523 ViewRootImplStubImpl    com.subastandolo.app                 D  onAnimationEnd,canceled: false
2026-02-27 10:27:57.474 27267-27267 InsetsController        com.subastandolo.app                 D  cancelAnimation of types: 8, animType: 1, host: com.subastandolo.app/com.subastandolo.app.MainActivity invokeCallback=false reason=android.view.InsetsController.notifyFinished:1792 android.view.InsetsAnimationThreadControlRunner$1.lambda$notifyFinished$0:84 android.view.InsetsAnimationThreadControlRunner$1.$r8$lambda$cDFF0h4Ncq-8EXdGszv69jrUu7c:0 android.view.InsetsAnimationThreadControlRunner$1$$ExternalSyntheticLambda1.run:0 android.os.Handler.handleCallback:959 android.os.Handler.dispatchMessage:100 android.os.Looper.loopOnce:249 android.os.Looper.loop:337 android.app.ActivityThread.main:9493 java.lang.reflect.Method.invoke:-2 
2026-02-27 10:27:57.476 27267-27267 ImeTracker              com.subastandolo.app                 I  com.subastandolo.app:3d408ce7: onRequestHide at ORIGIN_CLIENT reason HIDE_SOFT_INPUT_ON_ANIMATION_STATE_CHANGED fromUser false
2026-02-27 10:27:57.479 27267-27267 ImeTracker              com.subastandolo.app                 I  com.subastandolo.app:ee90ef97: onHidden
2026-02-27 10:27:57.955 27267-27267 MIUIInput               com.subastandolo.app                 I  [MotionEvent] ViewRootImpl windowName 'com.subastandolo.app/com.subastandolo.app.MainActivity', { action=ACTION_DOWN, id[0]=0, pointerCount=1, eventTime=460619196, downTime=460619196, phoneEventTime=10:27:57.950 } moveCount:0
2026-02-27 10:27:58.021 27267-27267 MIUIInput               com.subastandolo.app                 I  [MotionEvent] ViewRootImpl windowName 'com.subastandolo.app/com.subastandolo.app.MainActivity', { action=ACTION_UP, id[0]=0, pointerCount=1, eventTime=460619262, downTime=460619196, phoneEventTime=10:27:58.017 } moveCount:0
2026-02-27 10:27:58.034 27267-27267 HandWritingStubImpl     com.subastandolo.app                 I  getCurrentKeyboardType: 1
2026-02-27 10:27:58.037 27267-27267 ImeTracker              com.subastandolo.app                 I  com.subastandolo.app:2026a7fb: onRequestShow at ORIGIN_CLIENT reason SHOW_SOFT_INPUT fromUser false
2026-02-27 10:27:58.037 27267-27267 InputMethodManager      com.subastandolo.app                 D  showSoftInput() view=com.getcapacitor.CapacitorWebView{832cac5 VFEDHVC.. .F...... 0,0-720,1600 #7f090202 app:id/webview aid=1073741824} flags=0 reason=SHOW_SOFT_INPUT
2026-02-27 10:27:58.132 27267-27267 InsetsController        com.subastandolo.app                 D  show(ime(), fromIme=true)
2026-02-27 10:27:58.134 27267-27523 ViewRootImplStubImpl    com.subastandolo.app                 D  requestedTypes: 8
2026-02-27 10:27:58.139 27267-27523 ViewRootImplStubImpl    com.subastandolo.app                 D  onAnimationStart
2026-02-27 10:27:58.148 27267-27523 ViewRootImplStubImpl    com.subastandolo.app                 D  onAnimationUpdate, value: 0.0
2026-02-27 10:27:58.155 27267-27523 ViewRootImplStubImpl    com.subastandolo.app                 D  onAnimationUpdate, value: 0.047385536
2026-02-27 10:27:58.175 27267-27523 ViewRootImplStubImpl    com.subastandolo.app                 D  onAnimationUpdate, value: 0.15958358
2026-02-27 10:27:58.188 27267-27523 ViewRootImplStubImpl    com.subastandolo.app                 D  onAnimationUpdate, value: 0.2911214
2026-02-27 10:27:58.205 27267-27523 ViewRootImplStubImpl    com.subastandolo.app                 D  onAnimationUpdate, value: 0.4191353
2026-02-27 10:27:58.221 27267-27523 ViewRootImplStubImpl    com.subastandolo.app                 D  onAnimationUpdate, value: 0.533385
2026-02-27 10:27:58.237 27267-27523 ViewRootImplStubImpl    com.subastandolo.app                 D  onAnimationUpdate, value: 0.6304418
2026-02-27 10:27:58.254 27267-27523 ViewRootImplStubImpl    com.subastandolo.app                 D  onAnimationUpdate, value: 0.71034884
2026-02-27 10:27:58.271 27267-27523 ViewRootImplStubImpl    com.subastandolo.app                 D  onAnimationUpdate, value: 0.7747514
2026-02-27 10:27:58.287 27267-27523 ViewRootImplStubImpl    com.subastandolo.app                 D  onAnimationUpdate, value: 0.8258816
2026-02-27 10:27:58.299 27267-27279 ubastandolo.app         com.subastandolo.app                 W  userfaultfd: MOVE ioctl seems unsupported: Connection timed out
2026-02-27 10:27:58.306 27267-27523 ViewRootImplStubImpl    com.subastandolo.app                 D  onAnimationUpdate, value: 0.8660273
2026-02-27 10:27:58.321 27267-27279 ubastandolo.app         com.subastandolo.app                 I  Background concurrent mark compact GC freed 13MB AllocSpace bytes, 50(2132KB) LOS objects, 75% free, 5586KB/21MB, paused 486us,4.549ms total 366.698ms
2026-02-27 10:27:58.321 27267-27523 ViewRootImplStubImpl    com.subastandolo.app                 D  onAnimationUpdate, value: 0.8972889
2026-02-27 10:27:58.337 27267-27523 ViewRootImplStubImpl    com.subastandolo.app                 D  onAnimationUpdate, value: 0.921479
2026-02-27 10:27:58.354 27267-27523 ViewRootImplStubImpl    com.subastandolo.app                 D  onAnimationUpdate, value: 0.94010675
2026-02-27 10:27:58.371 27267-27523 ViewRootImplStubImpl    com.subastandolo.app                 D  onAnimationUpdate, value: 0.95439833
2026-02-27 10:27:58.388 27267-27523 ViewRootImplStubImpl    com.subastandolo.app                 D  onAnimationUpdate, value: 0.9653287
2026-02-27 10:27:58.404 27267-27523 ViewRootImplStubImpl    com.subastandolo.app                 D  onAnimationUpdate, value: 0.97367
2026-02-27 10:27:58.421 27267-27523 ViewRootImplStubImpl    com.subastandolo.app                 D  onAnimationUpdate, value: 0.9800235
2026-02-27 10:27:58.437 27267-27523 ViewRootImplStubImpl    com.subastandolo.app                 D  onAnimationUpdate, value: 0.98485476
2026-02-27 10:27:58.454 27267-27523 ViewRootImplStubImpl    com.subastandolo.app                 D  onAnimationUpdate, value: 0.9885243
2026-02-27 10:27:58.471 27267-27523 ViewRootImplStubImpl    com.subastandolo.app                 D  onAnimationUpdate, value: 0.9913088
2026-02-27 10:27:58.488 27267-27523 ViewRootImplStubImpl    com.subastandolo.app                 D  onAnimationUpdate, value: 0.9934201
2026-02-27 10:27:58.504 27267-27523 ViewRootImplStubImpl    com.subastandolo.app                 D  onAnimationUpdate, value: 0.9950203
2026-02-27 10:27:58.521 27267-27523 ViewRootImplStubImpl    com.subastandolo.app                 D  onAnimationUpdate, value: 0.9962322
2026-02-27 10:27:58.537 27267-27523 ViewRootImplStubImpl    com.subastandolo.app                 D  onAnimationUpdate, value: 0.99714977
2026-02-27 10:27:58.554 27267-27523 ViewRootImplStubImpl    com.subastandolo.app                 D  onAnimationUpdate, value: 0.99784434
2026-02-27 10:27:58.571 27267-27523 ViewRootImplStubImpl    com.subastandolo.app                 D  onAnimationUpdate, value: 0.9983699
2026-02-27 10:27:58.587 27267-27523 ViewRootImplStubImpl    com.subastandolo.app                 D  onAnimationUpdate, value: 0.99876744
2026-02-27 10:27:58.604 27267-27523 ViewRootImplStubImpl    com.subastandolo.app                 D  onAnimationUpdate, value: 1.0
2026-02-27 10:27:58.605 27267-27523 ViewRootImplStubImpl    com.subastandolo.app                 D  onAnimationEnd,canceled: false
2026-02-27 10:27:58.623 27267-27267 InsetsController        com.subastandolo.app                 D  cancelAnimation of types: 8, animType: 0, host: com.subastandolo.app/com.subastandolo.app.MainActivity invokeCallback=false reason=android.view.InsetsController.notifyFinished:1792 android.view.InsetsAnimationThreadControlRunner$1.lambda$notifyFinished$0:84 android.view.InsetsAnimationThreadControlRunner$1.$r8$lambda$cDFF0h4Ncq-8EXdGszv69jrUu7c:0 android.view.InsetsAnimationThreadControlRunner$1$$ExternalSyntheticLambda1.run:0 android.os.Handler.handleCallback:959 android.os.Handler.dispatchMessage:100 android.os.Looper.loopOnce:249 android.os.Looper.loop:337 android.app.ActivityThread.main:9493 java.lang.reflect.Method.invoke:-2 
2026-02-27 10:27:58.624 27267-27267 ImeTracker              com.subastandolo.app                 I  com.subastandolo.app:2026a7fb: onShown
2026-02-27 10:28:01.554 27267-27267 MIUIInput               com.subastandolo.app                 I  [MotionEvent] ViewRootImpl windowName 'com.subastandolo.app/com.subastandolo.app.MainActivity', { action=ACTION_DOWN, id[0]=0, pointerCount=1, eventTime=460622794, downTime=460622794, phoneEventTime=10:28:01.549 } moveCount:0
2026-02-27 10:28:01.634 27267-27267 MIUIInput               com.subastandolo.app                 I  [MotionEvent] ViewRootImpl windowName 'com.subastandolo.app/com.subastandolo.app.MainActivity', { action=ACTION_UP, id[0]=0, pointerCount=1, eventTime=460622877, downTime=460622794, phoneEventTime=10:28:01.632 } moveCount:0
2026-02-27 10:28:01.648 27267-27267 HandWritingStubImpl     com.subastandolo.app                 I  getCurrentKeyboardType: 1
2026-02-27 10:28:01.650 27267-27267 ImeTracker              com.subastandolo.app                 I  com.subastandolo.app:1a6602f3: onRequestShow at ORIGIN_CLIENT reason SHOW_SOFT_INPUT fromUser false
2026-02-27 10:28:01.651 27267-27267 InputMethodManager      com.subastandolo.app                 D  showSoftInput() view=com.getcapacitor.CapacitorWebView{832cac5 VFEDHVC.. .F...... 0,0-720,1600 #7f090202 app:id/webview aid=1073741824} flags=0 reason=SHOW_SOFT_INPUT
2026-02-27 10:28:01.654 27267-27267 AssistStructure         com.subastandolo.app                 I  Flattened final assist data: 3064 bytes, containing 1 windows, 6 views
2026-02-27 10:28:01.705 27267-27267 InsetsController        com.subastandolo.app                 D  show(ime(), fromIme=true)
2026-02-27 10:28:01.706 27267-27267 ImeTracker              com.subastandolo.app                 I  com.subastandolo.app:507cb2ec: onCancelled at PHASE_CLIENT_APPLY_ANIMATION
2026-02-27 10:28:01.729 27267-27267 InsetsController        com.subastandolo.app                 D  show(ime(), fromIme=true)
2026-02-27 10:28:01.731 27267-27267 ImeTracker              com.subastandolo.app                 I  com.subastandolo.app:1a6602f3: onCancelled at PHASE_CLIENT_APPLY_ANIMATION
2026-02-27 10:28:06.635 27267-27267 MIUIInput               com.subastandolo.app                 I  [MotionEvent] ViewRootImpl windowName 'com.subastandolo.app/com.subastandolo.app.MainActivity', { action=ACTION_DOWN, id[0]=0, pointerCount=1, eventTime=460627875, downTime=460627875, phoneEventTime=10:28:06.630 } moveCount:0
2026-02-27 10:28:06.933 27267-27267 MIUIInput               com.subastandolo.app                 I  [MotionEvent] ViewRootImpl windowName 'com.subastandolo.app/com.subastandolo.app.MainActivity', { action=ACTION_UP, id[0]=0, pointerCount=1, eventTime=460628174, downTime=460627875, phoneEventTime=10:28:06.929 } moveCount:16
2026-02-27 10:28:07.950 27267-27549 ubastandolo.app         com.subastandolo.app                 I  hiddenapi: Accessing hidden method Ldalvik/system/VMStack;->getStackClass2()Ljava/lang/Class; (runtime_flags=0, domain=core-platform, api=unsupported) from Lcom/google/common/flogger/backend/android/a; (domain=app, TargetSdkVersion=36) using reflection: allowed
2026-02-27 10:28:07.955 27267-27267 MIUIInput               com.subastandolo.app                 I  [MotionEvent] ViewRootImpl windowName 'com.subastandolo.app/com.subastandolo.app.MainActivity', { action=ACTION_DOWN, id[0]=0, pointerCount=1, eventTime=460629191, downTime=460629191, phoneEventTime=10:28:07.946 } moveCount:0
2026-02-27 10:28:07.959 27267-27549 FilePhenotypeFlags      com.subastandolo.app                 E  Config package com.google.android.gms.clearcut_client#com.subastandolo.app cannot use FILE backing without declarative registration. See go/phenotype-android-integration#phenotype for more information. This will lead to stale flags.
2026-02-27 10:28:07.982 27267-27549 FilePhenotypeFlags      com.subastandolo.app                 E  Config package com.google.android.gms.clearcut_client#com.subastandolo.app cannot use FILE backing without declarative registration. See go/phenotype-android-integration#phenotype for more information. This will lead to stale flags.
2026-02-27 10:28:07.982 27267-27549 FilePhenotypeFlags      com.subastandolo.app                 E  Config package com.google.android.gms.clearcut_client#com.subastandolo.app cannot use FILE backing without declarative registration. See go/phenotype-android-integration#phenotype for more information. This will lead to stale flags.
2026-02-27 10:28:08.014 27267-27267 MIUIInput               com.subastandolo.app                 I  [MotionEvent] ViewRootImpl windowName 'com.subastandolo.app/com.subastandolo.app.MainActivity', { action=ACTION_UP, id[0]=0, pointerCount=1, eventTime=460629257, downTime=460629191, phoneEventTime=10:28:08.012 } moveCount:0
2026-02-27 10:28:08.031 27267-27267 ImeTracker              com.subastandolo.app                 I  com.subastandolo.app:29636394: onRequestHide at ORIGIN_CLIENT reason HIDE_SOFT_INPUT fromUser false
2026-02-27 10:28:08.032 27267-27267 HandWritingStubImpl     com.subastandolo.app                 I  getCurrentKeyboardType: 1
2026-02-27 10:28:08.040 27267-27511 RemoteInpu...ectionImpl com.subastandolo.app                 W  requestCursorUpdates on inactive InputConnection
2026-02-27 10:28:08.041 27267-27267 InsetsController        com.subastandolo.app                 D  hide(ime(), fromIme=true)
2026-02-27 10:28:08.043 27267-27523 ViewRootImplStubImpl    com.subastandolo.app                 D  requestedTypes: 8
2026-02-27 10:28:08.049 27267-27523 ViewRootImplStubImpl    com.subastandolo.app                 D  onAnimationStart
2026-02-27 10:28:08.057 27267-27523 ViewRootImplStubImpl    com.subastandolo.app                 D  onAnimationUpdate, value: 0.0
2026-02-27 10:28:08.066 27267-27523 ViewRootImplStubImpl    com.subastandolo.app                 D  onAnimationUpdate, value: 0.05349413
2026-02-27 10:28:08.083 27267-27523 ViewRootImplStubImpl    com.subastandolo.app                 D  onAnimationUpdate, value: 0.17751984
2026-02-27 10:28:08.099 27267-27523 ViewRootImplStubImpl    com.subastandolo.app                 D  onAnimationUpdate, value: 0.3182755
2026-02-27 10:28:08.116 27267-27523 ViewRootImplStubImpl    com.subastandolo.app                 D  onAnimationUpdate, value: 0.45109624
2026-02-27 10:28:08.133 27267-27523 ViewRootImplStubImpl    com.subastandolo.app                 D  onAnimationUpdate, value: 0.56632894
2026-02-27 10:28:08.149 27267-27523 ViewRootImplStubImpl    com.subastandolo.app                 D  onAnimationUpdate, value: 0.6617517
2026-02-27 10:28:08.166 27267-27523 ViewRootImplStubImpl    com.subastandolo.app                 D  onAnimationUpdate, value: 0.7385369
2026-02-27 10:28:08.183 27267-27523 ViewRootImplStubImpl    com.subastandolo.app                 D  onAnimationUpdate, value: 0.7991787
2026-02-27 10:28:08.199 27267-27523 ViewRootImplStubImpl    com.subastandolo.app                 D  onAnimationUpdate, value: 0.8464661
2026-02-27 10:28:08.216 27267-27523 ViewRootImplStubImpl    com.subastandolo.app                 D  onAnimationUpdate, value: 0.883011
2026-02-27 10:28:08.233 27267-27523 ViewRootImplStubImpl    com.subastandolo.app                 D  onAnimationUpdate, value: 0.9110754
2026-02-27 10:28:08.250 27267-27523 ViewRootImplStubImpl    com.subastandolo.app                 D  onAnimationUpdate, value: 0.9325292
2026-02-27 10:28:08.266 27267-27523 ViewRootImplStubImpl    com.subastandolo.app                 D  onAnimationUpdate, value: 0.9488752
2026-02-27 10:28:08.283 27267-27523 ViewRootImplStubImpl    com.subastandolo.app                 D  onAnimationUpdate, value: 0.9612995
2026-02-27 10:28:08.299 27267-27523 ViewRootImplStubImpl    com.subastandolo.app                 D  onAnimationUpdate, value: 0.9707264
2026-02-27 10:28:08.316 27267-27523 ViewRootImplStubImpl    com.subastandolo.app                 D  onAnimationUpdate, value: 0.97786885
2026-02-27 10:28:08.334 27267-27523 ViewRootImplStubImpl    com.subastandolo.app                 D  onAnimationUpdate, value: 0.98327523
2026-02-27 10:28:08.350 27267-27523 ViewRootImplStubImpl    com.subastandolo.app                 D  onAnimationUpdate, value: 0.9873644
2026-02-27 10:28:08.366 27267-27523 ViewRootImplStubImpl    com.subastandolo.app                 D  onAnimationUpdate, value: 0.9904563
2026-02-27 10:28:08.383 27267-27523 ViewRootImplStubImpl    com.subastandolo.app                 D  onAnimationUpdate, value: 0.9927933
2026-02-27 10:28:08.400 27267-27523 ViewRootImplStubImpl    com.subastandolo.app                 D  onAnimationUpdate, value: 0.9945588
2026-02-27 10:28:08.416 27267-27523 ViewRootImplStubImpl    com.subastandolo.app                 D  onAnimationUpdate, value: 0.9958921
2026-02-27 10:28:08.434 27267-27523 ViewRootImplStubImpl    com.subastandolo.app                 D  onAnimationUpdate, value: 0.9968989
2026-02-27 10:28:08.450 27267-27523 ViewRootImplStubImpl    com.subastandolo.app                 D  onAnimationUpdate, value: 0.99765897
2026-02-27 10:28:08.467 27267-27523 ViewRootImplStubImpl    com.subastandolo.app                 D  onAnimationUpdate, value: 0.99823284
2026-02-27 10:28:08.483 27267-27523 ViewRootImplStubImpl    com.subastandolo.app                 D  onAnimationUpdate, value: 0.99866605
2026-02-27 10:28:08.500 27267-27523 ViewRootImplStubImpl    com.subastandolo.app                 D  onAnimationUpdate, value: 1.0
2026-02-27 10:28:08.503 27267-27523 ViewRootImplStubImpl    com.subastandolo.app                 D  onAnimationEnd,canceled: false
2026-02-27 10:28:08.520 27267-27267 InsetsController        com.subastandolo.app                 D  cancelAnimation of types: 8, animType: 1, host: com.subastandolo.app/com.subastandolo.app.MainActivity invokeCallback=false reason=android.view.InsetsController.notifyFinished:1792 android.view.InsetsAnimationThreadControlRunner$1.lambda$notifyFinished$0:84 android.view.InsetsAnimationThreadControlRunner$1.$r8$lambda$cDFF0h4Ncq-8EXdGszv69jrUu7c:0 android.view.InsetsAnimationThreadControlRunner$1$$ExternalSyntheticLambda1.run:0 android.os.Handler.handleCallback:959 android.os.Handler.dispatchMessage:100 android.os.Looper.loopOnce:249 android.os.Looper.loop:337 android.app.ActivityThread.main:9493 java.lang.reflect.Method.invoke:-2 
2026-02-27 10:28:08.523 27267-27267 ImeTracker              com.subastandolo.app                 I  com.subastandolo.app:1fb6f9fc: onRequestHide at ORIGIN_CLIENT reason HIDE_SOFT_INPUT_ON_ANIMATION_STATE_CHANGED fromUser false
2026-02-27 10:28:08.526 27267-27267 ImeTracker              com.subastandolo.app                 I  com.subastandolo.app:29636394: onHidden
2026-02-27 10:28:08.813 27267-27267 HandWritingStubImpl     com.subastandolo.app                 I  getCurrentKeyboardType: 1
2026-02-27 10:28:08.819 27267-27267 ImeTracker              com.subastandolo.app                 I  com.subastandolo.app:30ff07ba: onRequestShow at ORIGIN_CLIENT reason SHOW_SOFT_INPUT fromUser false
2026-02-27 10:28:08.820 27267-27267 InputMethodManager      com.subastandolo.app                 D  showSoftInput() view=com.getcapacitor.CapacitorWebView{832cac5 VFEDHVC.. .F...... 0,0-720,1600 #7f090202 app:id/webview aid=1073741824} flags=0 reason=SHOW_SOFT_INPUT
2026-02-27 10:28:08.843 27267-27267 AssistStructure         com.subastandolo.app                 I  Flattened final assist data: 2832 bytes, containing 1 windows, 6 views
2026-02-27 10:28:08.933 27267-27267 InsetsController        com.subastandolo.app                 D  show(ime(), fromIme=true)
2026-02-27 10:28:08.935 27267-27523 ViewRootImplStubImpl    com.subastandolo.app                 D  requestedTypes: 8
2026-02-27 10:28:08.950 27267-27523 ViewRootImplStubImpl    com.subastandolo.app                 D  onAnimationStart
2026-02-27 10:28:08.960 27267-27523 ViewRootImplStubImpl    com.subastandolo.app                 D  onAnimationUpdate, value: 0.0
2026-02-27 10:28:08.967 27267-27523 ViewRootImplStubImpl    com.subastandolo.app                 D  onAnimationUpdate, value: 0.04737751
2026-02-27 10:28:08.984 27267-27523 ViewRootImplStubImpl    com.subastandolo.app                 D  onAnimationUpdate, value: 0.1595657
2026-02-27 10:28:08.999 27267-27523 ViewRootImplStubImpl    com.subastandolo.app                 D  onAnimationUpdate, value: 0.29109603
2026-02-27 10:28:09.015 27267-27523 ViewRootImplStubImpl    com.subastandolo.app                 D  onAnimationUpdate, value: 0.419107
2026-02-27 10:28:09.032 27267-27523 ViewRootImplStubImpl    com.subastandolo.app                 D  onAnimationUpdate, value: 0.5333577
2026-02-27 10:28:09.049 27267-27523 ViewRootImplStubImpl    com.subastandolo.app                 D  onAnimationUpdate, value: 0.63041717
2026-02-27 10:28:09.060 27267-27267 cr_AutofillHintsService com.subastandolo.app                 E  onViewTypeAvailable  (Fix with AI)
                                                                                                    java.lang.NullPointerException: Attempt to get length of null array
                                                                                                    	at android.os.Parcel.createExceptionOrNull(Parcel.java:3261)
                                                                                                    	at android.os.Parcel.createException(Parcel.java:3239)
                                                                                                    	at android.os.Parcel.readException(Parcel.java:3222)
                                                                                                    	at android.os.Parcel.readException(Parcel.java:3164)
                                                                                                    	at WV.a11.l(chromium-SystemWebViewGoogle6432.aab-stable-763208003:59)
                                                                                                    	at org.chromium.components.autofill.AutofillProvider.onServerPredictionsAvailable(chromium-SystemWebViewGoogle6432.aab-stable-763208003:73)
                                                                                                    	at android.os.MessageQueue.nativePollOnce(Native Method)
                                                                                                    	at android.os.MessageQueue.next(MessageQueue.java:355)
                                                                                                    	at android.os.Looper.loopOnce(Looper.java:203)
                                                                                                    	at android.os.Looper.loop(Looper.java:337)
                                                                                                    	at android.app.ActivityThread.main(ActivityThread.java:9493)
                                                                                                    	at java.lang.reflect.Method.invoke(Native Method)
                                                                                                    	at com.android.internal.os.RuntimeInit$MethodAndArgsCaller.run(RuntimeInit.java:636)
                                                                                                    	at com.android.internal.os.ZygoteInit.main(ZygoteInit.java:1005)
2026-02-27 10:28:09.065 27267-27523 ViewRootImplStubImpl    com.subastandolo.app                 D  onAnimationUpdate, value: 0.7103284
2026-02-27 10:28:09.082 27267-27523 ViewRootImplStubImpl    com.subastandolo.app                 D  onAnimationUpdate, value: 0.77473706
2026-02-27 10:28:09.099 27267-27523 ViewRootImplStubImpl    com.subastandolo.app                 D  onAnimationUpdate, value: 0.82587177
2026-02-27 10:28:09.117 27267-27523 ViewRootImplStubImpl    com.subastandolo.app                 D  onAnimationUpdate, value: 0.86602163
2026-02-27 10:28:09.132 27267-27523 ViewRootImplStubImpl    com.subastandolo.app                 D  onAnimationUpdate, value: 0.8972863
2026-02-27 10:28:09.149 27267-27523 ViewRootImplStubImpl    com.subastandolo.app                 D  onAnimationUpdate, value: 0.92147905
2026-02-27 10:28:09.166 27267-27523 ViewRootImplStubImpl    com.subastandolo.app                 D  onAnimationUpdate, value: 0.9401085
2026-02-27 10:28:09.182 27267-27523 ViewRootImplStubImpl    com.subastandolo.app                 D  onAnimationUpdate, value: 0.95439965
2026-02-27 10:28:09.199 27267-27523 ViewRootImplStubImpl    com.subastandolo.app                 D  onAnimationUpdate, value: 0.96533006
2026-02-27 10:28:09.216 27267-27523 ViewRootImplStubImpl    com.subastandolo.app                 D  onAnimationUpdate, value: 0.9736714
2026-02-27 10:28:09.233 27267-27523 ViewRootImplStubImpl    com.subastandolo.app                 D  onAnimationUpdate, value: 0.9800241
2026-02-27 10:28:09.249 27267-27523 ViewRootImplStubImpl    com.subastandolo.app                 D  onAnimationUpdate, value: 0.98485523
2026-02-27 10:28:09.266 27267-27523 ViewRootImplStubImpl    com.subastandolo.app                 D  onAnimationUpdate, value: 0.9885247
2026-02-27 10:28:09.283 27267-27523 ViewRootImplStubImpl    com.subastandolo.app                 D  onAnimationUpdate, value: 0.9913094
2026-02-27 10:28:09.300 27267-27523 ViewRootImplStubImpl    com.subastandolo.app                 D  onAnimationUpdate, value: 0.9934213
2026-02-27 10:28:09.316 27267-27523 ViewRootImplStubImpl    com.subastandolo.app                 D  onAnimationUpdate, value: 0.9950215
2026-02-27 10:28:09.333 27267-27523 ViewRootImplStubImpl    com.subastandolo.app                 D  onAnimationUpdate, value: 0.9962334
2026-02-27 10:28:09.350 27267-27523 ViewRootImplStubImpl    com.subastandolo.app                 D  onAnimationUpdate, value: 0.99715084
2026-02-27 10:28:09.366 27267-27523 ViewRootImplStubImpl    com.subastandolo.app                 D  onAnimationUpdate, value: 0.9978452
2026-02-27 10:28:09.383 27267-27523 ViewRootImplStubImpl    com.subastandolo.app                 D  onAnimationUpdate, value: 0.9983705
2026-02-27 10:28:09.400 27267-27523 ViewRootImplStubImpl    com.subastandolo.app                 D  onAnimationUpdate, value: 0.9987679
2026-02-27 10:28:09.417 27267-27523 ViewRootImplStubImpl    com.subastandolo.app                 D  onAnimationUpdate, value: 1.0
2026-02-27 10:28:09.420 27267-27523 ViewRootImplStubImpl    com.subastandolo.app                 D  onAnimationEnd,canceled: false
2026-02-27 10:28:09.438 27267-27267 InsetsController        com.subastandolo.app                 D  cancelAnimation of types: 8, animType: 0, host: com.subastandolo.app/com.subastandolo.app.MainActivity invokeCallback=false reason=android.view.InsetsController.notifyFinished:1792 android.view.InsetsAnimationThreadControlRunner$1.lambda$notifyFinished$0:84 android.view.InsetsAnimationThreadControlRunner$1.$r8$lambda$cDFF0h4Ncq-8EXdGszv69jrUu7c:0 android.view.InsetsAnimationThreadControlRunner$1$$ExternalSyntheticLambda1.run:0 android.os.Handler.handleCallback:959 android.os.Handler.dispatchMessage:100 android.os.Looper.loopOnce:249 android.os.Looper.loop:337 android.app.ActivityThread.main:9493 java.lang.reflect.Method.invoke:-2 
2026-02-27 10:28:09.439 27267-27267 ImeTracker              com.subastandolo.app                 I  com.subastandolo.app:30ff07ba: onShown
2026-02-27 10:28:09.750 27267-27267 MIUIInput               com.subastandolo.app                 I  [MotionEvent] ViewRootImpl windowName 'com.subastandolo.app/com.subastandolo.app.MainActivity', { action=ACTION_DOWN, id[0]=0, pointerCount=1, eventTime=460630990, downTime=460630990, phoneEventTime=10:28:09.745 } moveCount:0
2026-02-27 10:28:10.160 27267-27267 MIUIInput               com.subastandolo.app                 I  [MotionEvent] ViewRootImpl windowName 'com.subastandolo.app/com.subastandolo.app.MainActivity', { action=ACTION_UP, id[0]=0, pointerCount=1, eventTime=460631389, downTime=460630990, phoneEventTime=10:28:10.143 } moveCount:19
2026-02-27 10:28:10.163 27267-27267 ScrollIdentify          com.subastandolo.app                 I  on fling
2026-02-27 10:28:10.784 27267-27267 MIUIInput               com.subastandolo.app                 I  [MotionEvent] ViewRootImpl windowName 'com.subastandolo.app/com.subastandolo.app.MainActivity', { action=ACTION_DOWN, id[0]=0, pointerCount=1, eventTime=460632023, downTime=460632023, phoneEventTime=10:28:10.777 } moveCount:0
2026-02-27 10:28:10.852 27267-27267 MIUIInput               com.subastandolo.app                 I  [MotionEvent] ViewRootImpl windowName 'com.subastandolo.app/com.subastandolo.app.MainActivity', { action=ACTION_UP, id[0]=0, pointerCount=1, eventTime=460632089, downTime=460632023, phoneEventTime=10:28:10.843 } moveCount:0
