2026-02-27 10:51:56.362 31041-31394 ViewRootImplStubImpl    com.subastandolo.app                 D  onAnimationEnd,canceled: true
2026-02-27 10:51:56.363 31041-31394 ViewRootImplStubImpl    com.subastandolo.app                 D  requestedTypes: 8
2026-02-27 10:51:56.368 31041-31183 Capacitor               com.subastandolo.app                 D  Handling local request: https://localhost/icons/icon-192.png
2026-02-27 10:51:56.370 31041-31041 HandWritingStubImpl     com.subastandolo.app                 I  getCurrentKeyboardType: 1
2026-02-27 10:51:56.373 31041-31394 ViewRootImplStubImpl    com.subastandolo.app                 D  onAnimationStart
2026-02-27 10:51:56.374 31041-31183 Capacitor               com.subastandolo.app                 D  Handling local request: https://localhost/favicon.png
2026-02-27 10:51:56.375 31041-31185 Capacitor               com.subastandolo.app                 D  Handling local request: https://localhost/favicon.png
2026-02-27 10:51:56.377 31041-31041 ImeTracker              com.subastandolo.app                 I  com.subastandolo.app:fb2b434f: onRequestShow at ORIGIN_CLIENT reason SHOW_SOFT_INPUT fromUser false
2026-02-27 10:51:56.381 31041-31041 InputMethodManager      com.subastandolo.app                 D  showSoftInput() view=com.getcapacitor.CapacitorWebView{8cd7010 VFEDHVC.. .F...... 0,0-720,1600 #7f090202 app:id/webview aid=1073741824} flags=0 reason=SHOW_SOFT_INPUT
2026-02-27 10:51:56.405 31041-31394 ViewRootImplStubImpl    com.subastandolo.app                 D  onAnimationUpdate, value: 0.0
2026-02-27 10:51:56.423 31041-31394 ViewRootImplStubImpl    com.subastandolo.app                 D  onAnimationUpdate, value: 0.05348716
2026-02-27 10:51:56.430 31041-31183 Capacitor               com.subastandolo.app                 D  Handling local request: https://localhost/icons/icon-192.png
2026-02-27 10:51:56.431 31041-31185 Capacitor               com.subastandolo.app                 D  Handling local request: https://localhost/favicon.png
2026-02-27 10:51:56.435 31041-31041 ImeTracker              com.subastandolo.app                 I  com.subastandolo.app:f2228258: onRequestHide at ORIGIN_CLIENT reason HIDE_SOFT_INPUT fromUser false
2026-02-27 10:51:56.435 31041-31186 Capacitor               com.subastandolo.app                 D  Handling local request: https://localhost/favicon.png
2026-02-27 10:51:56.438 31041-31041 HandWritingStubImpl     com.subastandolo.app                 I  getCurrentKeyboardType: 1
2026-02-27 10:51:56.439 31041-31394 ViewRootImplStubImpl    com.subastandolo.app                 D  onAnimationUpdate, value: 0.17750502
2026-02-27 10:51:56.450 31041-31041 MIUIInput               com.subastandolo.app                 I  [MotionEvent] ViewRootImpl windowName 'com.subastandolo.app/com.subastandolo.app.MainActivity', { action=ACTION_UP, id[0]=0, pointerCount=1, eventTime=462057680, downTime=462057464, phoneEventTime=10:51:56.435 } moveCount:11
2026-02-27 10:51:56.455 31041-31394 ViewRootImplStubImpl    com.subastandolo.app                 D  onAnimationUpdate, value: 0.31826413
2026-02-27 10:51:56.463 31041-31381 RemoteInpu...ectionImpl com.subastandolo.app                 W  requestCursorUpdates on inactive InputConnection
2026-02-27 10:51:56.464 31041-31041 ScrollIdentify          com.subastandolo.app                 I  on fling
2026-02-27 10:51:56.469 31041-31041 Capacitor/Console       com.subastandolo.app                 I  File:  - Line 333 - Msg: {"biometryType":3,"deviceIsSecure":true,"strongBiometryIsAvailable":true,"isAvailable":true,"authenticationStrength":1}
2026-02-27 10:51:56.470 31041-31041 Capacitor/Console       com.subastandolo.app                 I  File:  - Line 349 - Msg: [object Object]
2026-02-27 10:51:56.475 31041-31394 ViewRootImplStubImpl    com.subastandolo.app                 D  onAnimationUpdate, value: 0.45108825
2026-02-27 10:51:56.488 31041-31041 Capacitor/Plugin        com.subastandolo.app                 V  To native (Capacitor plugin): callbackId: 130362801, pluginId: NativeBiometric, methodName: isAvailable
2026-02-27 10:51:56.488 31041-31041 Capacitor               com.subastandolo.app                 V  callback: 130362801, pluginId: NativeBiometric, methodName: isAvailable, methodData: {}
2026-02-27 10:51:56.489 31041-31394 ViewRootImplStubImpl    com.subastandolo.app                 D  onAnimationUpdate, value: 0.5663251
2026-02-27 10:51:56.491 31041-31041 InsetsController        com.subastandolo.app                 D  show(ime(), fromIme=true)
2026-02-27 10:51:56.492 31041-31041 ImeTracker              com.subastandolo.app                 I  com.subastandolo.app:399c0d0d: onCancelled at PHASE_CLIENT_ANIMATION_CANCEL
2026-02-27 10:51:56.492 31041-31041 InsetsController        com.subastandolo.app                 D  cancelAnimation of types: 8, animType: 1, host: com.subastandolo.app/com.subastandolo.app.MainActivity invokeCallback=true reason=android.view.InsetsController.cancelExistingControllers:1768 android.view.InsetsController.controlAnimationUncheckedInner:1583 android.view.InsetsController.controlAnimationUnchecked:1421 android.view.InsetsController.applyAnimation:2079 android.view.InsetsController.applyAnimation:2050 android.view.InsetsController.show:1259 android.view.ViewRootImpl$ViewRootHandler.handleMessageImpl:7795 android.view.ViewRootImpl$ViewRootHandler.handleMessage:7726 android.os.Handler.dispatchMessage:107 android.os.Looper.loopOnce:249 
2026-02-27 10:51:56.500 31041-31041 HandWritingStubImpl     com.subastandolo.app                 I  getCurrentKeyboardType: 1
2026-02-27 10:51:56.502 31041-31394 ViewRootImplStubImpl    com.subastandolo.app                 D  springAnimation ready to cancel:miuix.system.animation.physics.SpringAnimation@61ed365android.view.InsetsController$InternalAnimationControlListener.onCancelled:523 android.view.InsetsAnimationControlImpl.cancel:361 android.view.InsetsAnimationThreadControlRunner$$ExternalSyntheticLambda1.run:0 android.os.Handler.handleCallback:959 android.os.Handler.dispatchMessage:100 
2026-02-27 10:51:56.502 31041-31394 ViewRootImplStubImpl    com.subastandolo.app                 D  onAnimationEnd,canceled: true
2026-02-27 10:51:56.503 31041-31394 ViewRootImplStubImpl    com.subastandolo.app                 D  requestedTypes: 8
2026-02-27 10:51:56.503 31041-31041 ImeTracker              com.subastandolo.app                 I  com.subastandolo.app:a329f00d: onRequestShow at ORIGIN_CLIENT reason SHOW_SOFT_INPUT fromUser false
2026-02-27 10:51:56.504 31041-31041 InputMethodManager      com.subastandolo.app                 D  showSoftInput() view=com.getcapacitor.CapacitorWebView{8cd7010 VFEDHVC.. .F...... 0,0-720,1600 #7f090202 app:id/webview aid=1073741824} flags=0 reason=SHOW_SOFT_INPUT
2026-02-27 10:51:56.508 31041-31394 ViewRootImplStubImpl    com.subastandolo.app                 D  onAnimationStart
2026-02-27 10:51:56.510 31041-31183 Capacitor               com.subastandolo.app                 D  Handling local request: https://localhost/icons/icon-192.png
2026-02-27 10:51:56.513 31041-31183 Capacitor               com.subastandolo.app                 D  Handling local request: https://localhost/favicon.png
2026-02-27 10:51:56.517 31041-31183 Capacitor               com.subastandolo.app                 D  Handling local request: https://localhost/favicon.png
2026-02-27 10:51:56.523 31041-31381 RemoteInpu...ectionImpl com.subastandolo.app                 W  requestCursorUpdates on inactive InputConnection
2026-02-27 10:51:56.529 31041-31394 ViewRootImplStubImpl    com.subastandolo.app                 D  onAnimationUpdate, value: 0.0
2026-02-27 10:51:56.541 31041-31394 ViewRootImplStubImpl    com.subastandolo.app                 D  onAnimationUpdate, value: 0.04737612
2026-02-27 10:51:56.555 31041-31041 HandWritingStubImpl     com.subastandolo.app                 I  getCurrentKeyboardType: 1
2026-02-27 10:51:56.555 31041-31394 ViewRootImplStubImpl    com.subastandolo.app                 D  onAnimationUpdate, value: 0.15955046
2026-02-27 10:51:56.567 31041-31041 ImeTracker              com.subastandolo.app                 I  com.subastandolo.app:b6b15dd9: onRequestShow at ORIGIN_CLIENT reason SHOW_SOFT_INPUT fromUser false
2026-02-27 10:51:56.568 31041-31041 InputMethodManager      com.subastandolo.app                 D  showSoftInput() view=com.getcapacitor.CapacitorWebView{8cd7010 VFEDHVC.. .F...... 0,0-720,1600 #7f090202 app:id/webview aid=1073741824} flags=0 reason=SHOW_SOFT_INPUT
2026-02-27 10:51:56.571 31041-31183 Capacitor               com.subastandolo.app                 D  Handling local request: https://localhost/icons/icon-192.png
2026-02-27 10:51:56.573 31041-31394 ViewRootImplStubImpl    com.subastandolo.app                 D  onAnimationUpdate, value: 0.29107222
2026-02-27 10:51:56.576 31041-31185 Capacitor               com.subastandolo.app                 D  Handling local request: https://localhost/favicon.png
2026-02-27 10:51:56.583 31041-31186 Capacitor               com.subastandolo.app                 D  Handling local request: https://localhost/favicon.png
2026-02-27 10:51:56.589 31041-31394 ViewRootImplStubImpl    com.subastandolo.app                 D  onAnimationUpdate, value: 0.419081
2026-02-27 10:51:56.597 31041-31041 InsetsController        com.subastandolo.app                 D  hide(ime(), fromIme=true)
2026-02-27 10:51:56.598 31041-31041 ImeTracker              com.subastandolo.app                 I  com.subastandolo.app:fb2b434f: onCancelled at PHASE_CLIENT_ANIMATION_CANCEL
2026-02-27 10:51:56.599 31041-31041 InsetsController        com.subastandolo.app                 D  cancelAnimation of types: 8, animType: 0, host: com.subastandolo.app/com.subastandolo.app.MainActivity invokeCallback=true reason=android.view.InsetsController.cancelExistingControllers:1768 android.view.InsetsController.controlAnimationUncheckedInner:1583 android.view.InsetsController.controlAnimationUnchecked:1421 android.view.InsetsController.applyAnimation:2079 android.view.InsetsController.applyAnimation:2050 android.view.InsetsController.hide:1371 android.view.ViewRootImpl$ViewRootHandler.handleMessageImpl:7802 android.view.ViewRootImpl$ViewRootHandler.handleMessage:7726 android.os.Handler.dispatchMessage:107 android.os.Looper.loopOnce:249 
2026-02-27 10:51:56.601 31041-31381 RemoteInpu...ectionImpl com.subastandolo.app                 W  getSurroundingText on inactive InputConnection
2026-02-27 10:51:56.603 31041-31394 ViewRootImplStubImpl    com.subastandolo.app                 D  springAnimation ready to cancel:miuix.system.animation.physics.SpringAnimation@5330642android.view.InsetsController$InternalAnimationControlListener.onCancelled:523 android.view.InsetsAnimationControlImpl.cancel:361 android.view.InsetsAnimationThreadControlRunner$$ExternalSyntheticLambda1.run:0 android.os.Handler.handleCallback:959 android.os.Handler.dispatchMessage:100 
2026-02-27 10:51:56.603 31041-31394 ViewRootImplStubImpl    com.subastandolo.app                 D  onAnimationEnd,canceled: true
2026-02-27 10:51:56.604 31041-31394 ViewRootImplStubImpl    com.subastandolo.app                 D  requestedTypes: 8
2026-02-27 10:51:56.606 31041-31394 ViewRootImplStubImpl    com.subastandolo.app                 D  onAnimationStart
2026-02-27 10:51:56.613 31041-31041 Capacitor/Console       com.subastandolo.app                 I  File:  - Line 349 - Msg: [object Object]
2026-02-27 10:51:56.614 31041-31041 Capacitor/Console       com.subastandolo.app                 I  File:  - Line 333 - Msg: {"biometryType":3,"deviceIsSecure":true,"strongBiometryIsAvailable":true,"isAvailable":true,"authenticationStrength":1}
2026-02-27 10:51:56.617 31041-31041 Capacitor/Plugin        com.subastandolo.app                 V  To native (Capacitor plugin): callbackId: 130362802, pluginId: NativeBiometric, methodName: isAvailable
2026-02-27 10:51:56.617 31041-31041 Capacitor               com.subastandolo.app                 V  callback: 130362802, pluginId: NativeBiometric, methodName: isAvailable, methodData: {}
2026-02-27 10:51:56.623 31041-31394 ViewRootImplStubImpl    com.subastandolo.app                 D  onAnimationUpdate, value: 0.0
2026-02-27 10:51:56.639 31041-31394 ViewRootImplStubImpl    com.subastandolo.app                 D  onAnimationUpdate, value: 0.05349208
2026-02-27 10:51:56.644 31041-31381 RemoteInpu...ectionImpl com.subastandolo.app                 W  requestCursorUpdates on inactive InputConnection
2026-02-27 10:51:56.654 31041-31041 InsetsController        com.subastandolo.app                 D  show(ime(), fromIme=true)
2026-02-27 10:51:56.655 31041-31041 ImeTracker              com.subastandolo.app                 I  com.subastandolo.app:f2228258: onCancelled at PHASE_CLIENT_ANIMATION_CANCEL
2026-02-27 10:51:56.655 31041-31041 InsetsController        com.subastandolo.app                 D  cancelAnimation of types: 8, animType: 1, host: com.subastandolo.app/com.subastandolo.app.MainActivity invokeCallback=true reason=android.view.InsetsController.cancelExistingControllers:1768 android.view.InsetsController.controlAnimationUncheckedInner:1583 android.view.InsetsController.controlAnimationUnchecked:1421 android.view.InsetsController.applyAnimation:2079 android.view.InsetsController.applyAnimation:2050 android.view.InsetsController.show:1259 android.view.ViewRootImpl$ViewRootHandler.handleMessageImpl:7795 android.view.ViewRootImpl$ViewRootHandler.handleMessage:7726 android.os.Handler.dispatchMessage:107 android.os.Looper.loopOnce:249 
2026-02-27 10:51:56.658 31041-31394 ViewRootImplStubImpl    com.subastandolo.app                 D  onAnimationUpdate, value: 0.17751399
2026-02-27 10:51:56.664 31041-31394 ViewRootImplStubImpl    com.subastandolo.app                 D  springAnimation ready to cancel:miuix.system.animation.physics.SpringAnimation@c226cb5android.view.InsetsController$InternalAnimationControlListener.onCancelled:523 android.view.InsetsAnimationControlImpl.cancel:361 android.view.InsetsAnimationThreadControlRunner$$ExternalSyntheticLambda1.run:0 android.os.Handler.handleCallback:959 android.os.Handler.dispatchMessage:100 
2026-02-27 10:51:56.664 31041-31394 ViewRootImplStubImpl    com.subastandolo.app                 D  onAnimationEnd,canceled: true
2026-02-27 10:51:56.665 31041-31394 ViewRootImplStubImpl    com.subastandolo.app                 D  requestedTypes: 8
2026-02-27 10:51:56.674 31041-31394 ViewRootImplStubImpl    com.subastandolo.app                 D  onAnimationStart
2026-02-27 10:51:56.681 31041-31041 ImeTracker              com.subastandolo.app                 I  com.subastandolo.app:1bfe4085: onRequestHide at ORIGIN_CLIENT reason HIDE_SOFT_INPUT fromUser false
2026-02-27 10:51:56.684 31041-31041 HandWritingStubImpl     com.subastandolo.app                 I  getCurrentKeyboardType: 1
2026-02-27 10:51:56.689 31041-31183 Capacitor               com.subastandolo.app                 D  Handling local request: https://localhost/icons/icon-192.png
2026-02-27 10:51:56.692 31041-31394 ViewRootImplStubImpl    com.subastandolo.app                 D  onAnimationUpdate, value: 0.0
2026-02-27 10:51:56.694 31041-31185 Capacitor               com.subastandolo.app                 D  Handling local request: https://localhost/favicon.png
2026-02-27 10:51:56.697 31041-31183 Capacitor               com.subastandolo.app                 D  Handling local request: https://localhost/favicon.png
2026-02-27 10:51:56.699 31041-31190 Capacitor               com.subastandolo.app                 D  Handling local request: https://localhost/icons/icon-192.png
2026-02-27 10:51:56.706 31041-31394 ViewRootImplStubImpl    com.subastandolo.app                 D  onAnimationUpdate, value: 0.04738585
2026-02-27 10:51:56.707 31041-31381 RemoteInpu...ectionImpl com.subastandolo.app                 W  requestCursorUpdates on inactive InputConnection
2026-02-27 10:51:56.708 31041-31183 Capacitor               com.subastandolo.app                 D  Handling local request: https://localhost/favicon.png
2026-02-27 10:51:56.709 31041-31185 Capacitor               com.subastandolo.app                 D  Handling local request: https://localhost/favicon.png
2026-02-27 10:51:56.709 31041-31381 RemoteInpu...ectionImpl com.subastandolo.app                 W  getSurroundingText on inactive InputConnection
2026-02-27 10:51:56.722 31041-31394 ViewRootImplStubImpl    com.subastandolo.app                 D  onAnimationUpdate, value: 0.15958005
2026-02-27 10:51:56.733 31041-31381 RemoteInpu...ectionImpl com.subastandolo.app                 W  requestCursorUpdates on inactive InputConnection
2026-02-27 10:51:56.734 31041-31041 Capacitor/Console       com.subastandolo.app                 I  File:  - Line 349 - Msg: [object Object]
2026-02-27 10:51:56.736 31041-31381 RemoteInpu...ectionImpl com.subastandolo.app                 W  requestCursorUpdates on inactive InputConnection
2026-02-27 10:51:56.737 31041-31041 Capacitor/Plugin        com.subastandolo.app                 V  To native (Capacitor plugin): callbackId: 130362803, pluginId: NativeBiometric, methodName: isAvailable
2026-02-27 10:51:56.737 31041-31041 Capacitor               com.subastandolo.app                 V  callback: 130362803, pluginId: NativeBiometric, methodName: isAvailable, methodData: {}
2026-02-27 10:51:56.741 31041-31394 ViewRootImplStubImpl    com.subastandolo.app                 D  onAnimationUpdate, value: 0.29111338
2026-02-27 10:51:56.750 31041-31041 Capacitor/Console       com.subastandolo.app                 I  File:  - Line 333 - Msg: {"biometryType":3,"deviceIsSecure":true,"strongBiometryIsAvailable":true,"isAvailable":true,"authenticationStrength":1}
2026-02-27 10:51:56.753 31041-31041 InsetsController        com.subastandolo.app                 D  show(ime(), fromIme=true)
2026-02-27 10:51:56.754 31041-31041 ImeTracker              com.subastandolo.app                 I  com.subastandolo.app:b6b15dd9: onCancelled at PHASE_CLIENT_APPLY_ANIMATION
2026-02-27 10:51:56.756 31041-31394 ViewRootImplStubImpl    com.subastandolo.app                 D  onAnimationUpdate, value: 0.4191289
2026-02-27 10:51:56.758 31041-31381 RemoteInpu...ectionImpl com.subastandolo.app                 W  requestCursorUpdates on inactive InputConnection
2026-02-27 10:51:56.768 31041-31041 InsetsController        com.subastandolo.app                 D  hide(ime(), fromIme=true)
2026-02-27 10:51:56.769 31041-31041 ImeTracker              com.subastandolo.app                 I  com.subastandolo.app:a329f00d: onCancelled at PHASE_CLIENT_ANIMATION_CANCEL
2026-02-27 10:51:56.770 31041-31041 InsetsController        com.subastandolo.app                 D  cancelAnimation of types: 8, animType: 0, host: com.subastandolo.app/com.subastandolo.app.MainActivity invokeCallback=true reason=android.view.InsetsController.cancelExistingControllers:1768 android.view.InsetsController.controlAnimationUncheckedInner:1583 android.view.InsetsController.controlAnimationUnchecked:1421 android.view.InsetsController.applyAnimation:2079 android.view.InsetsController.applyAnimation:2050 android.view.InsetsController.hide:1371 android.view.ViewRootImpl$ViewRootHandler.handleMessageImpl:7802 android.view.ViewRootImpl$ViewRootHandler.handleMessage:7726 android.os.Handler.dispatchMessage:107 android.os.Looper.loopOnce:249 
2026-02-27 10:51:56.777 31041-31394 ViewRootImplStubImpl    com.subastandolo.app                 D  springAnimation ready to cancel:miuix.system.animation.physics.SpringAnimation@d185b97android.view.InsetsController$InternalAnimationControlListener.onCancelled:523 android.view.InsetsAnimationControlImpl.cancel:361 android.view.InsetsAnimationThreadControlRunner$$ExternalSyntheticLambda1.run:0 android.os.Handler.handleCallback:959 android.os.Handler.dispatchMessage:100 
2026-02-27 10:51:56.777 31041-31394 ViewRootImplStubImpl    com.subastandolo.app                 D  onAnimationEnd,canceled: true
2026-02-27 10:51:56.782 31041-31394 ViewRootImplStubImpl    com.subastandolo.app                 D  requestedTypes: 8
2026-02-27 10:51:56.783 31041-31394 ViewRootImplStubImpl    com.subastandolo.app                 D  onAnimationStart
2026-02-27 10:51:56.785 31041-31394 ViewRootImplStubImpl    com.subastandolo.app                 D  onAnimationUpdate, value: 0.0
2026-02-27 10:51:56.789 31041-31394 ViewRootImplStubImpl    com.subastandolo.app                 D  onAnimationUpdate, value: 0.053496975
2026-02-27 10:51:56.792 31041-31041 HandWritingStubImpl     com.subastandolo.app                 I  getCurrentKeyboardType: 1
2026-02-27 10:51:56.798 31041-31041 ImeTracker              com.subastandolo.app                 I  com.subastandolo.app:665e92b2: onRequestShow at ORIGIN_CLIENT reason SHOW_SOFT_INPUT fromUser false
2026-02-27 10:51:56.799 31041-31041 InputMethodManager      com.subastandolo.app                 D  showSoftInput() view=com.getcapacitor.CapacitorWebView{8cd7010 VFEDHVC.. .F...... 0,0-720,1600 #7f090202 app:id/webview aid=1073741824} flags=0 reason=SHOW_SOFT_INPUT
2026-02-27 10:51:56.805 31041-31394 ViewRootImplStubImpl    com.subastandolo.app                 D  onAnimationUpdate, value: 0.1775297
2026-02-27 10:51:56.815 31041-31183 Capacitor               com.subastandolo.app                 D  Handling local request: https://localhost/icons/icon-192.png
2026-02-27 10:51:56.816 31041-31196 Capacitor               com.subastandolo.app                 D  Handling local request: https://localhost/icons/icon-192.png
2026-02-27 10:51:56.817 31041-31183 Capacitor               com.subastandolo.app                 D  Handling local request: https://localhost/favicon.png
2026-02-27 10:51:56.818 31041-31190 Capacitor               com.subastandolo.app                 D  Handling local request: https://localhost/favicon.png
2026-02-27 10:51:56.818 31041-31195 Capacitor               com.subastandolo.app                 D  Handling local request: https://localhost/favicon.png
2026-02-27 10:51:56.819 31041-31186 Capacitor               com.subastandolo.app                 D  Handling local request: https://localhost/favicon.png
2026-02-27 10:51:56.822 31041-31394 ViewRootImplStubImpl    com.subastandolo.app                 D  onAnimationUpdate, value: 0.31830007
2026-02-27 10:51:56.840 31041-31394 ViewRootImplStubImpl    com.subastandolo.app                 D  onAnimationUpdate, value: 0.45113656
2026-02-27 10:51:56.857 31041-31394 ViewRootImplStubImpl    com.subastandolo.app                 D  onAnimationUpdate, value: 0.56637865
2026-02-27 10:51:56.874 31041-31394 ViewRootImplStubImpl    com.subastandolo.app                 D  onAnimationUpdate, value: 0.66180384
2026-02-27 10:51:56.884 31041-31041 Capacitor/Console       com.subastandolo.app                 I  File:  - Line 333 - Msg: {"biometryType":3,"deviceIsSecure":true,"strongBiometryIsAvailable":true,"isAvailable":true,"authenticationStrength":1}
2026-02-27 10:51:56.888 31041-31394 ViewRootImplStubImpl    com.subastandolo.app                 D  onAnimationUpdate, value: 0.73858744
2026-02-27 10:51:56.893 31041-31041 InsetsController        com.subastandolo.app                 D  show(ime(), fromIme=true)
2026-02-27 10:51:56.896 31041-31041 ImeTracker              com.subastandolo.app                 I  com.subastandolo.app:1bfe4085: onCancelled at PHASE_CLIENT_ANIMATION_CANCEL
2026-02-27 10:51:56.897 31041-31041 InsetsController        com.subastandolo.app                 D  cancelAnimation of types: 8, animType: 1, host: com.subastandolo.app/com.subastandolo.app.MainActivity invokeCallback=true reason=android.view.InsetsController.cancelExistingControllers:1768 android.view.InsetsController.controlAnimationUncheckedInner:1583 android.view.InsetsController.controlAnimationUnchecked:1421 android.view.InsetsController.applyAnimation:2079 android.view.InsetsController.applyAnimation:2050 android.view.InsetsController.show:1259 android.view.ViewRootImpl$ViewRootHandler.handleMessageImpl:7795 android.view.ViewRootImpl$ViewRootHandler.handleMessage:7726 android.os.Handler.dispatchMessage:107 android.os.Looper.loopOnce:249 
2026-02-27 10:51:56.899 31041-31394 ViewRootImplStubImpl    com.subastandolo.app                 D  springAnimation ready to cancel:miuix.system.animation.physics.SpringAnimation@7c280c6android.view.InsetsController$InternalAnimationControlListener.onCancelled:523 android.view.InsetsAnimationControlImpl.cancel:361 android.view.InsetsAnimationThreadControlRunner$$ExternalSyntheticLambda1.run:0 android.os.Handler.handleCallback:959 android.os.Handler.dispatchMessage:100 
2026-02-27 10:51:56.899 31041-31394 ViewRootImplStubImpl    com.subastandolo.app                 D  onAnimationEnd,canceled: true
2026-02-27 10:51:56.899 31041-31394 ViewRootImplStubImpl    com.subastandolo.app                 D  requestedTypes: 8
2026-02-27 10:51:56.905 31041-31394 ViewRootImplStubImpl    com.subastandolo.app                 D  onAnimationStart
2026-02-27 10:51:56.909 31041-31185 Capacitor               com.subastandolo.app                 D  Handling local request: https://localhost/favicon.png
2026-02-27 10:51:56.912 31041-31183 Capacitor               com.subastandolo.app                 D  Handling local request: https://localhost/icons/icon-192.png
2026-02-27 10:51:56.915 31041-31185 Capacitor               com.subastandolo.app                 D  Handling local request: https://localhost/favicon.png
2026-02-27 10:51:56.917 31041-31394 ViewRootImplStubImpl    com.subastandolo.app                 D  onAnimationUpdate, value: 0.0
2026-02-27 10:51:56.924 31041-31394 ViewRootImplStubImpl    com.subastandolo.app                 D  onAnimationUpdate, value: 0.047385845
2026-02-27 10:51:56.937 31041-31041 ImeTracker              com.subastandolo.app                 I  com.subastandolo.app:6f8a15df: onRequestHide at ORIGIN_CLIENT reason HIDE_SOFT_INPUT fromUser false
2026-02-27 10:51:56.938 31041-31394 ViewRootImplStubImpl    com.subastandolo.app                 D  onAnimationUpdate, value: 0.15957911
2026-02-27 10:51:56.939 31041-31041 HandWritingStubImpl     com.subastandolo.app                 I  getCurrentKeyboardType: 1
2026-02-27 10:51:56.945 31041-31381 RemoteInpu...ectionImpl com.subastandolo.app                 W  requestCursorUpdates on inactive InputConnection
2026-02-27 10:51:56.953 31041-31041 InsetsController        com.subastandolo.app                 D  hide(ime(), fromIme=true)
2026-02-27 10:51:56.954 31041-31041 ImeTracker              com.subastandolo.app                 I  com.subastandolo.app:665e92b2: onCancelled at PHASE_CLIENT_ANIMATION_CANCEL
2026-02-27 10:51:56.954 31041-31041 InsetsController        com.subastandolo.app                 D  cancelAnimation of types: 8, animType: 0, host: com.subastandolo.app/com.subastandolo.app.MainActivity invokeCallback=true reason=android.view.InsetsController.cancelExistingControllers:1768 android.view.InsetsController.controlAnimationUncheckedInner:1583 android.view.InsetsController.controlAnimationUnchecked:1421 android.view.InsetsController.applyAnimation:2079 android.view.InsetsController.applyAnimation:2050 android.view.InsetsController.hide:1371 android.view.ViewRootImpl$ViewRootHandler.handleMessageImpl:7802 android.view.ViewRootImpl$ViewRootHandler.handleMessage:7726 android.os.Handler.dispatchMessage:107 android.os.Looper.loopOnce:249 
2026-02-27 10:51:56.957 31041-31394 ViewRootImplStubImpl    com.subastandolo.app                 D  springAnimation ready to cancel:miuix.system.animation.physics.SpringAnimation@c32f4eandroid.view.InsetsController$InternalAnimationControlListener.onCancelled:523 android.view.InsetsAnimationControlImpl.cancel:361 android.view.InsetsAnimationThreadControlRunner$$ExternalSyntheticLambda1.run:0 android.os.Handler.handleCallback:959 android.os.Handler.dispatchMessage:100 
2026-02-27 10:51:56.958 31041-31394 ViewRootImplStubImpl    com.subastandolo.app                 D  onAnimationEnd,canceled: true
2026-02-27 10:51:56.959 31041-31394 ViewRootImplStubImpl    com.subastandolo.app                 D  requestedTypes: 8
2026-02-27 10:51:56.972 31041-31394 ViewRootImplStubImpl    com.subastandolo.app                 D  onAnimationStart
2026-02-27 10:51:56.976 31041-31041 Capacitor/Console       com.subastandolo.app                 I  File:  - Line 349 - Msg: [object Object]
2026-02-27 10:51:56.979 31041-31394 ViewRootImplStubImpl    com.subastandolo.app                 D  onAnimationUpdate, value: 0.0
2026-02-27 10:51:56.984 31041-31041 HandWritingStubImpl     com.subastandolo.app                 I  getCurrentKeyboardType: 1
2026-02-27 10:51:56.986 31041-31041 ImeTracker              com.subastandolo.app                 I  com.subastandolo.app:886e309c: onRequestShow at ORIGIN_CLIENT reason SHOW_SOFT_INPUT fromUser false
2026-02-27 10:51:56.987 31041-31041 InputMethodManager      com.subastandolo.app                 D  showSoftInput() view=com.getcapacitor.CapacitorWebView{8cd7010 VFEDHVC.. .F....ID 0,0-720,1600 #7f090202 app:id/webview aid=1073741824} flags=0 reason=SHOW_SOFT_INPUT
2026-02-27 10:51:56.989 31041-31394 ViewRootImplStubImpl    com.subastandolo.app                 D  onAnimationUpdate, value: 0.053488623
2026-02-27 10:51:56.996 31041-31183 Capacitor               com.subastandolo.app                 D  Handling local request: https://localhost/icons/icon-192.png
2026-02-27 10:51:57.004 31041-31041 Capacitor/Plugin        com.subastandolo.app                 V  To native (Capacitor plugin): callbackId: 130362804, pluginId: NativeBiometric, methodName: isAvailable
2026-02-27 10:51:57.004 31041-31041 Capacitor               com.subastandolo.app                 V  callback: 130362804, pluginId: NativeBiometric, methodName: isAvailable, methodData: {}
2026-02-27 10:51:57.005 31041-31394 ViewRootImplStubImpl    com.subastandolo.app                 D  onAnimationUpdate, value: 0.17750095
2026-02-27 10:51:57.021 31041-31041 MIUIInput               com.subastandolo.app                 I  [MotionEvent] ViewRootImpl windowName 'com.subastandolo.app/com.subastandolo.app.MainActivity', { action=ACTION_DOWN, id[0]=0, pointerCount=1, eventTime=462058263, downTime=462058263, phoneEventTime=10:51:57.017 } moveCount:0
2026-02-27 10:51:57.023 31041-31394 ViewRootImplStubImpl    com.subastandolo.app                 D  onAnimationUpdate, value: 0.3182527
2026-02-27 10:51:57.039 31041-31394 ViewRootImplStubImpl    com.subastandolo.app                 D  onAnimationUpdate, value: 0.45107943
2026-02-27 10:51:57.046 31041-31041 InsetsController        com.subastandolo.app                 D  show(ime(), fromIme=true)
2026-02-27 10:51:57.049 31041-31041 ImeTracker              com.subastandolo.app                 I  com.subastandolo.app:6f8a15df: onCancelled at PHASE_CLIENT_ANIMATION_CANCEL
2026-02-27 10:51:57.050 31041-31041 InsetsController        com.subastandolo.app                 D  cancelAnimation of types: 8, animType: 1, host: com.subastandolo.app/com.subastandolo.app.MainActivity invokeCallback=true reason=android.view.InsetsController.cancelExistingControllers:1768 android.view.InsetsController.controlAnimationUncheckedInner:1583 android.view.InsetsController.controlAnimationUnchecked:1421 android.view.InsetsController.applyAnimation:2079 android.view.InsetsController.applyAnimation:2050 android.view.InsetsController.show:1259 android.view.ViewRootImpl$ViewRootHandler.handleMessageImpl:7795 android.view.ViewRootImpl$ViewRootHandler.handleMessage:7726 android.os.Handler.dispatchMessage:107 android.os.Looper.loopOnce:249 
2026-02-27 10:51:57.054 31041-31394 ViewRootImplStubImpl    com.subastandolo.app                 D  springAnimation ready to cancel:miuix.system.animation.physics.SpringAnimation@96a29acandroid.view.InsetsController$InternalAnimationControlListener.onCancelled:523 android.view.InsetsAnimationControlImpl.cancel:361 android.view.InsetsAnimationThreadControlRunner$$ExternalSyntheticLambda1.run:0 android.os.Handler.handleCallback:959 android.os.Handler.dispatchMessage:100 
2026-02-27 10:51:57.056 31041-31394 ViewRootImplStubImpl    com.subastandolo.app                 D  onAnimationEnd,canceled: true
2026-02-27 10:51:57.056 31041-31394 ViewRootImplStubImpl    com.subastandolo.app                 D  requestedTypes: 8
2026-02-27 10:51:57.058 31041-31394 ViewRootImplStubImpl    com.subastandolo.app                 D  onAnimationStart
2026-02-27 10:51:57.060 31041-31185 Capacitor               com.subastandolo.app                 D  Handling local request: https://localhost/favicon.png
2026-02-27 10:51:57.063 31041-31041 ImeTracker              com.subastandolo.app                 I  com.subastandolo.app:90746093: onRequestHide at ORIGIN_CLIENT reason HIDE_SOFT_INPUT fromUser false
2026-02-27 10:51:57.063 31041-31183 Capacitor               com.subastandolo.app                 D  Handling local request: https://localhost/favicon.png
2026-02-27 10:51:57.066 31041-31041 HandWritingStubImpl     com.subastandolo.app                 I  getCurrentKeyboardType: 1
2026-02-27 10:51:57.071 31041-31381 RemoteInpu...ectionImpl com.subastandolo.app                 W  requestCursorUpdates on inactive InputConnection
2026-02-27 10:51:57.089 31041-31041 Capacitor/Console       com.subastandolo.app                 I  File:  - Line 333 - Msg: {"biometryType":3,"deviceIsSecure":true,"strongBiometryIsAvailable":true,"isAvailable":true,"authenticationStrength":1}
2026-02-27 10:51:57.089 31041-31041 Capacitor/Console       com.subastandolo.app                 I  File:  - Line 349 - Msg: [object Object]
2026-02-27 10:51:57.093 31041-31041 InsetsController        com.subastandolo.app                 D  hide(ime(), fromIme=true)
2026-02-27 10:51:57.094 31041-31041 ImeTracker              com.subastandolo.app                 I  com.subastandolo.app:886e309c: onCancelled at PHASE_CLIENT_ANIMATION_CANCEL
2026-02-27 10:51:57.094 31041-31394 ViewRootImplStubImpl    com.subastandolo.app                 D  onAnimationUpdate, value: 0.0
2026-02-27 10:51:57.094 31041-31041 InsetsController        com.subastandolo.app                 D  cancelAnimation of types: 8, animType: 0, host: com.subastandolo.app/com.subastandolo.app.MainActivity invokeCallback=true reason=android.view.InsetsController.cancelExistingControllers:1768 android.view.InsetsController.controlAnimationUncheckedInner:1583 android.view.InsetsController.controlAnimationUnchecked:1421 android.view.InsetsController.applyAnimation:2079 android.view.InsetsController.applyAnimation:2050 android.view.InsetsController.hide:1371 android.view.ViewRootImpl$ViewRootHandler.handleMessageImpl:7802 android.view.ViewRootImpl$ViewRootHandler.handleMessage:7726 android.os.Handler.dispatchMessage:107 android.os.Looper.loopOnce:249 
2026-02-27 10:51:57.097 31041-31394 ViewRootImplStubImpl    com.subastandolo.app                 D  springAnimation ready to cancel:miuix.system.animation.physics.SpringAnimation@9d04129android.view.InsetsController$InternalAnimationControlListener.onCancelled:523 android.view.InsetsAnimationControlImpl.cancel:361 android.view.InsetsAnimationThreadControlRunner$$ExternalSyntheticLambda1.run:0 android.os.Handler.handleCallback:959 android.os.Handler.dispatchMessage:100 
2026-02-27 10:51:57.098 31041-31394 ViewRootImplStubImpl    com.subastandolo.app                 D  onAnimationEnd,canceled: true
2026-02-27 10:51:57.098 31041-31394 ViewRootImplStubImpl    com.subastandolo.app                 D  requestedTypes: 8
2026-02-27 10:51:57.101 31041-31041 HandWritingStubImpl     com.subastandolo.app                 I  getCurrentKeyboardType: 1
2026-02-27 10:51:57.105 31041-31041 ImeTracker              com.subastandolo.app                 I  com.subastandolo.app:66b5cb12: onRequestShow at ORIGIN_CLIENT reason SHOW_SOFT_INPUT fromUser false
2026-02-27 10:51:57.105 31041-31041 InputMethodManager      com.subastandolo.app                 D  showSoftInput() view=com.getcapacitor.CapacitorWebView{8cd7010 VFEDHVC.. .F....ID 0,0-720,1600 #7f090202 app:id/webview aid=1073741824} flags=0 reason=SHOW_SOFT_INPUT
2026-02-27 10:51:57.105 31041-31394 ViewRootImplStubImpl    com.subastandolo.app                 D  onAnimationStart
2026-02-27 10:51:57.110 31041-31183 Capacitor               com.subastandolo.app                 D  Handling local request: https://localhost/favicon.png
2026-02-27 10:51:57.112 31041-31185 Capacitor               com.subastandolo.app                 D  Handling local request: https://localhost/icons/icon-192.png
2026-02-27 10:51:57.113 31041-31186 Capacitor               com.subastandolo.app                 D  Handling local request: https://localhost/favicon.png
2026-02-27 10:51:57.132 31041-31041 Capacitor/Plugin        com.subastandolo.app                 V  To native (Capacitor plugin): callbackId: 130362805, pluginId: NativeBiometric, methodName: isAvailable
2026-02-27 10:51:57.132 31041-31041 Capacitor               com.subastandolo.app                 V  callback: 130362805, pluginId: NativeBiometric, methodName: isAvailable, methodData: {}
2026-02-27 10:51:57.134 31041-31394 ViewRootImplStubImpl    com.subastandolo.app                 D  onAnimationUpdate, value: 0.0
2026-02-27 10:51:57.139 31041-31394 ViewRootImplStubImpl    com.subastandolo.app                 D  onAnimationUpdate, value: 0.05348917
2026-02-27 10:51:57.151 31041-31185 Capacitor               com.subastandolo.app                 D  Handling local request: https://localhost/favicon.png
2026-02-27 10:51:57.152 31041-31183 Capacitor               com.subastandolo.app                 D  Handling local request: https://localhost/icons/icon-192.png
2026-02-27 10:51:57.153 31041-31186 Capacitor               com.subastandolo.app                 D  Handling local request: https://localhost/favicon.png
2026-02-27 10:51:57.158 31041-31394 ViewRootImplStubImpl    com.subastandolo.app                 D  onAnimationUpdate, value: 0.17750625
2026-02-27 10:51:57.172 31041-31394 ViewRootImplStubImpl    com.subastandolo.app                 D  onAnimationUpdate, value: 0.3182744
2026-02-27 10:51:57.176 31041-31041 ImeTracker              com.subastandolo.app                 I  com.subastandolo.app:faa8e3c3: onRequestHide at ORIGIN_CLIENT reason HIDE_SOFT_INPUT fromUser false
2026-02-27 10:51:57.179 31041-31041 HandWritingStubImpl     com.subastandolo.app                 I  getCurrentKeyboardType: 1
2026-02-27 10:51:57.184 31041-31041 InsetsController        com.subastandolo.app                 D  show(ime(), fromIme=true)
2026-02-27 10:51:57.185 31041-31041 ImeTracker              com.subastandolo.app                 I  com.subastandolo.app:90746093: onCancelled at PHASE_CLIENT_ANIMATION_CANCEL
2026-02-27 10:51:57.185 31041-31041 InsetsController        com.subastandolo.app                 D  cancelAnimation of types: 8, animType: 1, host: com.subastandolo.app/com.subastandolo.app.MainActivity invokeCallback=true reason=android.view.InsetsController.cancelExistingControllers:1768 android.view.InsetsController.controlAnimationUncheckedInner:1583 android.view.InsetsController.controlAnimationUnchecked:1421 android.view.InsetsController.applyAnimation:2079 android.view.InsetsController.applyAnimation:2050 android.view.InsetsController.show:1259 android.view.ViewRootImpl$ViewRootHandler.handleMessageImpl:7795 android.view.ViewRootImpl$ViewRootHandler.handleMessage:7726 android.os.Handler.dispatchMessage:107 android.os.Looper.loopOnce:249 
2026-02-27 10:51:57.187 31041-31394 ViewRootImplStubImpl    com.subastandolo.app                 D  springAnimation ready to cancel:miuix.system.animation.physics.SpringAnimation@55bf3c8android.view.InsetsController$InternalAnimationControlListener.onCancelled:523 android.view.InsetsAnimationControlImpl.cancel:361 android.view.InsetsAnimationThreadControlRunner$$ExternalSyntheticLambda1.run:0 android.os.Handler.handleCallback:959 android.os.Handler.dispatchMessage:100 
2026-02-27 10:51:57.187 31041-31394 ViewRootImplStubImpl    com.subastandolo.app                 D  onAnimationEnd,canceled: true
2026-02-27 10:51:57.187 31041-31394 ViewRootImplStubImpl    com.subastandolo.app                 D  requestedTypes: 8
2026-02-27 10:51:57.189 31041-31394 ViewRootImplStubImpl    com.subastandolo.app                 D  onAnimationStart
2026-02-27 10:51:57.197 31041-31381 RemoteInpu...ectionImpl com.subastandolo.app                 W  requestCursorUpdates on inactive InputConnection
2026-02-27 10:51:57.203 31041-31394 ViewRootImplStubImpl    com.subastandolo.app                 D  onAnimationUpdate, value: 0.0
2026-02-27 10:51:57.210 31041-31394 ViewRootImplStubImpl    com.subastandolo.app                 D  onAnimationUpdate, value: 0.047386006
2026-02-27 10:51:57.215 31041-31041 Capacitor/Console       com.subastandolo.app                 I  File:  - Line 349 - Msg: [object Object]
2026-02-27 10:51:57.216 31041-31041 InsetsController        com.subastandolo.app                 D  hide(ime(), fromIme=true)
2026-02-27 10:51:57.217 31041-31041 ImeTracker              com.subastandolo.app                 I  com.subastandolo.app:66b5cb12: onCancelled at PHASE_CLIENT_ANIMATION_CANCEL
2026-02-27 10:51:57.218 31041-31041 InsetsController        com.subastandolo.app                 D  cancelAnimation of types: 8, animType: 0, host: com.subastandolo.app/com.subastandolo.app.MainActivity invokeCallback=true reason=android.view.InsetsController.cancelExistingControllers:1768 android.view.InsetsController.controlAnimationUncheckedInner:1583 android.view.InsetsController.controlAnimationUnchecked:1421 android.view.InsetsController.applyAnimation:2079 android.view.InsetsController.applyAnimation:2050 android.view.InsetsController.hide:1371 android.view.ViewRootImpl$ViewRootHandler.handleMessageImpl:7802 android.view.ViewRootImpl$ViewRootHandler.handleMessage:7726 android.os.Handler.dispatchMessage:107 android.os.Looper.loopOnce:249 
2026-02-27 10:51:57.220 31041-31041 Capacitor/Plugin        com.subastandolo.app                 V  To native (Capacitor plugin): callbackId: 130362806, pluginId: NativeBiometric, methodName: isAvailable
2026-02-27 10:51:57.221 31041-31041 Capacitor               com.subastandolo.app                 V  callback: 130362806, pluginId: NativeBiometric, methodName: isAvailable, methodData: {}
2026-02-27 10:51:57.222 31041-31394 ViewRootImplStubImpl    com.subastandolo.app                 D  springAnimation ready to cancel:miuix.system.animation.physics.SpringAnimation@a77ba36android.view.InsetsController$InternalAnimationControlListener.onCancelled:523 android.view.InsetsAnimationControlImpl.cancel:361 android.view.InsetsAnimationThreadControlRunner$$ExternalSyntheticLambda1.run:0 android.os.Handler.handleCallback:959 android.os.Handler.dispatchMessage:100 
2026-02-27 10:51:57.222 31041-31394 ViewRootImplStubImpl    com.subastandolo.app                 D  onAnimationEnd,canceled: true
2026-02-27 10:51:57.222 31041-31394 ViewRootImplStubImpl    com.subastandolo.app                 D  requestedTypes: 8
2026-02-27 10:51:57.225 31041-31394 ViewRootImplStubImpl    com.subastandolo.app                 D  onAnimationStart
2026-02-27 10:51:57.237 31041-31394 ViewRootImplStubImpl    com.subastandolo.app                 D  onAnimationUpdate, value: 0.0
2026-02-27 10:51:57.248 31041-31183 Capacitor               com.subastandolo.app                 D  Handling local request: https://localhost/icons/icon-192.png
2026-02-27 10:51:57.248 31041-31041 HandWritingStubImpl     com.subastandolo.app                 I  getCurrentKeyboardType: 1
2026-02-27 10:51:57.248 31041-31185 Capacitor               com.subastandolo.app                 D  Handling local request: https://localhost/favicon.png
2026-02-27 10:51:57.248 31041-31186 Capacitor               com.subastandolo.app                 D  Handling local request: https://localhost/favicon.png
2026-02-27 10:51:57.253 31041-31041 ImeTracker              com.subastandolo.app                 I  com.subastandolo.app:a668506: onRequestShow at ORIGIN_CLIENT reason SHOW_SOFT_INPUT fromUser false
2026-02-27 10:51:57.254 31041-31041 InputMethodManager      com.subastandolo.app                 D  showSoftInput() view=com.getcapacitor.CapacitorWebView{8cd7010 VFEDHVC.. .F...... 0,0-720,1600 #7f090202 app:id/webview aid=1073741824} flags=0 reason=SHOW_SOFT_INPUT
2026-02-27 10:51:57.256 31041-31394 ViewRootImplStubImpl    com.subastandolo.app                 D  onAnimationUpdate, value: 0.05349137
2026-02-27 10:51:57.261 31041-31041 Capacitor/Console       com.subastandolo.app                 I  File:  - Line 333 - Msg: {"biometryType":3,"deviceIsSecure":true,"strongBiometryIsAvailable":true,"isAvailable":true,"authenticationStrength":1}
2026-02-27 10:51:57.272 31041-31394 ViewRootImplStubImpl    com.subastandolo.app                 D  onAnimationUpdate, value: 0.17750923
2026-02-27 10:51:57.288 31041-31041 Capacitor/Console       com.subastandolo.app                 I  File:  - Line 333 - Msg: {"biometryType":3,"deviceIsSecure":true,"strongBiometryIsAvailable":true,"isAvailable":true,"authenticationStrength":1}
2026-02-27 10:51:57.289 31041-31394 ViewRootImplStubImpl    com.subastandolo.app                 D  onAnimationUpdate, value: 0.31826833
2026-02-27 10:51:57.305 31041-31041 MIUIInput               com.subastandolo.app                 I  [MotionEvent] ViewRootImpl windowName 'com.subastandolo.app/com.subastandolo.app.MainActivity', { action=ACTION_UP, id[0]=0, pointerCount=1, eventTime=462058546, downTime=462058263, phoneEventTime=10:51:57.300 } moveCount:17
2026-02-27 10:51:57.307 31041-31041 ScrollIdentify          com.subastandolo.app                 I  on fling
2026-02-27 10:51:57.309 31041-31394 ViewRootImplStubImpl    com.subastandolo.app                 D  onAnimationUpdate, value: 0.45109114
2026-02-27 10:51:57.309 31041-31041 InsetsController        com.subastandolo.app                 D  show(ime(), fromIme=true)
2026-02-27 10:51:57.311 31041-31041 ImeTracker              com.subastandolo.app                 I  com.subastandolo.app:faa8e3c3: onCancelled at PHASE_CLIENT_ANIMATION_CANCEL
2026-02-27 10:51:57.312 31041-31041 InsetsController        com.subastandolo.app                 D  cancelAnimation of types: 8, animType: 1, host: com.subastandolo.app/com.subastandolo.app.MainActivity invokeCallback=true reason=android.view.InsetsController.cancelExistingControllers:1768 android.view.InsetsController.controlAnimationUncheckedInner:1583 android.view.InsetsController.controlAnimationUnchecked:1421 android.view.InsetsController.applyAnimation:2079 android.view.InsetsController.applyAnimation:2050 android.view.InsetsController.show:1259 android.view.ViewRootImpl$ViewRootHandler.handleMessageImpl:7795 android.view.ViewRootImpl$ViewRootHandler.handleMessage:7726 android.os.Handler.dispatchMessage:107 android.os.Looper.loopOnce:249 
2026-02-27 10:51:57.323 31041-31041 ImeTracker              com.subastandolo.app                 I  com.subastandolo.app:751ff9c4: onRequestHide at ORIGIN_CLIENT reason HIDE_SOFT_INPUT fromUser false
2026-02-27 10:51:57.324 31041-31394 ViewRootImplStubImpl    com.subastandolo.app                 D  springAnimation ready to cancel:miuix.system.animation.physics.SpringAnimation@3918809android.view.InsetsController$InternalAnimationControlListener.onCancelled:523 android.view.InsetsAnimationControlImpl.cancel:361 android.view.InsetsAnimationThreadControlRunner$$ExternalSyntheticLambda1.run:0 android.os.Handler.handleCallback:959 android.os.Handler.dispatchMessage:100 
2026-02-27 10:51:57.324 31041-31394 ViewRootImplStubImpl    com.subastandolo.app                 D  onAnimationEnd,canceled: true
2026-02-27 10:51:57.324 31041-31394 ViewRootImplStubImpl    com.subastandolo.app                 D  requestedTypes: 8
2026-02-27 10:51:57.325 31041-31394 ViewRootImplStubImpl    com.subastandolo.app                 D  onAnimationStart
2026-02-27 10:51:57.325 31041-31183 Capacitor               com.subastandolo.app                 D  Handling local request: https://localhost/icons/icon-192.png
2026-02-27 10:51:57.325 31041-31185 Capacitor               com.subastandolo.app                 D  Handling local request: https://localhost/favicon.png
2026-02-27 10:51:57.326 31041-31186 Capacitor               com.subastandolo.app                 D  Handling local request: https://localhost/favicon.png
2026-02-27 10:51:57.328 31041-31041 HandWritingStubImpl     com.subastandolo.app                 I  getCurrentKeyboardType: 1
2026-02-27 10:51:57.334 31041-31381 RemoteInpu...ectionImpl com.subastandolo.app                 W  requestCursorUpdates on inactive InputConnection
2026-02-27 10:51:57.351 31041-31394 ViewRootImplStubImpl    com.subastandolo.app                 D  onAnimationUpdate, value: 0.0
2026-02-27 10:51:57.355 31041-31394 ViewRootImplStubImpl    com.subastandolo.app                 D  onAnimationUpdate, value: 0.047377743
2026-02-27 10:51:57.363 31041-31041 InsetsController        com.subastandolo.app                 D  hide(ime(), fromIme=true)
2026-02-27 10:51:57.367 31041-31041 ImeTracker              com.subastandolo.app                 I  com.subastandolo.app:a668506: onCancelled at PHASE_CLIENT_ANIMATION_CANCEL
2026-02-27 10:51:57.367 31041-31041 InsetsController        com.subastandolo.app                 D  cancelAnimation of types: 8, animType: 0, host: com.subastandolo.app/com.subastandolo.app.MainActivity invokeCallback=true reason=android.view.InsetsController.cancelExistingControllers:1768 android.view.InsetsController.controlAnimationUncheckedInner:1583 android.view.InsetsController.controlAnimationUnchecked:1421 android.view.InsetsController.applyAnimation:2079 android.view.InsetsController.applyAnimation:2050 android.view.InsetsController.hide:1371 android.view.ViewRootImpl$ViewRootHandler.handleMessageImpl:7802 android.view.ViewRootImpl$ViewRootHandler.handleMessage:7726 android.os.Handler.dispatchMessage:107 android.os.Looper.loopOnce:249 
