2026-02-27 10:51:59.138 31041-31394 ViewRootImplStubImpl    com.subastandolo.app                 D  onAnimationUpdate, value: 0.05349359
2026-02-27 10:51:59.145 31041-31183 Capacitor               com.subastandolo.app                 D  Handling local request: https://localhost/icons/icon-192.png
2026-02-27 10:51:59.146 31041-31183 Capacitor               com.subastandolo.app                 D  Handling local request: https://localhost/favicon.png
2026-02-27 10:51:59.151 31041-31041 InsetsController        com.subastandolo.app                 D  show(ime(), fromIme=true)
2026-02-27 10:51:59.153 31041-31186 Capacitor               com.subastandolo.app                 D  Handling local request: https://localhost/favicon.png
2026-02-27 10:51:59.154 31041-31041 ImeTracker              com.subastandolo.app                 I  com.subastandolo.app:99280db7: onCancelled at PHASE_CLIENT_ANIMATION_CANCEL
2026-02-27 10:51:59.155 31041-31041 InsetsController        com.subastandolo.app                 D  cancelAnimation of types: 8, animType: 1, host: com.subastandolo.app/com.subastandolo.app.MainActivity invokeCallback=true reason=android.view.InsetsController.cancelExistingControllers:1768 android.view.InsetsController.controlAnimationUncheckedInner:1583 android.view.InsetsController.controlAnimationUnchecked:1421 android.view.InsetsController.applyAnimation:2079 android.view.InsetsController.applyAnimation:2050 android.view.InsetsController.show:1259 android.view.ViewRootImpl$ViewRootHandler.handleMessageImpl:7795 android.view.ViewRootImpl$ViewRootHandler.handleMessage:7726 android.os.Handler.dispatchMessage:107 android.os.Looper.loopOnce:249 
2026-02-27 10:51:59.158 31041-31394 ViewRootImplStubImpl    com.subastandolo.app                 D  onAnimationUpdate, value: 0.17751256
2026-02-27 10:51:59.160 31041-31041 Capacitor/Console       com.subastandolo.app                 I  File:  - Line 333 - Msg: {"biometryType":3,"deviceIsSecure":true,"strongBiometryIsAvailable":true,"isAvailable":true,"authenticationStrength":1}
2026-02-27 10:51:59.165 31041-31394 ViewRootImplStubImpl    com.subastandolo.app                 D  springAnimation ready to cancel:miuix.system.animation.physics.SpringAnimation@e61fa89android.view.InsetsController$InternalAnimationControlListener.onCancelled:523 android.view.InsetsAnimationControlImpl.cancel:361 android.view.InsetsAnimationThreadControlRunner$$ExternalSyntheticLambda1.run:0 android.os.Handler.handleCallback:959 android.os.Handler.dispatchMessage:100 
2026-02-27 10:51:59.165 31041-31394 ViewRootImplStubImpl    com.subastandolo.app                 D  onAnimationEnd,canceled: true
2026-02-27 10:51:59.166 31041-31394 ViewRootImplStubImpl    com.subastandolo.app                 D  requestedTypes: 8
2026-02-27 10:51:59.171 31041-31394 ViewRootImplStubImpl    com.subastandolo.app                 D  onAnimationStart
2026-02-27 10:51:59.177 31041-31394 ViewRootImplStubImpl    com.subastandolo.app                 D  onAnimationUpdate, value: 0.0
2026-02-27 10:51:59.181 31041-31041 ImeTracker              com.subastandolo.app                 I  com.subastandolo.app:e82757fe: onRequestHide at ORIGIN_CLIENT reason HIDE_SOFT_INPUT fromUser false
2026-02-27 10:51:59.183 31041-31041 HandWritingStubImpl     com.subastandolo.app                 I  getCurrentKeyboardType: 1
2026-02-27 10:51:59.185 31041-31041 Capacitor/Console       com.subastandolo.app                 I  File:  - Line 349 - Msg: [object Object]
2026-02-27 10:51:59.188 31041-31394 ViewRootImplStubImpl    com.subastandolo.app                 D  onAnimationUpdate, value: 0.047377236
2026-02-27 10:51:59.188 31041-31041 Capacitor/Plugin        com.subastandolo.app                 V  To native (Capacitor plugin): callbackId: 130362821, pluginId: NativeBiometric, methodName: isAvailable
2026-02-27 10:51:59.188 31041-31041 Capacitor               com.subastandolo.app                 V  callback: 130362821, pluginId: NativeBiometric, methodName: isAvailable, methodData: {}
2026-02-27 10:51:59.193 31041-31381 RemoteInpu...ectionImpl com.subastandolo.app                 W  requestCursorUpdates on inactive InputConnection
2026-02-27 10:51:59.196 31041-31041 InsetsController        com.subastandolo.app                 D  hide(ime(), fromIme=true)
2026-02-27 10:51:59.198 31041-31041 ImeTracker              com.subastandolo.app                 I  com.subastandolo.app:18e9be16: onCancelled at PHASE_CLIENT_ANIMATION_CANCEL
2026-02-27 10:51:59.198 31041-31041 InsetsController        com.subastandolo.app                 D  cancelAnimation of types: 8, animType: 0, host: com.subastandolo.app/com.subastandolo.app.MainActivity invokeCallback=true reason=android.view.InsetsController.cancelExistingControllers:1768 android.view.InsetsController.controlAnimationUncheckedInner:1583 android.view.InsetsController.controlAnimationUnchecked:1421 android.view.InsetsController.applyAnimation:2079 android.view.InsetsController.applyAnimation:2050 android.view.InsetsController.hide:1371 android.view.ViewRootImpl$ViewRootHandler.handleMessageImpl:7802 android.view.ViewRootImpl$ViewRootHandler.handleMessage:7726 android.os.Handler.dispatchMessage:107 android.os.Looper.loopOnce:249 
2026-02-27 10:51:59.201 31041-31394 ViewRootImplStubImpl    com.subastandolo.app                 D  springAnimation ready to cancel:miuix.system.animation.physics.SpringAnimation@105154android.view.InsetsController$InternalAnimationControlListener.onCancelled:523 android.view.InsetsAnimationControlImpl.cancel:361 android.view.InsetsAnimationThreadControlRunner$$ExternalSyntheticLambda1.run:0 android.os.Handler.handleCallback:959 android.os.Handler.dispatchMessage:100 
2026-02-27 10:51:59.202 31041-31394 ViewRootImplStubImpl    com.subastandolo.app                 D  onAnimationEnd,canceled: true
2026-02-27 10:51:59.202 31041-31394 ViewRootImplStubImpl    com.subastandolo.app                 D  requestedTypes: 8
2026-02-27 10:51:59.206 31041-31041 HandWritingStubImpl     com.subastandolo.app                 I  getCurrentKeyboardType: 1
2026-02-27 10:51:59.212 31041-31394 ViewRootImplStubImpl    com.subastandolo.app                 D  onAnimationStart
2026-02-27 10:51:59.213 31041-31041 ImeTracker              com.subastandolo.app                 I  com.subastandolo.app:8f30f4b0: onRequestShow at ORIGIN_CLIENT reason SHOW_SOFT_INPUT fromUser false
2026-02-27 10:51:59.214 31041-31041 InputMethodManager      com.subastandolo.app                 D  showSoftInput() view=com.getcapacitor.CapacitorWebView{8cd7010 VFEDHVC.. .F...... 0,0-720,1600 #7f090202 app:id/webview aid=1073741824} flags=0 reason=SHOW_SOFT_INPUT
2026-02-27 10:51:59.220 31041-31185 Capacitor               com.subastandolo.app                 D  Handling local request: https://localhost/icons/icon-192.png
2026-02-27 10:51:59.221 31041-31186 Capacitor               com.subastandolo.app                 D  Handling local request: https://localhost/favicon.png
2026-02-27 10:51:59.221 31041-31183 Capacitor               com.subastandolo.app                 D  Handling local request: https://localhost/favicon.png
2026-02-27 10:51:59.228 31041-31394 ViewRootImplStubImpl    com.subastandolo.app                 D  onAnimationUpdate, value: 0.0
2026-02-27 10:51:59.237 31041-31394 ViewRootImplStubImpl    com.subastandolo.app                 D  onAnimationUpdate, value: 0.053485144
2026-02-27 10:51:59.254 31041-31394 ViewRootImplStubImpl    com.subastandolo.app                 D  onAnimationUpdate, value: 0.1774994
2026-02-27 10:51:59.260 31041-31041 Capacitor/Console       com.subastandolo.app                 I  File:  - Line 333 - Msg: {"biometryType":3,"deviceIsSecure":true,"strongBiometryIsAvailable":true,"isAvailable":true,"authenticationStrength":1}
2026-02-27 10:51:59.275 31041-31394 ViewRootImplStubImpl    com.subastandolo.app                 D  onAnimationUpdate, value: 0.31825486
2026-02-27 10:51:59.277 31041-31183 Capacitor               com.subastandolo.app                 D  Handling local request: https://localhost/icons/icon-192.png
2026-02-27 10:51:59.278 31041-31183 Capacitor               com.subastandolo.app                 D  Handling local request: https://localhost/favicon.png
2026-02-27 10:51:59.282 31041-31185 Capacitor               com.subastandolo.app                 D  Handling local request: https://localhost/favicon.png
2026-02-27 10:51:59.289 31041-31394 ViewRootImplStubImpl    com.subastandolo.app                 D  onAnimationUpdate, value: 0.45107764
2026-02-27 10:51:59.293 31041-31041 InsetsController        com.subastandolo.app                 D  show(ime(), fromIme=true)
2026-02-27 10:51:59.299 31041-31041 ImeTracker              com.subastandolo.app                 I  com.subastandolo.app:e82757fe: onCancelled at PHASE_CLIENT_ANIMATION_CANCEL
2026-02-27 10:51:59.300 31041-31041 InsetsController        com.subastandolo.app                 D  cancelAnimation of types: 8, animType: 1, host: com.subastandolo.app/com.subastandolo.app.MainActivity invokeCallback=true reason=android.view.InsetsController.cancelExistingControllers:1768 android.view.InsetsController.controlAnimationUncheckedInner:1583 android.view.InsetsController.controlAnimationUnchecked:1421 android.view.InsetsController.applyAnimation:2079 android.view.InsetsController.applyAnimation:2050 android.view.InsetsController.show:1259 android.view.ViewRootImpl$ViewRootHandler.handleMessageImpl:7795 android.view.ViewRootImpl$ViewRootHandler.handleMessage:7726 android.os.Handler.dispatchMessage:107 android.os.Looper.loopOnce:249 
2026-02-27 10:51:59.302 31041-31394 ViewRootImplStubImpl    com.subastandolo.app                 D  springAnimation ready to cancel:miuix.system.animation.physics.SpringAnimation@a4197f9android.view.InsetsController$InternalAnimationControlListener.onCancelled:523 android.view.InsetsAnimationControlImpl.cancel:361 android.view.InsetsAnimationThreadControlRunner$$ExternalSyntheticLambda1.run:0 android.os.Handler.handleCallback:959 android.os.Handler.dispatchMessage:100 
2026-02-27 10:51:59.302 31041-31394 ViewRootImplStubImpl    com.subastandolo.app                 D  onAnimationEnd,canceled: true
2026-02-27 10:51:59.303 31041-31394 ViewRootImplStubImpl    com.subastandolo.app                 D  requestedTypes: 8
2026-02-27 10:51:59.304 31041-31394 ViewRootImplStubImpl    com.subastandolo.app                 D  onAnimationStart
2026-02-27 10:51:59.314 31041-31394 ViewRootImplStubImpl    com.subastandolo.app                 D  onAnimationUpdate, value: 0.0
2026-02-27 10:51:59.318 31041-31041 Capacitor/Console       com.subastandolo.app                 I  File:  - Line 349 - Msg: [object Object]
2026-02-27 10:51:59.321 31041-31041 Capacitor/Plugin        com.subastandolo.app                 V  To native (Capacitor plugin): callbackId: 130362822, pluginId: NativeBiometric, methodName: isAvailable
2026-02-27 10:51:59.321 31041-31041 Capacitor               com.subastandolo.app                 V  callback: 130362822, pluginId: NativeBiometric, methodName: isAvailable, methodData: {}
2026-02-27 10:51:59.321 31041-31394 ViewRootImplStubImpl    com.subastandolo.app                 D  onAnimationUpdate, value: 0.047380686
2026-02-27 10:51:59.328 31041-31041 ImeTracker              com.subastandolo.app                 I  com.subastandolo.app:8973793e: onRequestHide at ORIGIN_CLIENT reason HIDE_SOFT_INPUT fromUser false
2026-02-27 10:51:59.331 31041-31041 HandWritingStubImpl     com.subastandolo.app                 I  getCurrentKeyboardType: 1
2026-02-27 10:51:59.336 31041-31381 RemoteInpu...ectionImpl com.subastandolo.app                 W  requestCursorUpdates on inactive InputConnection
2026-02-27 10:51:59.338 31041-31394 ViewRootImplStubImpl    com.subastandolo.app                 D  onAnimationUpdate, value: 0.15958002
2026-02-27 10:51:59.340 31041-31041 InsetsController        com.subastandolo.app                 D  hide(ime(), fromIme=true)
2026-02-27 10:51:59.342 31041-31041 ImeTracker              com.subastandolo.app                 I  com.subastandolo.app:8f30f4b0: onCancelled at PHASE_CLIENT_ANIMATION_CANCEL
2026-02-27 10:51:59.344 31041-31394 ViewRootImplStubImpl    com.subastandolo.app                 D  springAnimation ready to cancel:miuix.system.animation.physics.SpringAnimation@f371aabandroid.view.InsetsController$InternalAnimationControlListener.onCancelled:523 android.view.InsetsAnimationControlImpl.cancel:361 android.view.InsetsAnimationThreadControlRunner$$ExternalSyntheticLambda1.run:0 android.os.Handler.handleCallback:959 android.os.Handler.dispatchMessage:100 
2026-02-27 10:51:59.344 31041-31394 ViewRootImplStubImpl    com.subastandolo.app                 D  onAnimationEnd,canceled: true
2026-02-27 10:51:59.345 31041-31041 InsetsController        com.subastandolo.app                 D  cancelAnimation of types: 8, animType: 0, host: com.subastandolo.app/com.subastandolo.app.MainActivity invokeCallback=true reason=android.view.InsetsController.cancelExistingControllers:1768 android.view.InsetsController.controlAnimationUncheckedInner:1583 android.view.InsetsController.controlAnimationUnchecked:1421 android.view.InsetsController.applyAnimation:2079 android.view.InsetsController.applyAnimation:2050 android.view.InsetsController.hide:1371 android.view.ViewRootImpl$ViewRootHandler.handleMessageImpl:7802 android.view.ViewRootImpl$ViewRootHandler.handleMessage:7726 android.os.Handler.dispatchMessage:107 android.os.Looper.loopOnce:249 
2026-02-27 10:51:59.350 31041-31394 ViewRootImplStubImpl    com.subastandolo.app                 D  requestedTypes: 8
2026-02-27 10:51:59.353 31041-31041 HandWritingStubImpl     com.subastandolo.app                 I  getCurrentKeyboardType: 1
2026-02-27 10:51:59.357 31041-31394 ViewRootImplStubImpl    com.subastandolo.app                 D  onAnimationStart
2026-02-27 10:51:59.361 31041-31041 ImeTracker              com.subastandolo.app                 I  com.subastandolo.app:824c9be6: onRequestShow at ORIGIN_CLIENT reason SHOW_SOFT_INPUT fromUser false
2026-02-27 10:51:59.361 31041-31041 InputMethodManager      com.subastandolo.app                 D  showSoftInput() view=com.getcapacitor.CapacitorWebView{8cd7010 VFEDHVC.. .F...... 0,0-720,1600 #7f090202 app:id/webview aid=1073741824} flags=0 reason=SHOW_SOFT_INPUT
2026-02-27 10:51:59.367 31041-31183 Capacitor               com.subastandolo.app                 D  Handling local request: https://localhost/icons/icon-192.png
2026-02-27 10:51:59.370 31041-31183 Capacitor               com.subastandolo.app                 D  Handling local request: https://localhost/favicon.png
2026-02-27 10:51:59.372 31041-31185 Capacitor               com.subastandolo.app                 D  Handling local request: https://localhost/favicon.png
2026-02-27 10:51:59.378 31041-31394 ViewRootImplStubImpl    com.subastandolo.app                 D  onAnimationUpdate, value: 0.0
2026-02-27 10:51:59.388 31041-31394 ViewRootImplStubImpl    com.subastandolo.app                 D  onAnimationUpdate, value: 0.0534979
2026-02-27 10:51:59.406 31041-31394 ViewRootImplStubImpl    com.subastandolo.app                 D  onAnimationUpdate, value: 0.17752911
2026-02-27 10:51:59.410 31041-31041 Capacitor/Console       com.subastandolo.app                 I  File:  - Line 333 - Msg: {"biometryType":3,"deviceIsSecure":true,"strongBiometryIsAvailable":true,"isAvailable":true,"authenticationStrength":1}
2026-02-27 10:51:59.421 31041-31394 ViewRootImplStubImpl    com.subastandolo.app                 D  onAnimationUpdate, value: 0.31829605
2026-02-27 10:51:59.427 31041-31041 InsetsController        com.subastandolo.app                 D  show(ime(), fromIme=true)
2026-02-27 10:51:59.428 31041-31041 ImeTracker              com.subastandolo.app                 I  com.subastandolo.app:8973793e: onCancelled at PHASE_CLIENT_ANIMATION_CANCEL
2026-02-27 10:51:59.429 31041-31041 InsetsController        com.subastandolo.app                 D  cancelAnimation of types: 8, animType: 1, host: com.subastandolo.app/com.subastandolo.app.MainActivity invokeCallback=true reason=android.view.InsetsController.cancelExistingControllers:1768 android.view.InsetsController.controlAnimationUncheckedInner:1583 android.view.InsetsController.controlAnimationUnchecked:1421 android.view.InsetsController.applyAnimation:2079 android.view.InsetsController.applyAnimation:2050 android.view.InsetsController.show:1259 android.view.ViewRootImpl$ViewRootHandler.handleMessageImpl:7795 android.view.ViewRootImpl$ViewRootHandler.handleMessage:7726 android.os.Handler.dispatchMessage:107 android.os.Looper.loopOnce:249 
2026-02-27 10:51:59.432 31041-31394 ViewRootImplStubImpl    com.subastandolo.app                 D  springAnimation ready to cancel:miuix.system.animation.physics.SpringAnimation@94ab687android.view.InsetsController$InternalAnimationControlListener.onCancelled:523 android.view.InsetsAnimationControlImpl.cancel:361 android.view.InsetsAnimationThreadControlRunner$$ExternalSyntheticLambda1.run:0 android.os.Handler.handleCallback:959 android.os.Handler.dispatchMessage:100 
2026-02-27 10:51:59.432 31041-31183 Capacitor               com.subastandolo.app                 D  Handling local request: https://localhost/icons/icon-192.png
2026-02-27 10:51:59.432 31041-31394 ViewRootImplStubImpl    com.subastandolo.app                 D  onAnimationEnd,canceled: true
2026-02-27 10:51:59.433 31041-31394 ViewRootImplStubImpl    com.subastandolo.app                 D  requestedTypes: 8
2026-02-27 10:51:59.438 31041-31394 ViewRootImplStubImpl    com.subastandolo.app                 D  onAnimationStart
2026-02-27 10:51:59.440 31041-31185 Capacitor               com.subastandolo.app                 D  Handling local request: https://localhost/favicon.png
2026-02-27 10:51:59.440 31041-31183 Capacitor               com.subastandolo.app                 D  Handling local request: https://localhost/favicon.png
2026-02-27 10:51:59.446 31041-31394 ViewRootImplStubImpl    com.subastandolo.app                 D  onAnimationUpdate, value: 0.0
2026-02-27 10:51:59.454 31041-31394 ViewRootImplStubImpl    com.subastandolo.app                 D  onAnimationUpdate, value: 0.047386527
2026-02-27 10:51:59.468 31041-31041 Capacitor/Console       com.subastandolo.app                 I  File:  - Line 349 - Msg: [object Object]
2026-02-27 10:51:59.470 31041-31041 ImeTracker              com.subastandolo.app                 I  com.subastandolo.app:fc7ecf6f: onRequestHide at ORIGIN_CLIENT reason HIDE_SOFT_INPUT fromUser false
2026-02-27 10:51:59.472 31041-31394 ViewRootImplStubImpl    com.subastandolo.app                 D  onAnimationUpdate, value: 0.15957986
2026-02-27 10:51:59.474 31041-31041 HandWritingStubImpl     com.subastandolo.app                 I  getCurrentKeyboardType: 1
2026-02-27 10:51:59.478 31041-31041 Capacitor/Plugin        com.subastandolo.app                 V  To native (Capacitor plugin): callbackId: 130362823, pluginId: NativeBiometric, methodName: isAvailable
2026-02-27 10:51:59.478 31041-31041 Capacitor               com.subastandolo.app                 V  callback: 130362823, pluginId: NativeBiometric, methodName: isAvailable, methodData: {}
2026-02-27 10:51:59.480 31041-31381 RemoteInpu...ectionImpl com.subastandolo.app                 W  requestCursorUpdates on inactive InputConnection
2026-02-27 10:51:59.488 31041-31394 ViewRootImplStubImpl    com.subastandolo.app                 D  onAnimationUpdate, value: 0.29111058
2026-02-27 10:51:59.490 31041-31041 HandWritingStubImpl     com.subastandolo.app                 I  getCurrentKeyboardType: 1
2026-02-27 10:51:59.497 31041-31041 ImeTracker              com.subastandolo.app                 I  com.subastandolo.app:998968b9: onRequestShow at ORIGIN_CLIENT reason SHOW_SOFT_INPUT fromUser false
2026-02-27 10:51:59.497 31041-31041 InputMethodManager      com.subastandolo.app                 D  showSoftInput() view=com.getcapacitor.CapacitorWebView{8cd7010 VFEDHVC.. .F...... 0,0-720,1600 #7f090202 app:id/webview aid=1073741824} flags=0 reason=SHOW_SOFT_INPUT
2026-02-27 10:51:59.499 31041-31183 Capacitor               com.subastandolo.app                 D  Handling local request: https://localhost/icons/icon-192.png
2026-02-27 10:51:59.508 31041-31041 InsetsController        com.subastandolo.app                 D  hide(ime(), fromIme=true)
2026-02-27 10:51:59.508 31041-31041 ImeTracker              com.subastandolo.app                 I  com.subastandolo.app:824c9be6: onCancelled at PHASE_CLIENT_ANIMATION_CANCEL
2026-02-27 10:51:59.509 31041-31041 InsetsController        com.subastandolo.app                 D  cancelAnimation of types: 8, animType: 0, host: com.subastandolo.app/com.subastandolo.app.MainActivity invokeCallback=true reason=android.view.InsetsController.cancelExistingControllers:1768 android.view.InsetsController.controlAnimationUncheckedInner:1583 android.view.InsetsController.controlAnimationUnchecked:1421 android.view.InsetsController.applyAnimation:2079 android.view.InsetsController.applyAnimation:2050 android.view.InsetsController.hide:1371 android.view.ViewRootImpl$ViewRootHandler.handleMessageImpl:7802 android.view.ViewRootImpl$ViewRootHandler.handleMessage:7726 android.os.Handler.dispatchMessage:107 android.os.Looper.loopOnce:249 
2026-02-27 10:51:59.510 31041-31185 Capacitor               com.subastandolo.app                 D  Handling local request: https://localhost/favicon.png
2026-02-27 10:51:59.510 31041-31394 ViewRootImplStubImpl    com.subastandolo.app                 D  onAnimationUpdate, value: 0.41911602
2026-02-27 10:51:59.512 31041-31183 Capacitor               com.subastandolo.app                 D  Handling local request: https://localhost/favicon.png
2026-02-27 10:51:59.513 31041-31394 ViewRootImplStubImpl    com.subastandolo.app                 D  springAnimation ready to cancel:miuix.system.animation.physics.SpringAnimation@b2a47e4android.view.InsetsController$InternalAnimationControlListener.onCancelled:523 android.view.InsetsAnimationControlImpl.cancel:361 android.view.InsetsAnimationThreadControlRunner$$ExternalSyntheticLambda1.run:0 android.os.Handler.handleCallback:959 android.os.Handler.dispatchMessage:100 
2026-02-27 10:51:59.513 31041-31394 ViewRootImplStubImpl    com.subastandolo.app                 D  onAnimationEnd,canceled: true
2026-02-27 10:51:59.514 31041-31394 ViewRootImplStubImpl    com.subastandolo.app                 D  requestedTypes: 8
2026-02-27 10:51:59.520 31041-31394 ViewRootImplStubImpl    com.subastandolo.app                 D  onAnimationStart
2026-02-27 10:51:59.522 31041-31394 ViewRootImplStubImpl    com.subastandolo.app                 D  onAnimationUpdate, value: 0.0
2026-02-27 10:51:59.537 31041-31394 ViewRootImplStubImpl    com.subastandolo.app                 D  onAnimationUpdate, value: 0.05348297
2026-02-27 10:51:59.546 31041-31041 MIUIInput               com.subastandolo.app                 I  [KeyEvent] ViewRootImpl windowName 'com.subastandolo.app/com.subastandolo.app.MainActivity', KeyEvent { action=ACTION_DOWN, keyCode=KEYCODE_BACK, scanCode=0, metaState=0, flags=0x48, repeatCount=0, eventTime=462060715000000, downTime=462060715000000, deviceId=-1, source=0x101, displayId=0 }, phoneEventTime=10:51:59.469
2026-02-27 10:51:59.552 31041-31183 Capacitor               com.subastandolo.app                 D  Handling local request: https://localhost/icons/icon-192.png
2026-02-27 10:51:59.552 31041-31185 Capacitor               com.subastandolo.app                 D  Handling local request: https://localhost/favicon.png
2026-02-27 10:51:59.553 31041-31183 Capacitor               com.subastandolo.app                 D  Handling local request: https://localhost/favicon.png
2026-02-27 10:51:59.555 31041-31394 ViewRootImplStubImpl    com.subastandolo.app                 D  onAnimationUpdate, value: 0.17748497
2026-02-27 10:51:59.563 31041-31041 Capacitor/Console       com.subastandolo.app                 I  File:  - Line 333 - Msg: {"biometryType":3,"deviceIsSecure":true,"strongBiometryIsAvailable":true,"isAvailable":true,"authenticationStrength":1}
2026-02-27 10:51:59.571 31041-31041 InsetsController        com.subastandolo.app                 D  show(ime(), fromIme=true)
2026-02-27 10:51:59.574 31041-31394 ViewRootImplStubImpl    com.subastandolo.app                 D  onAnimationUpdate, value: 0.31822813
2026-02-27 10:51:59.574 31041-31041 ImeTracker              com.subastandolo.app                 I  com.subastandolo.app:fc7ecf6f: onCancelled at PHASE_CLIENT_ANIMATION_CANCEL
2026-02-27 10:51:59.574 31041-31041 InsetsController        com.subastandolo.app                 D  cancelAnimation of types: 8, animType: 1, host: com.subastandolo.app/com.subastandolo.app.MainActivity invokeCallback=true reason=android.view.InsetsController.cancelExistingControllers:1768 android.view.InsetsController.controlAnimationUncheckedInner:1583 android.view.InsetsController.controlAnimationUnchecked:1421 android.view.InsetsController.applyAnimation:2079 android.view.InsetsController.applyAnimation:2050 android.view.InsetsController.show:1259 android.view.ViewRootImpl$ViewRootHandler.handleMessageImpl:7795 android.view.ViewRootImpl$ViewRootHandler.handleMessage:7726 android.os.Handler.dispatchMessage:107 android.os.Looper.loopOnce:249 
2026-02-27 10:51:59.579 31041-31394 ViewRootImplStubImpl    com.subastandolo.app                 D  springAnimation ready to cancel:miuix.system.animation.physics.SpringAnimation@f2d9b80android.view.InsetsController$InternalAnimationControlListener.onCancelled:523 android.view.InsetsAnimationControlImpl.cancel:361 android.view.InsetsAnimationThreadControlRunner$$ExternalSyntheticLambda1.run:0 android.os.Handler.handleCallback:959 android.os.Handler.dispatchMessage:100 
2026-02-27 10:51:59.579 31041-31394 ViewRootImplStubImpl    com.subastandolo.app                 D  onAnimationEnd,canceled: true
2026-02-27 10:51:59.579 31041-31394 ViewRootImplStubImpl    com.subastandolo.app                 D  requestedTypes: 8
2026-02-27 10:51:59.589 31041-31394 ViewRootImplStubImpl    com.subastandolo.app                 D  onAnimationStart
2026-02-27 10:51:59.591 31041-31394 ViewRootImplStubImpl    com.subastandolo.app                 D  onAnimationUpdate, value: 0.0
2026-02-27 10:51:59.601 31041-31041 Capacitor/Console       com.subastandolo.app                 I  File:  - Line 349 - Msg: [object Object]
2026-02-27 10:51:59.605 31041-31394 ViewRootImplStubImpl    com.subastandolo.app                 D  onAnimationUpdate, value: 0.04737586
2026-02-27 10:51:59.605 31041-31041 ImeTracker              com.subastandolo.app                 I  com.subastandolo.app:3bcbdd63: onRequestHide at ORIGIN_CLIENT reason HIDE_SOFT_INPUT fromUser false
2026-02-27 10:51:59.607 31041-31041 HandWritingStubImpl     com.subastandolo.app                 I  getCurrentKeyboardType: 1
2026-02-27 10:51:59.611 31041-31041 Capacitor/Plugin        com.subastandolo.app                 V  To native (Capacitor plugin): callbackId: 130362824, pluginId: NativeBiometric, methodName: isAvailable
2026-02-27 10:51:59.611 31041-31041 Capacitor               com.subastandolo.app                 V  callback: 130362824, pluginId: NativeBiometric, methodName: isAvailable, methodData: {}
2026-02-27 10:51:59.619 31041-31041 HandWritingStubImpl     com.subastandolo.app                 I  getCurrentKeyboardType: 1
2026-02-27 10:51:59.621 31041-31394 ViewRootImplStubImpl    com.subastandolo.app                 D  onAnimationUpdate, value: 0.15955433
2026-02-27 10:51:59.623 31041-31185 Capacitor               com.subastandolo.app                 D  Handling local request: https://localhost/icons/icon-192.png
2026-02-27 10:51:59.623 31041-31041 ImeTracker              com.subastandolo.app                 I  com.subastandolo.app:dd301a8: onRequestShow at ORIGIN_CLIENT reason SHOW_SOFT_INPUT fromUser false
2026-02-27 10:51:59.623 31041-31186 Capacitor               com.subastandolo.app                 D  Handling local request: https://localhost/favicon.png
2026-02-27 10:51:59.623 31041-31041 InputMethodManager      com.subastandolo.app                 D  showSoftInput() view=com.getcapacitor.CapacitorWebView{8cd7010 VFEDHVC.. .F...... 0,0-720,1600 #7f090202 app:id/webview aid=1073741824} flags=0 reason=SHOW_SOFT_INPUT
2026-02-27 10:51:59.633 31041-31381 RemoteInpu...ectionImpl com.subastandolo.app                 W  requestCursorUpdates on inactive InputConnection
2026-02-27 10:51:59.641 31041-31394 ViewRootImplStubImpl    com.subastandolo.app                 D  onAnimationUpdate, value: 0.29107422
2026-02-27 10:51:59.645 31041-31186 Capacitor               com.subastandolo.app                 D  Handling local request: https://localhost/favicon.png
2026-02-27 10:51:59.655 31041-31394 ViewRootImplStubImpl    com.subastandolo.app                 D  onAnimationUpdate, value: 0.41907942
2026-02-27 10:51:59.656 31041-31041 MIUIInput               com.subastandolo.app                 I  [KeyEvent] ViewRootImpl windowName 'com.subastandolo.app/com.subastandolo.app.MainActivity', KeyEvent { action=ACTION_UP, keyCode=KEYCODE_BACK, scanCode=0, metaState=0, flags=0x48, repeatCount=0, eventTime=462060781000000, downTime=462060715000000, deviceId=-1, source=0x101, displayId=0 }, phoneEventTime=10:51:59.536
2026-02-27 10:51:59.659 31041-31041 InsetsController        com.subastandolo.app                 D  hide(ime(), fromIme=true)
2026-02-27 10:51:59.663 31041-31041 ImeTracker              com.subastandolo.app                 I  com.subastandolo.app:998968b9: onCancelled at PHASE_CLIENT_ANIMATION_CANCEL
2026-02-27 10:51:59.663 31041-31041 InsetsController        com.subastandolo.app                 D  cancelAnimation of types: 8, animType: 0, host: com.subastandolo.app/com.subastandolo.app.MainActivity invokeCallback=true reason=android.view.InsetsController.cancelExistingControllers:1768 android.view.InsetsController.controlAnimationUncheckedInner:1583 android.view.InsetsController.controlAnimationUnchecked:1421 android.view.InsetsController.applyAnimation:2079 android.view.InsetsController.applyAnimation:2050 android.view.InsetsController.hide:1371 android.view.ViewRootImpl$ViewRootHandler.handleMessageImpl:7802 android.view.ViewRootImpl$ViewRootHandler.handleMessage:7726 android.os.Handler.dispatchMessage:107 android.os.Looper.loopOnce:249 
2026-02-27 10:51:59.666 31041-31394 ViewRootImplStubImpl    com.subastandolo.app                 D  springAnimation ready to cancel:miuix.system.animation.physics.SpringAnimation@e9ee4b0android.view.InsetsController$InternalAnimationControlListener.onCancelled:523 android.view.InsetsAnimationControlImpl.cancel:361 android.view.InsetsAnimationThreadControlRunner$$ExternalSyntheticLambda1.run:0 android.os.Handler.handleCallback:959 android.os.Handler.dispatchMessage:100 
2026-02-27 10:51:59.666 31041-31394 ViewRootImplStubImpl    com.subastandolo.app                 D  onAnimationEnd,canceled: true
2026-02-27 10:51:59.666 31041-31394 ViewRootImplStubImpl    com.subastandolo.app                 D  requestedTypes: 8
2026-02-27 10:51:59.671 31041-31394 ViewRootImplStubImpl    com.subastandolo.app                 D  onAnimationStart
2026-02-27 10:51:59.678 31041-31394 ViewRootImplStubImpl    com.subastandolo.app                 D  onAnimationUpdate, value: 0.0
2026-02-27 10:51:59.688 31041-31394 ViewRootImplStubImpl    com.subastandolo.app                 D  onAnimationUpdate, value: 0.05349312
2026-02-27 10:51:59.695 31041-31185 Capacitor               com.subastandolo.app                 D  Handling local request: https://localhost/icons/icon-192.png
2026-02-27 10:51:59.697 31041-31186 Capacitor               com.subastandolo.app                 D  Handling local request: https://localhost/favicon.png
2026-02-27 10:51:59.701 31041-31190 Capacitor               com.subastandolo.app                 D  Handling local request: https://localhost/favicon.png
2026-02-27 10:51:59.705 31041-31394 ViewRootImplStubImpl    com.subastandolo.app                 D  onAnimationUpdate, value: 0.17751494
2026-02-27 10:51:59.712 31041-31041 Capacitor/Console       com.subastandolo.app                 I  File:  - Line 333 - Msg: {"biometryType":3,"deviceIsSecure":true,"strongBiometryIsAvailable":true,"isAvailable":true,"authenticationStrength":1}
2026-02-27 10:51:59.716 31041-31041 InsetsController        com.subastandolo.app                 D  show(ime(), fromIme=true)
2026-02-27 10:51:59.717 31041-31041 ImeTracker              com.subastandolo.app                 I  com.subastandolo.app:3bcbdd63: onCancelled at PHASE_CLIENT_ANIMATION_CANCEL
2026-02-27 10:51:59.717 31041-31041 InsetsController        com.subastandolo.app                 D  cancelAnimation of types: 8, animType: 1, host: com.subastandolo.app/com.subastandolo.app.MainActivity invokeCallback=true reason=android.view.InsetsController.cancelExistingControllers:1768 android.view.InsetsController.controlAnimationUncheckedInner:1583 android.view.InsetsController.controlAnimationUnchecked:1421 android.view.InsetsController.applyAnimation:2079 android.view.InsetsController.applyAnimation:2050 android.view.InsetsController.show:1259 android.view.ViewRootImpl$ViewRootHandler.handleMessageImpl:7795 android.view.ViewRootImpl$ViewRootHandler.handleMessage:7726 android.os.Handler.dispatchMessage:107 android.os.Looper.loopOnce:249 
2026-02-27 10:51:59.729 31041-31394 ViewRootImplStubImpl    com.subastandolo.app                 D  springAnimation ready to cancel:miuix.system.animation.physics.SpringAnimation@b4cd9e0android.view.InsetsController$InternalAnimationControlListener.onCancelled:523 android.view.InsetsAnimationControlImpl.cancel:361 android.view.InsetsAnimationThreadControlRunner$$ExternalSyntheticLambda1.run:0 android.os.Handler.handleCallback:959 android.os.Handler.dispatchMessage:100 
2026-02-27 10:51:59.729 31041-31394 ViewRootImplStubImpl    com.subastandolo.app                 D  onAnimationEnd,canceled: true
2026-02-27 10:51:59.733 31041-31394 ViewRootImplStubImpl    com.subastandolo.app                 D  requestedTypes: 8
2026-02-27 10:51:59.734 31041-31394 ViewRootImplStubImpl    com.subastandolo.app                 D  onAnimationStart
2026-02-27 10:51:59.737 31041-31394 ViewRootImplStubImpl    com.subastandolo.app                 D  onAnimationUpdate, value: 0.0
2026-02-27 10:51:59.762 31041-31183 Capacitor               com.subastandolo.app                 D  Handling local request: https://localhost/icons/icon-192.png
2026-02-27 10:51:59.762 31041-31394 ViewRootImplStubImpl    com.subastandolo.app                 D  onAnimationUpdate, value: 0.047384765
2026-02-27 10:51:59.763 31041-31186 Capacitor               com.subastandolo.app                 D  Handling local request: https://localhost/favicon.png
2026-02-27 10:51:59.773 31041-31041 Capacitor/Console       com.subastandolo.app                 I  File:  - Line 349 - Msg: [object Object]
2026-02-27 10:51:59.784 31041-31185 Capacitor               com.subastandolo.app                 D  Handling local request: https://localhost/favicon.png
2026-02-27 10:51:59.786 31041-31041 ImeTracker              com.subastandolo.app                 I  com.subastandolo.app:4103072: onRequestHide at ORIGIN_CLIENT reason HIDE_SOFT_INPUT fromUser false
2026-02-27 10:51:59.788 31041-31394 ViewRootImplStubImpl    com.subastandolo.app                 D  onAnimationUpdate, value: 0.1595836
2026-02-27 10:51:59.788 31041-31041 HandWritingStubImpl     com.subastandolo.app                 I  getCurrentKeyboardType: 1
2026-02-27 10:51:59.791 31041-31041 HandWritingStubImpl     com.subastandolo.app                 I  getCurrentKeyboardType: 1
2026-02-27 10:51:59.797 31041-31041 ImeTracker              com.subastandolo.app                 I  com.subastandolo.app:52f638b0: onRequestShow at ORIGIN_CLIENT reason SHOW_SOFT_INPUT fromUser false
2026-02-27 10:51:59.797 31041-31041 InputMethodManager      com.subastandolo.app                 D  showSoftInput() view=com.getcapacitor.CapacitorWebView{8cd7010 VFEDHVC.. .F...... 0,0-720,1600 #7f090202 app:id/webview aid=1073741824} flags=0 reason=SHOW_SOFT_INPUT
2026-02-27 10:51:59.800 31041-31183 Capacitor               com.subastandolo.app                 D  Handling local request: https://localhost/icons/icon-192.png
2026-02-27 10:51:59.801 31041-31185 Capacitor               com.subastandolo.app                 D  Handling local request: https://localhost/favicon.png
2026-02-27 10:51:59.801 31041-31186 Capacitor               com.subastandolo.app                 D  Handling local request: https://localhost/favicon.png
2026-02-27 10:51:59.806 31041-31394 ViewRootImplStubImpl    com.subastandolo.app                 D  onAnimationUpdate, value: 0.29112226
2026-02-27 10:51:59.821 31041-31041 ImeTracker              com.subastandolo.app                 I  com.subastandolo.app:ee277510: onRequestHide at ORIGIN_CLIENT reason HIDE_SOFT_INPUT fromUser false
2026-02-27 10:51:59.823 31041-31041 HandWritingStubImpl     com.subastandolo.app                 I  getCurrentKeyboardType: 1
2026-02-27 10:51:59.823 31041-31394 ViewRootImplStubImpl    com.subastandolo.app                 D  onAnimationUpdate, value: 0.41913858
2026-02-27 10:51:59.825 31041-31041 Capacitor/Console       com.subastandolo.app                 I  File:  - Line 349 - Msg: [object Object]
2026-02-27 10:51:59.837 31041-31394 ViewRootImplStubImpl    com.subastandolo.app                 D  onAnimationUpdate, value: 0.5333917
2026-02-27 10:51:59.846 31041-31381 RemoteInpu...ectionImpl com.subastandolo.app                 W  requestCursorUpdates on inactive InputConnection
2026-02-27 10:51:59.849 31041-31185 Capacitor               com.subastandolo.app                 D  Handling local request: https://localhost/icons/icon-192.png
2026-02-27 10:51:59.851 31041-31041 HandWritingStubImpl     com.subastandolo.app                 I  getCurrentKeyboardType: 1
2026-02-27 10:51:59.854 31041-31394 ViewRootImplStubImpl    com.subastandolo.app                 D  onAnimationUpdate, value: 0.6304508
2026-02-27 10:51:59.859 31041-31041 ImeTracker              com.subastandolo.app                 I  com.subastandolo.app:6f4bd3d1: onRequestShow at ORIGIN_CLIENT reason SHOW_SOFT_INPUT fromUser false
2026-02-27 10:51:59.860 31041-31041 InputMethodManager      com.subastandolo.app                 D  showSoftInput() view=com.getcapacitor.CapacitorWebView{8cd7010 VFEDHVC.. .F...... 0,0-720,1600 #7f090202 app:id/webview aid=1073741824} flags=0 reason=SHOW_SOFT_INPUT
2026-02-27 10:51:59.871 31041-31394 ViewRootImplStubImpl    com.subastandolo.app                 D  onAnimationUpdate, value: 0.7103676
2026-02-27 10:51:59.872 31041-31041 InsetsController        com.subastandolo.app                 D  hide(ime(), fromIme=true)
2026-02-27 10:51:59.873 31041-31041 ImeTracker              com.subastandolo.app                 I  com.subastandolo.app:dd301a8: onCancelled at PHASE_CLIENT_ANIMATION_CANCEL
2026-02-27 10:51:59.873 31041-31041 InsetsController        com.subastandolo.app                 D  cancelAnimation of types: 8, animType: 0, host: com.subastandolo.app/com.subastandolo.app.MainActivity invokeCallback=true reason=android.view.InsetsController.cancelExistingControllers:1768 android.view.InsetsController.controlAnimationUncheckedInner:1583 android.view.InsetsController.controlAnimationUnchecked:1421 android.view.InsetsController.applyAnimation:2079 android.view.InsetsController.applyAnimation:2050 android.view.InsetsController.hide:1371 android.view.ViewRootImpl$ViewRootHandler.handleMessageImpl:7802 android.view.ViewRootImpl$ViewRootHandler.handleMessage:7726 android.os.Handler.dispatchMessage:107 android.os.Looper.loopOnce:249 
2026-02-27 10:51:59.874 31041-31394 ViewRootImplStubImpl    com.subastandolo.app                 D  springAnimation ready to cancel:miuix.system.animation.physics.SpringAnimation@479860dandroid.view.InsetsController$InternalAnimationControlListener.onCancelled:523 android.view.InsetsAnimationControlImpl.cancel:361 android.view.InsetsAnimationThreadControlRunner$$ExternalSyntheticLambda1.run:0 android.os.Handler.handleCallback:959 android.os.Handler.dispatchMessage:100 
2026-02-27 10:51:59.875 31041-31394 ViewRootImplStubImpl    com.subastandolo.app                 D  onAnimationEnd,canceled: true
2026-02-27 10:51:59.875 31041-31041 Capacitor/Plugin        com.subastandolo.app                 V  To native (Capacitor plugin): callbackId: 130362825, pluginId: NativeBiometric, methodName: isAvailable
2026-02-27 10:51:59.875 31041-31041 Capacitor               com.subastandolo.app                 V  callback: 130362825, pluginId: NativeBiometric, methodName: isAvailable, methodData: {}
2026-02-27 10:51:59.876 31041-31394 ViewRootImplStubImpl    com.subastandolo.app                 D  requestedTypes: 8
2026-02-27 10:51:59.879 31041-31041 Capacitor/Plugin        com.subastandolo.app                 V  To native (Capacitor plugin): callbackId: 130362826, pluginId: NativeBiometric, methodName: isAvailable
2026-02-27 10:51:59.879 31041-31041 Capacitor               com.subastandolo.app                 V  callback: 130362826, pluginId: NativeBiometric, methodName: isAvailable, methodData: {}
2026-02-27 10:51:59.892 31041-31394 ViewRootImplStubImpl    com.subastandolo.app                 D  onAnimationStart
2026-02-27 10:51:59.895 31041-31381 RemoteInpu...ectionImpl com.subastandolo.app                 W  requestCursorUpdates on inactive InputConnection
2026-02-27 10:51:59.920 31041-31041 HandWritingStubImpl     com.subastandolo.app                 I  getCurrentKeyboardType: 1
2026-02-27 10:51:59.920 31041-31183 Capacitor               com.subastandolo.app                 D  Handling local request: https://localhost/favicon.png
2026-02-27 10:51:59.928 31041-31041 ImeTracker              com.subastandolo.app                 I  com.subastandolo.app:2b6e6198: onRequestShow at ORIGIN_CLIENT reason SHOW_SOFT_INPUT fromUser false
2026-02-27 10:51:59.929 31041-31041 InputMethodManager      com.subastandolo.app                 D  showSoftInput() view=com.getcapacitor.CapacitorWebView{8cd7010 VFEDHVC.. .F...... 0,0-720,1600 #7f090202 app:id/webview aid=1073741824} flags=0 reason=SHOW_SOFT_INPUT
2026-02-27 10:51:59.930 31041-31186 Capacitor               com.subastandolo.app                 D  Handling local request: https://localhost/favicon.png
2026-02-27 10:51:59.932 31041-31186 Capacitor               com.subastandolo.app                 D  Handling local request: https://localhost/icons/icon-192.png
2026-02-27 10:51:59.936 31041-31381 RemoteInpu...ectionImpl com.subastandolo.app                 W  getSurroundingText on inactive InputConnection
2026-02-27 10:51:59.937 31041-31196 Capacitor               com.subastandolo.app                 D  Handling local request: https://localhost/favicon.png
2026-02-27 10:51:59.938 31041-31195 Capacitor               com.subastandolo.app                 D  Handling local request: https://localhost/favicon.png
2026-02-27 10:51:59.949 31041-31041 Capacitor/Console       com.subastandolo.app                 I  File:  - Line 349 - Msg: [object Object]
2026-02-27 10:51:59.956 31041-31183 Capacitor               com.subastandolo.app                 D  Handling local request: https://localhost/icons/icon-192.png
2026-02-27 10:51:59.961 31041-31183 Capacitor               com.subastandolo.app                 D  Handling local request: https://localhost/favicon.png
2026-02-27 10:51:59.963 31041-31186 Capacitor               com.subastandolo.app                 D  Handling local request: https://localhost/favicon.png
2026-02-27 10:51:59.965 31041-31041 Capacitor/Console       com.subastandolo.app                 I  File:  - Line 349 - Msg: [object Object]
2026-02-27 10:51:59.968 31041-31381 RemoteInpu...ectionImpl com.subastandolo.app                 W  requestCursorUpdates on inactive InputConnection
2026-02-27 10:51:59.969 31041-31041 InsetsController        com.subastandolo.app                 D  show(ime(), fromIme=true)
2026-02-27 10:51:59.970 31041-31041 ImeTracker              com.subastandolo.app                 I  com.google.android.inputmethod.latin:aa115ad: onCancelled at PHASE_CLIENT_ANIMATION_CANCEL
2026-02-27 10:51:59.971 31041-31041 InsetsController        com.subastandolo.app                 D  cancelAnimation of types: 8, animType: 1, host: com.subastandolo.app/com.subastandolo.app.MainActivity invokeCallback=true reason=android.view.InsetsController.cancelExistingControllers:1768 android.view.InsetsController.controlAnimationUncheckedInner:1583 android.view.InsetsController.controlAnimationUnchecked:1421 android.view.InsetsController.applyAnimation:2079 android.view.InsetsController.applyAnimation:2050 android.view.InsetsController.show:1259 android.view.ViewRootImpl$ViewRootHandler.handleMessageImpl:7795 android.view.ViewRootImpl$ViewRootHandler.handleMessage:7726 android.os.Handler.dispatchMessage:107 android.os.Looper.loopOnce:249 
2026-02-27 10:51:59.986 31041-31394 ViewRootImplStubImpl    com.subastandolo.app                 D  onAnimationUpdate, value: 0.0
2026-02-27 10:51:59.988 31041-31041 InsetsController        com.subastandolo.app                 D  hide(ime(), fromIme=true)
2026-02-27 10:51:59.989 31041-31041 ImeTracker              com.subastandolo.app                 I  com.subastandolo.app:52f638b0: onCancelled at PHASE_CLIENT_ANIMATION_CANCEL
2026-02-27 10:51:59.990 31041-31041 InsetsController        com.subastandolo.app                 D  cancelAnimation of types: 8, animType: 0, host: com.subastandolo.app/com.subastandolo.app.MainActivity invokeCallback=true reason=android.view.InsetsController.cancelExistingControllers:1768 android.view.InsetsController.controlAnimationUncheckedInner:1583 android.view.InsetsController.controlAnimationUnchecked:1421 android.view.InsetsController.applyAnimation:2079 android.view.InsetsController.applyAnimation:2050 android.view.InsetsController.hide:1371 android.view.ViewRootImpl$ViewRootHandler.handleMessageImpl:7802 android.view.ViewRootImpl$ViewRootHandler.handleMessage:7726 android.os.Handler.dispatchMessage:107 android.os.Looper.loopOnce:249 
2026-02-27 10:51:59.991 31041-31394 ViewRootImplStubImpl    com.subastandolo.app                 D  springAnimation ready to cancel:miuix.system.animation.physics.SpringAnimation@665c7b3android.view.InsetsController$InternalAnimationControlListener.onCancelled:523 android.view.InsetsAnimationControlImpl.cancel:361 android.view.InsetsAnimationThreadControlRunner$$ExternalSyntheticLambda1.run:0 android.os.Handler.handleCallback:959 android.os.Handler.dispatchMessage:100 
2026-02-27 10:51:59.992 31041-31394 ViewRootImplStubImpl    com.subastandolo.app                 D  onAnimationEnd,canceled: true
2026-02-27 10:51:59.993 31041-31394 ViewRootImplStubImpl    com.subastandolo.app                 D  requestedTypes: 8
2026-02-27 10:51:59.997 31041-31041 HandWritingStubImpl     com.subastandolo.app                 I  getCurrentKeyboardType: 1
2026-02-27 10:51:59.997 31041-31394 ViewRootImplStubImpl    com.subastandolo.app                 D  springAnimation ready to cancel:miuix.system.animation.physics.SpringAnimation@d7536ffandroid.view.InsetsController$InternalAnimationControlListener.onCancelled:523 android.view.InsetsAnimationControlImpl.cancel:361 android.view.InsetsAnimationThreadControlRunner$$ExternalSyntheticLambda1.run:0 android.os.Handler.handleCallback:959 android.os.Handler.dispatchMessage:100 
2026-02-27 10:51:59.997 31041-31394 ViewRootImplStubImpl    com.subastandolo.app                 D  onAnimationEnd,canceled: true
2026-02-27 10:51:59.998 31041-31183 Capacitor               com.subastandolo.app                 D  Handling local request: https://localhost/icons/icon-192.png
2026-02-27 10:51:59.999 31041-31394 ViewRootImplStubImpl    com.subastandolo.app                 D  requestedTypes: 8
2026-02-27 10:52:00.001 31041-31041 ImeTracker              com.subastandolo.app                 I  com.subastandolo.app:3cd77b6c: onRequestShow at ORIGIN_CLIENT reason SHOW_SOFT_INPUT fromUser false
2026-02-27 10:52:00.002 31041-31195 Capacitor               com.subastandolo.app                 D  Handling local request: https://localhost/favicon.png
2026-02-27 10:52:00.005 31041-31041 InputMethodManager      com.subastandolo.app                 D  showSoftInput() view=com.getcapacitor.CapacitorWebView{8cd7010 VFEDHVC.. .F...... 0,0-720,1600 #7f090202 app:id/webview aid=1073741824} flags=0 reason=SHOW_SOFT_INPUT
2026-02-27 10:52:00.005 31041-31195 Capacitor               com.subastandolo.app                 D  Handling local request: https://localhost/favicon.png
2026-02-27 10:52:00.005 31041-31185 Capacitor               com.subastandolo.app                 D  Handling local request: https://localhost/icons/icon-192.png
2026-02-27 10:52:00.006 31041-31190 Capacitor               com.subastandolo.app                 D  Handling local request: https://localhost/favicon.png
2026-02-27 10:52:00.007 31041-31394 ViewRootImplStubImpl    com.subastandolo.app                 D  onAnimationStart
2026-02-27 10:52:00.008 31041-31195 Capacitor               com.subastandolo.app                 D  Handling local request: https://localhost/favicon.png
2026-02-27 10:52:00.014 31041-31041 Capacitor/Plugin        com.subastandolo.app                 V  To native (Capacitor plugin): callbackId: 130362827, pluginId: NativeBiometric, methodName: isAvailable
2026-02-27 10:52:00.015 31041-31041 Capacitor               com.subastandolo.app                 V  callback: 130362827, pluginId: NativeBiometric, methodName: isAvailable, methodData: {}
2026-02-27 10:52:00.020 31041-31041 Capacitor/Plugin        com.subastandolo.app                 V  To native (Capacitor plugin): callbackId: 130362828, pluginId: NativeBiometric, methodName: isAvailable
