2026-02-27 10:52:02.980 31041-31041 ImeTracker              com.subastandolo.app                 I  com.subastandolo.app:fa638aac: onRequestShow at ORIGIN_CLIENT reason SHOW_SOFT_INPUT fromUser false
2026-02-27 10:52:02.981 31041-31041 InputMethodManager      com.subastandolo.app                 D  showSoftInput() view=com.getcapacitor.CapacitorWebView{8cd7010 VFEDHVC.. .F...... 0,0-720,1600 #7f090202 app:id/webview aid=1073741824} flags=0 reason=SHOW_SOFT_INPUT
2026-02-27 10:52:02.984 31041-31185 Capacitor               com.subastandolo.app                 D  Handling local request: https://localhost/icons/icon-192.png
2026-02-27 10:52:02.985 31041-31183 Capacitor               com.subastandolo.app                 D  Handling local request: https://localhost/favicon.png
2026-02-27 10:52:02.985 31041-31186 Capacitor               com.subastandolo.app                 D  Handling local request: https://localhost/favicon.png
2026-02-27 10:52:02.988 31041-31394 ViewRootImplStubImpl    com.subastandolo.app                 D  onAnimationUpdate, value: 0.17752671
2026-02-27 10:52:03.003 31041-31394 ViewRootImplStubImpl    com.subastandolo.app                 D  onAnimationUpdate, value: 0.31828955
2026-02-27 10:52:03.012 31041-31041 InsetsController        com.subastandolo.app                 D  show(ime(), fromIme=true)
2026-02-27 10:52:03.014 31041-31041 ImeTracker              com.subastandolo.app                 I  com.subastandolo.app:a108a48e: onCancelled at PHASE_CLIENT_ANIMATION_CANCEL
2026-02-27 10:52:03.014 31041-31041 InsetsController        com.subastandolo.app                 D  cancelAnimation of types: 8, animType: 1, host: com.subastandolo.app/com.subastandolo.app.MainActivity invokeCallback=true reason=android.view.InsetsController.cancelExistingControllers:1768 android.view.InsetsController.controlAnimationUncheckedInner:1583 android.view.InsetsController.controlAnimationUnchecked:1421 android.view.InsetsController.applyAnimation:2079 android.view.InsetsController.applyAnimation:2050 android.view.InsetsController.show:1259 android.view.ViewRootImpl$ViewRootHandler.handleMessageImpl:7795 android.view.ViewRootImpl$ViewRootHandler.handleMessage:7726 android.os.Handler.dispatchMessage:107 android.os.Looper.loopOnce:249 
2026-02-27 10:52:03.017 31041-31394 ViewRootImplStubImpl    com.subastandolo.app                 D  springAnimation ready to cancel:miuix.system.animation.physics.SpringAnimation@7eef6c1android.view.InsetsController$InternalAnimationControlListener.onCancelled:523 android.view.InsetsAnimationControlImpl.cancel:361 android.view.InsetsAnimationThreadControlRunner$$ExternalSyntheticLambda1.run:0 android.os.Handler.handleCallback:959 android.os.Handler.dispatchMessage:100 
2026-02-27 10:52:03.018 31041-31394 ViewRootImplStubImpl    com.subastandolo.app                 D  onAnimationEnd,canceled: true
2026-02-27 10:52:03.018 31041-31394 ViewRootImplStubImpl    com.subastandolo.app                 D  requestedTypes: 8
2026-02-27 10:52:03.018 31041-31041 MIUIInput               com.subastandolo.app                 I  [KeyEvent] ViewRootImpl windowName 'com.subastandolo.app/com.subastandolo.app.MainActivity', KeyEvent { action=ACTION_DOWN, keyCode=KEYCODE_BACK, scanCode=0, metaState=0, flags=0x48, repeatCount=0, eventTime=462064164000000, downTime=462064164000000, deviceId=-1, source=0x101, displayId=0 }, phoneEventTime=10:52:02.918
2026-02-27 10:52:03.020 31041-31394 ViewRootImplStubImpl    com.subastandolo.app                 D  onAnimationStart
2026-02-27 10:52:03.028 31041-31394 ViewRootImplStubImpl    com.subastandolo.app                 D  onAnimationUpdate, value: 0.0
2026-02-27 10:52:03.036 31041-31394 ViewRootImplStubImpl    com.subastandolo.app                 D  onAnimationUpdate, value: 0.04738343
2026-02-27 10:52:03.038 31041-31041 Capacitor/Console       com.subastandolo.app                 I  File:  - Line 333 - Msg: {"biometryType":3,"deviceIsSecure":true,"strongBiometryIsAvailable":true,"isAvailable":true,"authenticationStrength":1}
2026-02-27 10:52:03.039 31041-31041 Capacitor/Console       com.subastandolo.app                 I  File:  - Line 349 - Msg: [object Object]
2026-02-27 10:52:03.041 31041-31041 Capacitor/Plugin        com.subastandolo.app                 V  To native (Capacitor plugin): callbackId: 130362851, pluginId: NativeBiometric, methodName: isAvailable
2026-02-27 10:52:03.041 31041-31041 Capacitor               com.subastandolo.app                 V  callback: 130362851, pluginId: NativeBiometric, methodName: isAvailable, methodData: {}
2026-02-27 10:52:03.043 31041-31041 MIUIInput               com.subastandolo.app                 I  [KeyEvent] ViewRootImpl windowName 'com.subastandolo.app/com.subastandolo.app.MainActivity', KeyEvent { action=ACTION_UP, keyCode=KEYCODE_BACK, scanCode=0, metaState=0, flags=0x48, repeatCount=0, eventTime=462064247000000, downTime=462064164000000, deviceId=-1, source=0x101, displayId=0 }, phoneEventTime=10:52:03.001
2026-02-27 10:52:03.048 31041-31041 InsetsController        com.subastandolo.app                 D  show(ime(), fromIme=true)
2026-02-27 10:52:03.049 31041-31041 ImeTracker              com.subastandolo.app                 I  com.subastandolo.app:7c8a13e3: onCancelled at PHASE_CLIENT_APPLY_ANIMATION
2026-02-27 10:52:03.051 31041-31041 InsetsController        com.subastandolo.app                 D  show(ime(), fromIme=true)
2026-02-27 10:52:03.051 31041-31041 ImeTracker              com.subastandolo.app                 I  com.subastandolo.app:fa638aac: onCancelled at PHASE_CLIENT_APPLY_ANIMATION
2026-02-27 10:52:03.052 31041-31394 ViewRootImplStubImpl    com.subastandolo.app                 D  onAnimationUpdate, value: 0.15956981
2026-02-27 10:52:03.065 31041-31183 Capacitor               com.subastandolo.app                 D  Handling local request: https://localhost/icons/icon-192.png
2026-02-27 10:52:03.066 31041-31185 Capacitor               com.subastandolo.app                 D  Handling local request: https://localhost/favicon.png
2026-02-27 10:52:03.067 31041-31183 Capacitor               com.subastandolo.app                 D  Handling local request: https://localhost/favicon.png
2026-02-27 10:52:03.067 31041-31186 Capacitor               com.subastandolo.app                 D  Handling local request: https://localhost/icons/icon-192.png
2026-02-27 10:52:03.069 31041-31185 Capacitor               com.subastandolo.app                 D  Handling local request: https://localhost/favicon.png
2026-02-27 10:52:03.069 31041-31183 Capacitor               com.subastandolo.app                 D  Handling local request: https://localhost/favicon.png
2026-02-27 10:52:03.073 31041-31041 InsetsController        com.subastandolo.app                 D  hide(ime(), fromIme=true)
2026-02-27 10:52:03.074 31041-31041 ImeTracker              com.subastandolo.app                 I  com.subastandolo.app:6350fa7f: onCancelled at PHASE_CLIENT_ANIMATION_CANCEL
2026-02-27 10:52:03.074 31041-31041 InsetsController        com.subastandolo.app                 D  cancelAnimation of types: 8, animType: 0, host: com.subastandolo.app/com.subastandolo.app.MainActivity invokeCallback=true reason=android.view.InsetsController.cancelExistingControllers:1768 android.view.InsetsController.controlAnimationUncheckedInner:1583 android.view.InsetsController.controlAnimationUnchecked:1421 android.view.InsetsController.applyAnimation:2079 android.view.InsetsController.applyAnimation:2050 android.view.InsetsController.hide:1371 android.view.ViewRootImpl$ViewRootHandler.handleMessageImpl:7802 android.view.ViewRootImpl$ViewRootHandler.handleMessage:7726 android.os.Handler.dispatchMessage:107 android.os.Looper.loopOnce:249 
2026-02-27 10:52:03.076 31041-31394 ViewRootImplStubImpl    com.subastandolo.app                 D  onAnimationUpdate, value: 0.29109776
2026-02-27 10:52:03.082 31041-31394 ViewRootImplStubImpl    com.subastandolo.app                 D  springAnimation ready to cancel:miuix.system.animation.physics.SpringAnimation@9e4ced8android.view.InsetsController$InternalAnimationControlListener.onCancelled:523 android.view.InsetsAnimationControlImpl.cancel:361 android.view.InsetsAnimationThreadControlRunner$$ExternalSyntheticLambda1.run:0 android.os.Handler.handleCallback:959 android.os.Handler.dispatchMessage:100 
2026-02-27 10:52:03.082 31041-31394 ViewRootImplStubImpl    com.subastandolo.app                 D  onAnimationEnd,canceled: true
2026-02-27 10:52:03.083 31041-31394 ViewRootImplStubImpl    com.subastandolo.app                 D  requestedTypes: 8
2026-02-27 10:52:03.086 31041-31394 ViewRootImplStubImpl    com.subastandolo.app                 D  onAnimationStart
2026-02-27 10:52:03.097 31041-31394 ViewRootImplStubImpl    com.subastandolo.app                 D  onAnimationUpdate, value: 0.0
2026-02-27 10:52:03.102 31041-31394 ViewRootImplStubImpl    com.subastandolo.app                 D  onAnimationUpdate, value: 0.05349434
2026-02-27 10:52:03.110 31041-31041 ImeTracker              com.subastandolo.app                 I  com.subastandolo.app:90bc3c22: onRequestHide at ORIGIN_CLIENT reason HIDE_SOFT_INPUT fromUser false
2026-02-27 10:52:03.112 31041-31041 HandWritingStubImpl     com.subastandolo.app                 I  getCurrentKeyboardType: 1
2026-02-27 10:52:03.114 31041-31041 Capacitor/Console       com.subastandolo.app                 I  File:  - Line 349 - Msg: [object Object]
2026-02-27 10:52:03.114 31041-31041 Capacitor/Console       com.subastandolo.app                 I  File:  - Line 333 - Msg: {"biometryType":3,"deviceIsSecure":true,"strongBiometryIsAvailable":true,"isAvailable":true,"authenticationStrength":1}
2026-02-27 10:52:03.118 31041-31041 Capacitor/Plugin        com.subastandolo.app                 V  To native (Capacitor plugin): callbackId: 130362852, pluginId: NativeBiometric, methodName: isAvailable
2026-02-27 10:52:03.118 31041-31041 Capacitor               com.subastandolo.app                 V  callback: 130362852, pluginId: NativeBiometric, methodName: isAvailable, methodData: {}
2026-02-27 10:52:03.119 31041-31394 ViewRootImplStubImpl    com.subastandolo.app                 D  onAnimationUpdate, value: 0.17751627
2026-02-27 10:52:03.123 31041-31183 Capacitor               com.subastandolo.app                 D  Handling local request: https://localhost/icons/icon-192.png
2026-02-27 10:52:03.124 31041-31185 Capacitor               com.subastandolo.app                 D  Handling local request: https://localhost/favicon.png
2026-02-27 10:52:03.124 31041-31041 HandWritingStubImpl     com.subastandolo.app                 I  getCurrentKeyboardType: 1
2026-02-27 10:52:03.124 31041-31186 Capacitor               com.subastandolo.app                 D  Handling local request: https://localhost/favicon.png
2026-02-27 10:52:03.128 31041-31041 ImeTracker              com.subastandolo.app                 I  com.subastandolo.app:d0d2909a: onRequestShow at ORIGIN_CLIENT reason SHOW_SOFT_INPUT fromUser false
2026-02-27 10:52:03.130 31041-31041 InputMethodManager      com.subastandolo.app                 D  showSoftInput() view=com.getcapacitor.CapacitorWebView{8cd7010 VFEDHVC.. .F...... 0,0-720,1600 #7f090202 app:id/webview aid=1073741824} flags=0 reason=SHOW_SOFT_INPUT
2026-02-27 10:52:03.136 31041-31394 ViewRootImplStubImpl    com.subastandolo.app                 D  onAnimationUpdate, value: 0.3182805
2026-02-27 10:52:03.153 31041-31394 ViewRootImplStubImpl    com.subastandolo.app                 D  onAnimationUpdate, value: 0.45110446
2026-02-27 10:52:03.167 31041-31041 InsetsController        com.subastandolo.app                 D  show(ime(), fromIme=true)
2026-02-27 10:52:03.167 31041-31041 ImeTracker              com.subastandolo.app                 I  com.google.android.inputmethod.latin:274eb3da: onCancelled at PHASE_CLIENT_ANIMATION_CANCEL
2026-02-27 10:52:03.168 31041-31041 InsetsController        com.subastandolo.app                 D  cancelAnimation of types: 8, animType: 1, host: com.subastandolo.app/com.subastandolo.app.MainActivity invokeCallback=true reason=android.view.InsetsController.cancelExistingControllers:1768 android.view.InsetsController.controlAnimationUncheckedInner:1583 android.view.InsetsController.controlAnimationUnchecked:1421 android.view.InsetsController.applyAnimation:2079 android.view.InsetsController.applyAnimation:2050 android.view.InsetsController.show:1259 android.view.ViewRootImpl$ViewRootHandler.handleMessageImpl:7795 android.view.ViewRootImpl$ViewRootHandler.handleMessage:7726 android.os.Handler.dispatchMessage:107 android.os.Looper.loopOnce:249 
2026-02-27 10:52:03.169 31041-31394 ViewRootImplStubImpl    com.subastandolo.app                 D  springAnimation ready to cancel:miuix.system.animation.physics.SpringAnimation@1df35faandroid.view.InsetsController$InternalAnimationControlListener.onCancelled:523 android.view.InsetsAnimationControlImpl.cancel:361 android.view.InsetsAnimationThreadControlRunner$$ExternalSyntheticLambda1.run:0 android.os.Handler.handleCallback:959 android.os.Handler.dispatchMessage:100 
2026-02-27 10:52:03.169 31041-31394 ViewRootImplStubImpl    com.subastandolo.app                 D  onAnimationEnd,canceled: true
2026-02-27 10:52:03.170 31041-31394 ViewRootImplStubImpl    com.subastandolo.app                 D  requestedTypes: 8
2026-02-27 10:52:03.170 31041-31394 ViewRootImplStubImpl    com.subastandolo.app                 D  onAnimationStart
2026-02-27 10:52:03.177 31041-31394 ViewRootImplStubImpl    com.subastandolo.app                 D  onAnimationUpdate, value: 0.0
2026-02-27 10:52:03.186 31041-31394 ViewRootImplStubImpl    com.subastandolo.app                 D  onAnimationUpdate, value: 0.047378473
2026-02-27 10:52:03.202 31041-31394 ViewRootImplStubImpl    com.subastandolo.app                 D  onAnimationUpdate, value: 0.15955487
2026-02-27 10:52:03.208 31041-31041 HandWritingStubImpl     com.subastandolo.app                 I  getCurrentKeyboardType: 1
2026-02-27 10:52:03.210 31041-31041 ImeTracker              com.subastandolo.app                 I  com.subastandolo.app:eb0fc337: onRequestShow at ORIGIN_CLIENT reason SHOW_SOFT_INPUT fromUser false
2026-02-27 10:52:03.211 31041-31041 InputMethodManager      com.subastandolo.app                 D  showSoftInput() view=com.getcapacitor.CapacitorWebView{8cd7010 VFEDHVC.. .F...... 0,0-720,1600 #7f090202 app:id/webview aid=1073741824} flags=0 reason=SHOW_SOFT_INPUT
2026-02-27 10:52:03.217 31041-31183 Capacitor               com.subastandolo.app                 D  Handling local request: https://localhost/icons/icon-192.png
2026-02-27 10:52:03.218 31041-31185 Capacitor               com.subastandolo.app                 D  Handling local request: https://localhost/favicon.png
2026-02-27 10:52:03.222 31041-31394 ViewRootImplStubImpl    com.subastandolo.app                 D  onAnimationUpdate, value: 0.29107156
2026-02-27 10:52:03.228 31041-31183 Capacitor               com.subastandolo.app                 D  Handling local request: https://localhost/favicon.png
2026-02-27 10:52:03.236 31041-31394 ViewRootImplStubImpl    com.subastandolo.app                 D  onAnimationUpdate, value: 0.41907868
2026-02-27 10:52:03.246 31041-31041 Capacitor/Console       com.subastandolo.app                 I  File:  - Line 333 - Msg: {"biometryType":3,"deviceIsSecure":true,"strongBiometryIsAvailable":true,"isAvailable":true,"authenticationStrength":1}
2026-02-27 10:52:03.248 31041-31041 Capacitor/Console       com.subastandolo.app                 I  File:  - Line 349 - Msg: [object Object]
2026-02-27 10:52:03.251 31041-31041 Capacitor/Plugin        com.subastandolo.app                 V  To native (Capacitor plugin): callbackId: 130362853, pluginId: NativeBiometric, methodName: isAvailable
2026-02-27 10:52:03.251 31041-31041 Capacitor               com.subastandolo.app                 V  callback: 130362853, pluginId: NativeBiometric, methodName: isAvailable, methodData: {}
2026-02-27 10:52:03.253 31041-31394 ViewRootImplStubImpl    com.subastandolo.app                 D  onAnimationUpdate, value: 0.53333074
2026-02-27 10:52:03.269 31041-31041 InsetsController        com.subastandolo.app                 D  show(ime(), fromIme=true)
2026-02-27 10:52:03.270 31041-31041 ImeTracker              com.subastandolo.app                 I  com.subastandolo.app:eb0fc337: onCancelled at PHASE_CLIENT_APPLY_ANIMATION
2026-02-27 10:52:03.270 31041-31394 ViewRootImplStubImpl    com.subastandolo.app                 D  onAnimationUpdate, value: 0.6303968
2026-02-27 10:52:03.276 31041-31186 Capacitor               com.subastandolo.app                 D  Handling local request: https://localhost/icons/icon-192.png
2026-02-27 10:52:03.278 31041-31183 Capacitor               com.subastandolo.app                 D  Handling local request: https://localhost/icons/icon-192.png
2026-02-27 10:52:03.279 31041-31196 Capacitor               com.subastandolo.app                 D  Handling local request: https://localhost/favicon.png
2026-02-27 10:52:03.279 31041-31190 Capacitor               com.subastandolo.app                 D  Handling local request: https://localhost/favicon.png
2026-02-27 10:52:03.280 31041-31185 Capacitor               com.subastandolo.app                 D  Handling local request: https://localhost/favicon.png
2026-02-27 10:52:03.282 31041-31195 Capacitor               com.subastandolo.app                 D  Handling local request: https://localhost/favicon.png
2026-02-27 10:52:03.286 31041-31394 ViewRootImplStubImpl    com.subastandolo.app                 D  onAnimationUpdate, value: 0.71031845
2026-02-27 10:52:03.301 31041-31041 Capacitor/Console       com.subastandolo.app                 I  File:  - Line 349 - Msg: [object Object]
2026-02-27 10:52:03.303 31041-31394 ViewRootImplStubImpl    com.subastandolo.app                 D  onAnimationUpdate, value: 0.7747329
2026-02-27 10:52:03.304 31041-31041 ImeTracker              com.subastandolo.app                 I  com.subastandolo.app:1d67f8d9: onRequestHide at ORIGIN_CLIENT reason HIDE_SOFT_INPUT fromUser false
2026-02-27 10:52:03.307 31041-31041 HandWritingStubImpl     com.subastandolo.app                 I  getCurrentKeyboardType: 1
2026-02-27 10:52:03.311 31041-31041 Capacitor/Console       com.subastandolo.app                 I  File:  - Line 333 - Msg: {"biometryType":3,"deviceIsSecure":true,"strongBiometryIsAvailable":true,"isAvailable":true,"authenticationStrength":1}
2026-02-27 10:52:03.313 31041-31381 RemoteInpu...ectionImpl com.subastandolo.app                 W  requestCursorUpdates on inactive InputConnection
2026-02-27 10:52:03.314 31041-31041 Capacitor/Plugin        com.subastandolo.app                 V  To native (Capacitor plugin): callbackId: 130362854, pluginId: NativeBiometric, methodName: isAvailable
2026-02-27 10:52:03.314 31041-31041 Capacitor               com.subastandolo.app                 V  callback: 130362854, pluginId: NativeBiometric, methodName: isAvailable, methodData: {}
2026-02-27 10:52:03.318 31041-31041 HandWritingStubImpl     com.subastandolo.app                 I  getCurrentKeyboardType: 1
2026-02-27 10:52:03.319 31041-31394 ViewRootImplStubImpl    com.subastandolo.app                 D  onAnimationUpdate, value: 0.82587105
2026-02-27 10:52:03.320 31041-31041 ImeTracker              com.subastandolo.app                 I  com.subastandolo.app:f28f6e77: onRequestShow at ORIGIN_CLIENT reason SHOW_SOFT_INPUT fromUser false
2026-02-27 10:52:03.321 31041-31041 InputMethodManager      com.subastandolo.app                 D  showSoftInput() view=com.getcapacitor.CapacitorWebView{8cd7010 VFEDHVC.. .F...... 0,0-720,1600 #7f090202 app:id/webview aid=1073741824} flags=0 reason=SHOW_SOFT_INPUT
2026-02-27 10:52:03.325 31041-31183 Capacitor               com.subastandolo.app                 D  Handling local request: https://localhost/icons/icon-192.png
2026-02-27 10:52:03.328 31041-31185 Capacitor               com.subastandolo.app                 D  Handling local request: https://localhost/favicon.png
2026-02-27 10:52:03.328 31041-31186 Capacitor               com.subastandolo.app                 D  Handling local request: https://localhost/favicon.png
2026-02-27 10:52:03.331 31041-31183 Capacitor               com.subastandolo.app                 D  Handling local request: https://localhost/icons/icon-192.png
2026-02-27 10:52:03.333 31041-31186 Capacitor               com.subastandolo.app                 D  Handling local request: https://localhost/favicon.png
2026-02-27 10:52:03.333 31041-31183 Capacitor               com.subastandolo.app                 D  Handling local request: https://localhost/favicon.png
2026-02-27 10:52:03.337 31041-31394 ViewRootImplStubImpl    com.subastandolo.app                 D  onAnimationUpdate, value: 0.8660227
2026-02-27 10:52:03.345 31041-31041 InsetsController        com.subastandolo.app                 D  hide(ime(), fromIme=true)
2026-02-27 10:52:03.346 31041-31041 ImeTracker              com.subastandolo.app                 I  com.subastandolo.app:d0d2909a: onCancelled at PHASE_CLIENT_ANIMATION_CANCEL
2026-02-27 10:52:03.346 31041-31041 InsetsController        com.subastandolo.app                 D  cancelAnimation of types: 8, animType: 0, host: com.subastandolo.app/com.subastandolo.app.MainActivity invokeCallback=true reason=android.view.InsetsController.cancelExistingControllers:1768 android.view.InsetsController.controlAnimationUncheckedInner:1583 android.view.InsetsController.controlAnimationUnchecked:1421 android.view.InsetsController.applyAnimation:2079 android.view.InsetsController.applyAnimation:2050 android.view.InsetsController.hide:1371 android.view.ViewRootImpl$ViewRootHandler.handleMessageImpl:7802 android.view.ViewRootImpl$ViewRootHandler.handleMessage:7726 android.os.Handler.dispatchMessage:107 android.os.Looper.loopOnce:249 
2026-02-27 10:52:03.348 31041-31394 ViewRootImplStubImpl    com.subastandolo.app                 D  springAnimation ready to cancel:miuix.system.animation.physics.SpringAnimation@ea69e76android.view.InsetsController$InternalAnimationControlListener.onCancelled:523 android.view.InsetsAnimationControlImpl.cancel:361 android.view.InsetsAnimationThreadControlRunner$$ExternalSyntheticLambda1.run:0 android.os.Handler.handleCallback:959 android.os.Handler.dispatchMessage:100 
2026-02-27 10:52:03.349 31041-31394 ViewRootImplStubImpl    com.subastandolo.app                 D  onAnimationEnd,canceled: true
2026-02-27 10:52:03.349 31041-31394 ViewRootImplStubImpl    com.subastandolo.app                 D  requestedTypes: 8
2026-02-27 10:52:03.352 31041-31394 ViewRootImplStubImpl    com.subastandolo.app                 D  onAnimationStart
2026-02-27 10:52:03.357 31041-31394 ViewRootImplStubImpl    com.subastandolo.app                 D  onAnimationUpdate, value: 0.0
2026-02-27 10:52:03.370 31041-31394 ViewRootImplStubImpl    com.subastandolo.app                 D  onAnimationUpdate, value: 0.053488318
2026-02-27 10:52:03.387 31041-31394 ViewRootImplStubImpl    com.subastandolo.app                 D  onAnimationUpdate, value: 0.17750017
2026-02-27 10:52:03.392 31041-31041 InsetsController        com.subastandolo.app                 D  show(ime(), fromIme=true)
2026-02-27 10:52:03.395 31041-31041 ImeTracker              com.subastandolo.app                 I  com.subastandolo.app:1d67f8d9: onCancelled at PHASE_CLIENT_ANIMATION_CANCEL
2026-02-27 10:52:03.395 31041-31041 InsetsController        com.subastandolo.app                 D  cancelAnimation of types: 8, animType: 1, host: com.subastandolo.app/com.subastandolo.app.MainActivity invokeCallback=true reason=android.view.InsetsController.cancelExistingControllers:1768 android.view.InsetsController.controlAnimationUncheckedInner:1583 android.view.InsetsController.controlAnimationUnchecked:1421 android.view.InsetsController.applyAnimation:2079 android.view.InsetsController.applyAnimation:2050 android.view.InsetsController.show:1259 android.view.ViewRootImpl$ViewRootHandler.handleMessageImpl:7795 android.view.ViewRootImpl$ViewRootHandler.handleMessage:7726 android.os.Handler.dispatchMessage:107 android.os.Looper.loopOnce:249 
2026-02-27 10:52:03.398 31041-31394 ViewRootImplStubImpl    com.subastandolo.app                 D  springAnimation ready to cancel:miuix.system.animation.physics.SpringAnimation@4386cbaandroid.view.InsetsController$InternalAnimationControlListener.onCancelled:523 android.view.InsetsAnimationControlImpl.cancel:361 android.view.InsetsAnimationThreadControlRunner$$ExternalSyntheticLambda1.run:0 android.os.Handler.handleCallback:959 android.os.Handler.dispatchMessage:100 
2026-02-27 10:52:03.398 31041-31394 ViewRootImplStubImpl    com.subastandolo.app                 D  onAnimationEnd,canceled: true
2026-02-27 10:52:03.399 31041-31394 ViewRootImplStubImpl    com.subastandolo.app                 D  requestedTypes: 8
2026-02-27 10:52:03.402 31041-31394 ViewRootImplStubImpl    com.subastandolo.app                 D  onAnimationStart
2026-02-27 10:52:03.410 31041-31394 ViewRootImplStubImpl    com.subastandolo.app                 D  onAnimationUpdate, value: 0.0
2026-02-27 10:52:03.420 31041-31041 Capacitor/Console       com.subastandolo.app                 I  File:  - Line 333 - Msg: {"biometryType":3,"deviceIsSecure":true,"strongBiometryIsAvailable":true,"isAvailable":true,"authenticationStrength":1}
2026-02-27 10:52:03.421 31041-31183 Capacitor               com.subastandolo.app                 D  Handling local request: https://localhost/icons/icon-192.png
2026-02-27 10:52:03.422 31041-31394 ViewRootImplStubImpl    com.subastandolo.app                 D  onAnimationUpdate, value: 0.04738217
2026-02-27 10:52:03.436 31041-31394 ViewRootImplStubImpl    com.subastandolo.app                 D  onAnimationUpdate, value: 0.1595769
2026-02-27 10:52:03.452 31041-31394 ViewRootImplStubImpl    com.subastandolo.app                 D  onAnimationUpdate, value: 0.29111055
2026-02-27 10:52:03.469 31041-31394 ViewRootImplStubImpl    com.subastandolo.app                 D  onAnimationUpdate, value: 0.41912588
2026-02-27 10:52:03.470 31041-31041 Capacitor/Console       com.subastandolo.app                 I  File:  - Line 349 - Msg: [object Object]
2026-02-27 10:52:03.472 31041-31041 ImeTracker              com.subastandolo.app                 I  com.subastandolo.app:c269a021: onRequestHide at ORIGIN_CLIENT reason HIDE_SOFT_INPUT fromUser false
2026-02-27 10:52:03.473 31041-31041 HandWritingStubImpl     com.subastandolo.app                 I  getCurrentKeyboardType: 1
2026-02-27 10:52:03.475 31041-31041 Capacitor/Plugin        com.subastandolo.app                 V  To native (Capacitor plugin): callbackId: 130362855, pluginId: NativeBiometric, methodName: isAvailable
2026-02-27 10:52:03.476 31041-31041 Capacitor               com.subastandolo.app                 V  callback: 130362855, pluginId: NativeBiometric, methodName: isAvailable, methodData: {}
2026-02-27 10:52:03.480 31041-31381 RemoteInpu...ectionImpl com.subastandolo.app                 W  requestCursorUpdates on inactive InputConnection
2026-02-27 10:52:03.481 31041-31041 InsetsController        com.subastandolo.app                 D  hide(ime(), fromIme=true)
2026-02-27 10:52:03.482 31041-31041 ImeTracker              com.subastandolo.app                 I  com.subastandolo.app:f28f6e77: onCancelled at PHASE_CLIENT_ANIMATION_CANCEL
2026-02-27 10:52:03.483 31041-31041 InsetsController        com.subastandolo.app                 D  cancelAnimation of types: 8, animType: 0, host: com.subastandolo.app/com.subastandolo.app.MainActivity invokeCallback=true reason=android.view.InsetsController.cancelExistingControllers:1768 android.view.InsetsController.controlAnimationUncheckedInner:1583 android.view.InsetsController.controlAnimationUnchecked:1421 android.view.InsetsController.applyAnimation:2079 android.view.InsetsController.applyAnimation:2050 android.view.InsetsController.hide:1371 android.view.ViewRootImpl$ViewRootHandler.handleMessageImpl:7802 android.view.ViewRootImpl$ViewRootHandler.handleMessage:7726 android.os.Handler.dispatchMessage:107 android.os.Looper.loopOnce:249 
2026-02-27 10:52:03.484 31041-31394 ViewRootImplStubImpl    com.subastandolo.app                 D  springAnimation ready to cancel:miuix.system.animation.physics.SpringAnimation@5ea745eandroid.view.InsetsController$InternalAnimationControlListener.onCancelled:523 android.view.InsetsAnimationControlImpl.cancel:361 android.view.InsetsAnimationThreadControlRunner$$ExternalSyntheticLambda1.run:0 android.os.Handler.handleCallback:959 android.os.Handler.dispatchMessage:100 
2026-02-27 10:52:03.484 31041-31394 ViewRootImplStubImpl    com.subastandolo.app                 D  onAnimationEnd,canceled: true
2026-02-27 10:52:03.484 31041-31394 ViewRootImplStubImpl    com.subastandolo.app                 D  requestedTypes: 8
2026-02-27 10:52:03.485 31041-31394 ViewRootImplStubImpl    com.subastandolo.app                 D  onAnimationStart
2026-02-27 10:52:03.489 31041-31183 Capacitor               com.subastandolo.app                 D  Handling local request: https://localhost/favicon.png
2026-02-27 10:52:03.496 31041-31041 HandWritingStubImpl     com.subastandolo.app                 I  getCurrentKeyboardType: 1
2026-02-27 10:52:03.500 31041-31041 ImeTracker              com.subastandolo.app                 I  com.subastandolo.app:7f13d68: onRequestShow at ORIGIN_CLIENT reason SHOW_SOFT_INPUT fromUser false
2026-02-27 10:52:03.500 31041-31183 Capacitor               com.subastandolo.app                 D  Handling local request: https://localhost/favicon.png
2026-02-27 10:52:03.500 31041-31041 InputMethodManager      com.subastandolo.app                 D  showSoftInput() view=com.getcapacitor.CapacitorWebView{8cd7010 VFEDHVC.. .F...... 0,0-720,1600 #7f090202 app:id/webview aid=1073741824} flags=0 reason=SHOW_SOFT_INPUT
2026-02-27 10:52:03.510 31041-31394 ViewRootImplStubImpl    com.subastandolo.app                 D  onAnimationUpdate, value: 0.0
2026-02-27 10:52:03.515 31041-31041 Capacitor/Console       com.subastandolo.app                 I  File:  - Line 333 - Msg: {"biometryType":3,"deviceIsSecure":true,"strongBiometryIsAvailable":true,"isAvailable":true,"authenticationStrength":1}
2026-02-27 10:52:03.520 31041-31394 ViewRootImplStubImpl    com.subastandolo.app                 D  onAnimationUpdate, value: 0.053491175
2026-02-27 10:52:03.523 31041-31183 Capacitor               com.subastandolo.app                 D  Handling local request: https://localhost/icons/icon-192.png
2026-02-27 10:52:03.524 31041-31185 Capacitor               com.subastandolo.app                 D  Handling local request: https://localhost/favicon.png
2026-02-27 10:52:03.525 31041-31186 Capacitor               com.subastandolo.app                 D  Handling local request: https://localhost/favicon.png
2026-02-27 10:52:03.535 31041-31041 ImeTracker              com.subastandolo.app                 I  com.subastandolo.app:f4516793: onRequestHide at ORIGIN_CLIENT reason HIDE_SOFT_INPUT fromUser false
2026-02-27 10:52:03.536 31041-31394 ViewRootImplStubImpl    com.subastandolo.app                 D  onAnimationUpdate, value: 0.17750803
2026-02-27 10:52:03.536 31041-31041 HandWritingStubImpl     com.subastandolo.app                 I  getCurrentKeyboardType: 1
2026-02-27 10:52:03.545 31041-31041 Capacitor/Console       com.subastandolo.app                 I  File:  - Line 349 - Msg: [object Object]
2026-02-27 10:52:03.546 31041-31041 Capacitor/Plugin        com.subastandolo.app                 V  To native (Capacitor plugin): callbackId: 130362856, pluginId: NativeBiometric, methodName: isAvailable
2026-02-27 10:52:03.547 31041-31041 Capacitor               com.subastandolo.app                 V  callback: 130362856, pluginId: NativeBiometric, methodName: isAvailable, methodData: {}
2026-02-27 10:52:03.553 31041-31394 ViewRootImplStubImpl    com.subastandolo.app                 D  onAnimationUpdate, value: 0.31826445
2026-02-27 10:52:03.562 31041-31381 RemoteInpu...ectionImpl com.subastandolo.app                 W  requestCursorUpdates on inactive InputConnection
2026-02-27 10:52:03.566 31041-31041 InsetsController        com.subastandolo.app                 D  show(ime(), fromIme=true)
2026-02-27 10:52:03.568 31041-31041 ImeTracker              com.subastandolo.app                 I  com.subastandolo.app:c269a021: onCancelled at PHASE_CLIENT_ANIMATION_CANCEL
2026-02-27 10:52:03.568 31041-31041 InsetsController        com.subastandolo.app                 D  cancelAnimation of types: 8, animType: 1, host: com.subastandolo.app/com.subastandolo.app.MainActivity invokeCallback=true reason=android.view.InsetsController.cancelExistingControllers:1768 android.view.InsetsController.controlAnimationUncheckedInner:1583 android.view.InsetsController.controlAnimationUnchecked:1421 android.view.InsetsController.applyAnimation:2079 android.view.InsetsController.applyAnimation:2050 android.view.InsetsController.show:1259 android.view.ViewRootImpl$ViewRootHandler.handleMessageImpl:7795 android.view.ViewRootImpl$ViewRootHandler.handleMessage:7726 android.os.Handler.dispatchMessage:107 android.os.Looper.loopOnce:249 
2026-02-27 10:52:03.570 31041-31394 ViewRootImplStubImpl    com.subastandolo.app                 D  onAnimationUpdate, value: 0.45108923
2026-02-27 10:52:03.576 31041-31394 ViewRootImplStubImpl    com.subastandolo.app                 D  springAnimation ready to cancel:miuix.system.animation.physics.SpringAnimation@dd213candroid.view.InsetsController$InternalAnimationControlListener.onCancelled:523 android.view.InsetsAnimationControlImpl.cancel:361 android.view.InsetsAnimationThreadControlRunner$$ExternalSyntheticLambda1.run:0 android.os.Handler.handleCallback:959 android.os.Handler.dispatchMessage:100 
2026-02-27 10:52:03.576 31041-31394 ViewRootImplStubImpl    com.subastandolo.app                 D  onAnimationEnd,canceled: true
2026-02-27 10:52:03.577 31041-31394 ViewRootImplStubImpl    com.subastandolo.app                 D  requestedTypes: 8
2026-02-27 10:52:03.580 31041-31041 HandWritingStubImpl     com.subastandolo.app                 I  getCurrentKeyboardType: 1
2026-02-27 10:52:03.584 31041-31041 ImeTracker              com.subastandolo.app                 I  com.subastandolo.app:afcd7909: onRequestShow at ORIGIN_CLIENT reason SHOW_SOFT_INPUT fromUser false
2026-02-27 10:52:03.585 31041-31041 InputMethodManager      com.subastandolo.app                 D  showSoftInput() view=com.getcapacitor.CapacitorWebView{8cd7010 VFEDHVC.. .F...... 0,0-720,1600 #7f090202 app:id/webview aid=1073741824} flags=0 reason=SHOW_SOFT_INPUT
2026-02-27 10:52:03.586 31041-31394 ViewRootImplStubImpl    com.subastandolo.app                 D  onAnimationStart
2026-02-27 10:52:03.590 31041-31381 RemoteInpu...ectionImpl com.subastandolo.app                 W  requestCursorUpdates on inactive InputConnection
2026-02-27 10:52:03.594 31041-31185 Capacitor               com.subastandolo.app                 D  Handling local request: https://localhost/icons/icon-192.png
2026-02-27 10:52:03.595 31041-31186 Capacitor               com.subastandolo.app                 D  Handling local request: https://localhost/favicon.png
2026-02-27 10:52:03.595 31041-31185 Capacitor               com.subastandolo.app                 D  Handling local request: https://localhost/favicon.png
2026-02-27 10:52:03.611 31041-31394 ViewRootImplStubImpl    com.subastandolo.app                 D  onAnimationUpdate, value: 0.0
2026-02-27 10:52:03.619 31041-31394 ViewRootImplStubImpl    com.subastandolo.app                 D  onAnimationUpdate, value: 0.047383472
2026-02-27 10:52:03.626 31041-31041 Capacitor/Console       com.subastandolo.app                 I  File:  - Line 333 - Msg: {"biometryType":3,"deviceIsSecure":true,"strongBiometryIsAvailable":true,"isAvailable":true,"authenticationStrength":1}
2026-02-27 10:52:03.629 31041-31041 InsetsController        com.subastandolo.app                 D  hide(ime(), fromIme=true)
2026-02-27 10:52:03.630 31041-31041 ImeTracker              com.subastandolo.app                 I  com.subastandolo.app:7f13d68: onCancelled at PHASE_CLIENT_ANIMATION_CANCEL
2026-02-27 10:52:03.630 31041-31041 InsetsController        com.subastandolo.app                 D  cancelAnimation of types: 8, animType: 0, host: com.subastandolo.app/com.subastandolo.app.MainActivity invokeCallback=true reason=android.view.InsetsController.cancelExistingControllers:1768 android.view.InsetsController.controlAnimationUncheckedInner:1583 android.view.InsetsController.controlAnimationUnchecked:1421 android.view.InsetsController.applyAnimation:2079 android.view.InsetsController.applyAnimation:2050 android.view.InsetsController.hide:1371 android.view.ViewRootImpl$ViewRootHandler.handleMessageImpl:7802 android.view.ViewRootImpl$ViewRootHandler.handleMessage:7726 android.os.Handler.dispatchMessage:107 android.os.Looper.loopOnce:249 
2026-02-27 10:52:03.631 31041-31394 ViewRootImplStubImpl    com.subastandolo.app                 D  springAnimation ready to cancel:miuix.system.animation.physics.SpringAnimation@a8ec335android.view.InsetsController$InternalAnimationControlListener.onCancelled:523 android.view.InsetsAnimationControlImpl.cancel:361 android.view.InsetsAnimationThreadControlRunner$$ExternalSyntheticLambda1.run:0 android.os.Handler.handleCallback:959 android.os.Handler.dispatchMessage:100 
2026-02-27 10:52:03.631 31041-31394 ViewRootImplStubImpl    com.subastandolo.app                 D  onAnimationEnd,canceled: true
2026-02-27 10:52:03.632 31041-31394 ViewRootImplStubImpl    com.subastandolo.app                 D  requestedTypes: 8
2026-02-27 10:52:03.635 31041-31394 ViewRootImplStubImpl    com.subastandolo.app                 D  onAnimationStart
2026-02-27 10:52:03.649 31041-31185 Capacitor               com.subastandolo.app                 D  Handling local request: https://localhost/icons/icon-192.png
2026-02-27 10:52:03.649 31041-31186 Capacitor               com.subastandolo.app                 D  Handling local request: https://localhost/favicon.png
2026-02-27 10:52:03.652 31041-31190 Capacitor               com.subastandolo.app                 D  Handling local request: https://localhost/favicon.png
2026-02-27 10:52:03.652 31041-31394 ViewRootImplStubImpl    com.subastandolo.app                 D  onAnimationUpdate, value: 0.0
2026-02-27 10:52:03.668 31041-31394 ViewRootImplStubImpl    com.subastandolo.app                 D  onAnimationUpdate, value: 0.053487647
2026-02-27 10:52:03.669 31041-31041 ImeTracker              com.subastandolo.app                 I  com.subastandolo.app:f8baf629: onRequestHide at ORIGIN_CLIENT reason HIDE_SOFT_INPUT fromUser false
2026-02-27 10:52:03.671 31041-31041 HandWritingStubImpl     com.subastandolo.app                 I  getCurrentKeyboardType: 1
2026-02-27 10:52:03.687 31041-31394 ViewRootImplStubImpl    com.subastandolo.app                 D  onAnimationUpdate, value: 0.1775001
2026-02-27 10:52:03.691 31041-31041 Capacitor/Console       com.subastandolo.app                 I  File:  - Line 349 - Msg: [object Object]
2026-02-27 10:52:03.693 31041-31041 Capacitor/Plugin        com.subastandolo.app                 V  To native (Capacitor plugin): callbackId: 130362857, pluginId: NativeBiometric, methodName: isAvailable
2026-02-27 10:52:03.693 31041-31041 Capacitor               com.subastandolo.app                 V  callback: 130362857, pluginId: NativeBiometric, methodName: isAvailable, methodData: {}
2026-02-27 10:52:03.702 31041-31381 RemoteInpu...ectionImpl com.subastandolo.app                 W  requestCursorUpdates on inactive InputConnection
2026-02-27 10:52:03.703 31041-31041 HandWritingStubImpl     com.subastandolo.app                 I  getCurrentKeyboardType: 1
2026-02-27 10:52:03.705 31041-31394 ViewRootImplStubImpl    com.subastandolo.app                 D  onAnimationUpdate, value: 0.3182532
2026-02-27 10:52:03.709 31041-31041 ImeTracker              com.subastandolo.app                 I  com.subastandolo.app:71bce502: onRequestShow at ORIGIN_CLIENT reason SHOW_SOFT_INPUT fromUser false
2026-02-27 10:52:03.712 31041-31183 Capacitor               com.subastandolo.app                 D  Handling local request: https://localhost/icons/icon-192.png
2026-02-27 10:52:03.713 31041-31183 Capacitor               com.subastandolo.app                 D  Handling local request: https://localhost/favicon.png
2026-02-27 10:52:03.716 31041-31185 Capacitor               com.subastandolo.app                 D  Handling local request: https://localhost/favicon.png
2026-02-27 10:52:03.717 31041-31041 InputMethodManager      com.subastandolo.app                 D  showSoftInput() view=com.getcapacitor.CapacitorWebView{8cd7010 VFEDHVC.. .F...... 0,0-720,1600 #7f090202 app:id/webview aid=1073741824} flags=0 reason=SHOW_SOFT_INPUT
2026-02-27 10:52:03.735 31041-31394 ViewRootImplStubImpl    com.subastandolo.app                 D  onAnimationUpdate, value: 0.4510733
2026-02-27 10:52:03.744 31041-31041 InsetsController        com.subastandolo.app                 D  show(ime(), fromIme=true)
2026-02-27 10:52:03.747 31041-31041 ImeTracker              com.subastandolo.app                 I  com.subastandolo.app:f4516793: onCancelled at PHASE_CLIENT_ANIMATION_CANCEL
2026-02-27 10:52:03.748 31041-31041 InsetsController        com.subastandolo.app                 D  cancelAnimation of types: 8, animType: 1, host: com.subastandolo.app/com.subastandolo.app.MainActivity invokeCallback=true reason=android.view.InsetsController.cancelExistingControllers:1768 android.view.InsetsController.controlAnimationUncheckedInner:1583 android.view.InsetsController.controlAnimationUnchecked:1421 android.view.InsetsController.applyAnimation:2079 android.view.InsetsController.applyAnimation:2050 android.view.InsetsController.show:1259 android.view.ViewRootImpl$ViewRootHandler.handleMessageImpl:7795 android.view.ViewRootImpl$ViewRootHandler.handleMessage:7726 android.os.Handler.dispatchMessage:107 android.os.Looper.loopOnce:249 
2026-02-27 10:52:03.751 31041-31041 InsetsController        com.subastandolo.app                 D  hide(ime(), fromIme=true)
2026-02-27 10:52:03.752 31041-31041 ImeTracker              com.subastandolo.app                 I  com.subastandolo.app:afcd7909: onCancelled at PHASE_CLIENT_ANIMATION_CANCEL
2026-02-27 10:52:03.753 31041-31041 InsetsController        com.subastandolo.app                 D  cancelAnimation of types: 8, animType: 0, host: com.subastandolo.app/com.subastandolo.app.MainActivity invokeCallback=true reason=android.view.InsetsController.cancelExistingControllers:1768 android.view.InsetsController.controlAnimationUncheckedInner:1583 android.view.InsetsController.controlAnimationUnchecked:1421 android.view.InsetsController.applyAnimation:2079 android.view.InsetsController.applyAnimation:2050 android.view.InsetsController.hide:1371 android.view.ViewRootImpl$ViewRootHandler.handleMessageImpl:7802 android.view.ViewRootImpl$ViewRootHandler.handleMessage:7726 android.os.Handler.dispatchMessage:107 android.os.Looper.loopOnce:249 
2026-02-27 10:52:03.753 31041-31394 ViewRootImplStubImpl    com.subastandolo.app                 D  springAnimation ready to cancel:miuix.system.animation.physics.SpringAnimation@7ec990fandroid.view.InsetsController$InternalAnimationControlListener.onCancelled:523 android.view.InsetsAnimationControlImpl.cancel:361 android.view.InsetsAnimationThreadControlRunner$$ExternalSyntheticLambda1.run:0 android.os.Handler.handleCallback:959 android.os.Handler.dispatchMessage:100 
2026-02-27 10:52:03.753 31041-31394 ViewRootImplStubImpl    com.subastandolo.app                 D  onAnimationEnd,canceled: true
2026-02-27 10:52:03.754 31041-31394 ViewRootImplStubImpl    com.subastandolo.app                 D  requestedTypes: 8
2026-02-27 10:52:03.755 31041-31394 ViewRootImplStubImpl    com.subastandolo.app                 D  onAnimationStart
2026-02-27 10:52:03.756 31041-31381 RemoteInpu...ectionImpl com.subastandolo.app                 W  requestCursorUpdates on inactive InputConnection
2026-02-27 10:52:03.762 31041-31394 ViewRootImplStubImpl    com.subastandolo.app                 D  onAnimationUpdate, value: 0.0
2026-02-27 10:52:03.770 31041-31394 ViewRootImplStubImpl    com.subastandolo.app                 D  springAnimation ready to cancel:miuix.system.animation.physics.SpringAnimation@2bf83f6android.view.InsetsController$InternalAnimationControlListener.onCancelled:523 android.view.InsetsAnimationControlImpl.cancel:361 android.view.InsetsAnimationThreadControlRunner$$ExternalSyntheticLambda1.run:0 android.os.Handler.handleCallback:959 android.os.Handler.dispatchMessage:100 
2026-02-27 10:52:03.770 31041-31394 ViewRootImplStubImpl    com.subastandolo.app                 D  onAnimationEnd,canceled: true
2026-02-27 10:52:03.771 31041-31394 ViewRootImplStubImpl    com.subastandolo.app                 D  requestedTypes: 8
2026-02-27 10:52:03.785 31041-31183 Capacitor               com.subastandolo.app                 D  Handling local request: https://localhost/icons/icon-192.png
2026-02-27 10:52:03.789 31041-31185 Capacitor               com.subastandolo.app                 D  Handling local request: https://localhost/favicon.png
2026-02-27 10:52:03.789 31041-31186 Capacitor               com.subastandolo.app                 D  Handling local request: https://localhost/favicon.png
2026-02-27 10:52:03.790 31041-31394 ViewRootImplStubImpl    com.subastandolo.app                 D  onAnimationStart
2026-02-27 10:52:03.791 31041-31041 ImeTracker              com.subastandolo.app                 I  com.subastandolo.app:c338dfee: onRequestHide at ORIGIN_CLIENT reason HIDE_SOFT_INPUT fromUser false
2026-02-27 10:52:03.795 31041-31041 HandWritingStubImpl     com.subastandolo.app                 I  getCurrentKeyboardType: 1
2026-02-27 10:52:03.805 31041-31394 ViewRootImplStubImpl    com.subastandolo.app                 D  onAnimationUpdate, value: 0.0
2026-02-27 10:52:03.817 31041-31381 RemoteInpu...ectionImpl com.subastandolo.app                 W  requestCursorUpdates on inactive InputConnection
2026-02-27 10:52:03.822 31041-31394 ViewRootImplStubImpl    com.subastandolo.app                 D  onAnimationUpdate, value: 0.053493038
2026-02-27 10:52:03.823 31041-31041 Capacitor/Console       com.subastandolo.app                 I  File:  - Line 333 - Msg: {"biometryType":3,"deviceIsSecure":true,"strongBiometryIsAvailable":true,"isAvailable":true,"authenticationStrength":1}
2026-02-27 10:52:03.831 31041-31041 Capacitor/Console       com.subastandolo.app                 I  File:  - Line 349 - Msg: [object Object]
2026-02-27 10:52:03.833 31041-31041 Capacitor/Plugin        com.subastandolo.app                 V  To native (Capacitor plugin): callbackId: 130362858, pluginId: NativeBiometric, methodName: isAvailable
2026-02-27 10:52:03.833 31041-31041 Capacitor               com.subastandolo.app                 V  callback: 130362858, pluginId: NativeBiometric, methodName: isAvailable, methodData: {}
2026-02-27 10:52:03.834 31041-31041 InsetsController        com.subastandolo.app                 D  show(ime(), fromIme=true)
2026-02-27 10:52:03.836 31041-31041 ImeTracker              com.subastandolo.app                 I  com.subastandolo.app:f8baf629: onCancelled at PHASE_CLIENT_ANIMATION_CANCEL
2026-02-27 10:52:03.837 31041-31041 InsetsController        com.subastandolo.app                 D  cancelAnimation of types: 8, animType: 1, host: com.subastandolo.app/com.subastandolo.app.MainActivity invokeCallback=true reason=android.view.InsetsController.cancelExistingControllers:1768 android.view.InsetsController.controlAnimationUncheckedInner:1583 android.view.InsetsController.controlAnimationUnchecked:1421 android.view.InsetsController.applyAnimation:2079 android.view.InsetsController.applyAnimation:2050 android.view.InsetsController.show:1259 android.view.ViewRootImpl$ViewRootHandler.handleMessageImpl:7795 android.view.ViewRootImpl$ViewRootHandler.handleMessage:7726 android.os.Handler.dispatchMessage:107 android.os.Looper.loopOnce:249 
2026-02-27 10:52:03.837 31041-31394 ViewRootImplStubImpl    com.subastandolo.app                 D  onAnimationUpdate, value: 0.177517
2026-02-27 10:52:03.845 31041-31394 ViewRootImplStubImpl    com.subastandolo.app                 D  springAnimation ready to cancel:miuix.system.animation.physics.SpringAnimation@da710d0android.view.InsetsController$InternalAnimationControlListener.onCancelled:523 android.view.InsetsAnimationControlImpl.cancel:361 android.view.InsetsAnimationThreadControlRunner$$ExternalSyntheticLambda1.run:0 android.os.Handler.handleCallback:959 android.os.Handler.dispatchMessage:100 
2026-02-27 10:52:03.845 31041-31394 ViewRootImplStubImpl    com.subastandolo.app                 D  onAnimationEnd,canceled: true
2026-02-27 10:52:03.845 31041-31394 ViewRootImplStubImpl    com.subastandolo.app                 D  requestedTypes: 8
2026-02-27 10:52:03.856 31041-31394 ViewRootImplStubImpl    com.subastandolo.app                 D  onAnimationStart
2026-02-27 10:52:03.857 31041-31394 ViewRootImplStubImpl    com.subastandolo.app                 D  onAnimationUpdate, value: 0.0
2026-02-27 10:52:03.861 31041-31041 HandWritingStubImpl     com.subastandolo.app                 I  getCurrentKeyboardType: 1
2026-02-27 10:52:03.870 31041-31041 ImeTracker              com.subastandolo.app                 I  com.subastandolo.app:a1222a00: onRequestShow at ORIGIN_CLIENT reason SHOW_SOFT_INPUT fromUser false
2026-02-27 10:52:03.870 31041-31041 InputMethodManager      com.subastandolo.app                 D  showSoftInput() view=com.getcapacitor.CapacitorWebView{8cd7010 VFEDHVC.. .F...... 0,0-720,1600 #7f090202 app:id/webview aid=1073741824} flags=0 reason=SHOW_SOFT_INPUT
2026-02-27 10:52:03.875 31041-31381 RemoteInpu...ectionImpl com.subastandolo.app                 W  requestCursorUpdates on inactive InputConnection
