2026-02-27 10:28:10.895 27267-27267 ImeTracker              com.subastandolo.app                 I  com.subastandolo.app:195cf3df: onRequestHide at ORIGIN_CLIENT reason HIDE_SOFT_INPUT fromUser false
2026-02-27 10:28:10.897 27267-27267 HandWritingStubImpl     com.subastandolo.app                 I  getCurrentKeyboardType: 1
2026-02-27 10:28:10.902 27267-27511 RemoteInpu...ectionImpl com.subastandolo.app                 W  requestCursorUpdates on inactive InputConnection
2026-02-27 10:28:10.923 27267-27267 Capacitor/Console       com.subastandolo.app                 I  File: https://localhost/assets/Auth-Crm6S99o.js - Line 7 - Msg: Biometric: setCredentials(accessControl=BIOMETRY_ANY)
2026-02-27 10:28:10.924 27267-27267 Capacitor/Console       com.subastandolo.app                 I  File:  - Line 349 - Msg: [object Object]
2026-02-27 10:28:10.925 27267-27267 InsetsController        com.subastandolo.app                 D  hide(ime(), fromIme=true)
2026-02-27 10:28:10.926 27267-27523 ViewRootImplStubImpl    com.subastandolo.app                 D  requestedTypes: 8
2026-02-27 10:28:10.932 27267-27523 ViewRootImplStubImpl    com.subastandolo.app                 D  onAnimationStart
2026-02-27 10:28:10.955 27267-27267 Capacitor/Plugin        com.subastandolo.app                 V  To native (Capacitor plugin): callbackId: 2183458, pluginId: NativeBiometric, methodName: setCredentials
2026-02-27 10:28:10.955 27267-27267 Capacitor               com.subastandolo.app                 V  callback: 2183458, pluginId: NativeBiometric, methodName: setCredentials, methodData: {"username":"uniformeskronus@gmail.com","password":"Maikol*.2861","server":"com.subastandolo.app","accessControl":2}
2026-02-27 10:28:10.992 27267-27523 ViewRootImplStubImpl    com.subastandolo.app                 D  onAnimationUpdate, value: 0.0
2026-02-27 10:28:10.999 27267-27523 ViewRootImplStubImpl    com.subastandolo.app                 D  onAnimationUpdate, value: 0.053497065
2026-02-27 10:28:11.009 27267-27267 Capacitor               com.subastandolo.app                 D  App paused
2026-02-27 10:28:11.015 27267-27324 RenderInspector         com.subastandolo.app                 W  QueueBuffer time out on com.subastandolo.app/com.subastandolo.app.MainActivity, count=29, avg=15 ms, max=21 ms.
2026-02-27 10:28:11.017 27267-27523 ViewRootImplStubImpl    com.subastandolo.app                 D  onAnimationUpdate, value: 0.17759305
2026-02-27 10:28:11.031 27267-27294 ActivityThread          com.subastandolo.app                 I  HardwareRenderer preload  done
2026-02-27 10:28:11.034 27267-27523 ViewRootImplStubImpl    com.subastandolo.app                 D  onAnimationUpdate, value: 0.31843534
2026-02-27 10:28:11.044 27267-27523 ViewRootImplStubImpl    com.subastandolo.app                 D  onAnimationUpdate, value: 0.40872335
2026-02-27 10:28:11.055 27267-27523 ViewRootImplStubImpl    com.subastandolo.app                 D  onAnimationUpdate, value: 0.491483
2026-02-27 10:28:11.068 27267-27523 ViewRootImplStubImpl    com.subastandolo.app                 D  onAnimationUpdate, value: 0.5657495
2026-02-27 10:28:11.085 27267-27523 ViewRootImplStubImpl    com.subastandolo.app                 D  onAnimationUpdate, value: 0.63134354
2026-02-27 10:28:11.100 27267-27523 ViewRootImplStubImpl    com.subastandolo.app                 D  onAnimationUpdate, value: 0.68856937
2026-02-27 10:28:11.112 27267-27523 ViewRootImplStubImpl    com.subastandolo.app                 D  onAnimationUpdate, value: 0.7380094
2026-02-27 10:28:11.122 27267-27523 ViewRootImplStubImpl    com.subastandolo.app                 D  onAnimationUpdate, value: 0.78038645
2026-02-27 10:28:11.123 27267-27267 SecurityManager         com.subastandolo.app                 D  checkAccessControl flag0
2026-02-27 10:28:11.133 27267-27267 MiuiCamera...redManager com.subastandolo.app                 D  java.lang.NullPointerException: Attempt to invoke virtual method 'java.lang.String android.provider.MiuiSettings$SettingsCloudData$CloudData.getString(java.lang.String, java.lang.String)' on a null object reference
2026-02-27 10:28:11.134 27267-27523 ViewRootImplStubImpl    com.subastandolo.app                 D  onAnimationUpdate, value: 0.81647396
2026-02-27 10:28:11.134  2319-10935 ActivityManagerWrapper  com.miui.home                        E  getRecentTasksForceIncludingTaskIdIfValid: getRecentTasks: size=1
                                                                                                     mainTaskId=895   userId=0   windowMode=1   baseIntent=Intent { act=android.intent.action.MAIN flag=268435456 cmp=ComponentInfo{com.subastandolo.app/com.subastandolo.app.MainActivity} }
2026-02-27 10:28:11.135 27267-27324 libc                    com.subastandolo.app                 W  Access denied finding property "ro.vendor.display.iris_x7.support"
2026-02-27 10:28:11.136 27267-27267 VRI[AuthActivity]       com.subastandolo.app                 D  hardware acceleration = true, forceHwAccelerated = false
2026-02-27 10:28:11.145 27267-27523 ViewRootImplStubImpl    com.subastandolo.app                 D  onAnimationUpdate, value: 0.84703916
2026-02-27 10:28:11.145 27267-27267 InputEventReceiver      com.subastandolo.app                 D  Input log is disabled in InputEventReceiver.
2026-02-27 10:28:11.150 27267-27267 DecorViewImmersiveImpl  com.subastandolo.app                 D  onAttachedToWindow:com.subastandolo.app/ee.forgr.biometric.AuthActivity
2026-02-27 10:28:11.155 27267-27523 ViewRootImplStubImpl    com.subastandolo.app                 D  onAnimationUpdate, value: 0.87277347
2026-02-27 10:28:11.166 27267-27267 BufferQueueConsumer     com.subastandolo.app                 D  [](id:6a8300000001,api:0,p:-1,c:27267) connect: controlledByApp=false
2026-02-27 10:28:11.167 27267-27523 ViewRootImplStubImpl    com.subastandolo.app                 D  onAnimationUpdate, value: 0.8943923
2026-02-27 10:28:11.168 27267-27267 BLASTBufferQueue        com.subastandolo.app                 D  [VRI[AuthActivity]#1](f:0,a:0) constructor()
2026-02-27 10:28:11.173 27267-27267 VRI[AuthActivity]       com.subastandolo.app                 D  vri.reportNextDraw android.view.ViewRootImpl.performTraversals:4962 android.view.ViewRootImpl.doTraversal:3561 android.view.ViewRootImpl$TraversalRunnable.run:11731 android.view.Choreographer$CallbackRecord.run:1784 android.view.Choreographer$CallbackRecord.run:1793 
2026-02-27 10:28:11.173 27267-27267 VRI[AuthActivity]       com.subastandolo.app                 D  Setup new sync=wmsSync-VRI[AuthActivity]#2
2026-02-27 10:28:11.174 27267-27267 VRI[AuthActivity]       com.subastandolo.app                 D  vri.reportDrawFinished
2026-02-27 10:28:11.182 27267-27523 ViewRootImplStubImpl    com.subastandolo.app                 D  onAnimationUpdate, value: 0.91249347
2026-02-27 10:28:11.188 27267-27523 ViewRootImplStubImpl    com.subastandolo.app                 D  onAnimationUpdate, value: 0.9276102
2026-02-27 10:28:11.200 27267-27523 ViewRootImplStubImpl    com.subastandolo.app                 D  onAnimationUpdate, value: 0.94019824
2026-02-27 10:28:11.209 27267-27267 HandWritingStubImpl     com.subastandolo.app                 I  refreshLastKeyboardType: 1
2026-02-27 10:28:11.209 27267-27267 HandWritingStubImpl     com.subastandolo.app                 I  getCurrentKeyboardType: 1
2026-02-27 10:28:11.211 27267-27523 ViewRootImplStubImpl    com.subastandolo.app                 D  onAnimationUpdate, value: 0.9506583
2026-02-27 10:28:11.224 27267-27523 ViewRootImplStubImpl    com.subastandolo.app                 D  onAnimationUpdate, value: 0.95933336
2026-02-27 10:28:11.236 27267-27523 ViewRootImplStubImpl    com.subastandolo.app                 D  onAnimationUpdate, value: 0.9665161
2026-02-27 10:28:11.239 27267-27267 ImeTracker              com.subastandolo.app                 I  com.subastandolo.app:195cf3df: onCancelled at PHASE_CLIENT_ANIMATION_CANCEL
2026-02-27 10:28:11.240 27267-27267 InsetsController        com.subastandolo.app                 D  cancelAnimation of types: 8, animType: 1, host: com.subastandolo.app/com.subastandolo.app.MainActivity invokeCallback=true reason=android.view.InsetsController.notifyControlRevoked:1825 android.view.InsetsSourceConsumer.setControl:150 android.view.ImeInsetsSourceConsumer.setControl:222 android.view.InsetsController.onControlsChanged:1069 android.view.ViewRootImpl.handleInsetsControlChanged:2797 android.view.ViewRootImpl.-$$Nest$mhandleInsetsControlChanged:0 android.view.ViewRootImpl$W.insetsControlChanged:12927 android.app.servertransaction.WindowStateInsetsControlChangeItem.execute:52 android.app.servertransaction.WindowStateTransactionItem.execute:59 android.app.servertransaction.TransactionExecutor.executeNonLifecycleItem:186 
2026-02-27 10:28:11.241 27267-27267 ImeTracker              com.subastandolo.app                 I  com.subastandolo.app:a6f1635a: onRequestHide at ORIGIN_CLIENT reason HIDE_SOFT_INPUT_ON_ANIMATION_STATE_CHANGED fromUser false
2026-02-27 10:28:11.242 27267-27267 ImeTracker              com.subastandolo.app                 I  com.subastandolo.app:a6f1635a: onFailed at PHASE_CLIENT_VIEW_SERVED
2026-02-27 10:28:11.242 27267-27523 ViewRootImplStubImpl    com.subastandolo.app                 D  springAnimation ready to cancel:miuix.system.animation.physics.SpringAnimation@ccacc9fandroid.view.InsetsController$InternalAnimationControlListener.onCancelled:523 android.view.InsetsAnimationControlImpl.cancel:361 android.view.InsetsAnimationThreadControlRunner$$ExternalSyntheticLambda1.run:0 android.os.Handler.handleCallback:959 android.os.Handler.dispatchMessage:100 
2026-02-27 10:28:11.243 27267-27523 ViewRootImplStubImpl    com.subastandolo.app                 D  onAnimationEnd,canceled: true
2026-02-27 10:28:12.377  1624-1650  Fingerprin...ckRateData system_server                        E  calculateUnlockCnt: appAuthMap doesn't contains:com.subastandolo.app
2026-02-27 10:28:12.919 27267-27267 WindowOnBackDispatcher  com.subastandolo.app                 W  OnBackInvokedCallback is not enabled for the application.
                                                                                                    Set 'android:enableOnBackInvokedCallback="true"' in the application manifest.
2026-02-27 10:28:12.968 27267-27267 Capacitor               com.subastandolo.app                 D  Unable to find a Capacitor plugin to handle requestCode, trying Cordova plugins 1829690375
2026-02-27 10:28:12.971 27267-27267 SecurityManager         com.subastandolo.app                 D  checkAccessControl flag0
2026-02-27 10:28:12.978 27267-27267 Capacitor/...eBiometric com.subastandolo.app                 V  Notifying listeners for event biometryChange
2026-02-27 10:28:12.978 27267-27267 Capacitor/...eBiometric com.subastandolo.app                 D  No listeners found for event biometryChange
2026-02-27 10:28:12.978 27267-27267 Capacitor               com.subastandolo.app                 D  App resumed
2026-02-27 10:28:12.980 27267-27267 Capacitor/Console       com.subastandolo.app                 I  File:  - Line 333 - Msg: undefined
2026-02-27 10:28:12.981 27267-27267 Capacitor/Console       com.subastandolo.app                 I  File: https://localhost/assets/Auth-Crm6S99o.js - Line 7 - Msg: Biometric: setCredentials() succeeded
2026-02-27 10:28:13.019 27267-27351 Capacitor               com.subastandolo.app                 D  Handling local request: https://localhost/icons/icon-192.png
2026-02-27 10:28:13.040 27267-27267 ImeTracker              com.subastandolo.app                 I  com.subastandolo.app:41938c62: onRequestShow at ORIGIN_CLIENT reason SHOW_SOFT_INPUT fromUser false
2026-02-27 10:28:13.041 27267-27267 ImeTracker              com.subastandolo.app                 I  com.subastandolo.app:41938c62: onFailed at PHASE_CLIENT_VIEW_SERVED
2026-02-27 10:28:13.041 27267-27267 InputMethodManager      com.subastandolo.app                 W  Ignoring showSoftInput() as view=com.getcapacitor.CapacitorWebView{832cac5 VFEDHVC.. .F...... 0,0-720,1600 #7f090202 app:id/webview aid=1073741824} is not served.
2026-02-27 10:28:13.052 27267-27267 AssistStructure         com.subastandolo.app                 I  Flattened final assist data: 2812 bytes, containing 1 windows, 6 views
2026-02-27 10:28:13.062 27267-27351 Capacitor               com.subastandolo.app                 D  Handling local request: https://localhost/favicon.png
2026-02-27 10:28:13.063 27267-27352 Capacitor               com.subastandolo.app                 D  Handling local request: https://localhost/icons/icon-192.png
2026-02-27 10:28:13.065 27267-27352 Capacitor               com.subastandolo.app                 D  Handling local request: https://localhost/favicon.png
2026-02-27 10:28:13.067 27267-27351 Capacitor               com.subastandolo.app                 D  Handling local request: https://localhost/favicon.png
2026-02-27 10:28:13.067 27267-27353 Capacitor               com.subastandolo.app                 D  Handling local request: https://localhost/favicon.png
2026-02-27 10:28:13.088  2319-10935 ActivityManagerWrapper  com.miui.home                        E  getRecentTasksForceIncludingTaskIdIfValid: getRecentTasks: size=1
                                                                                                     mainTaskId=895   userId=0   windowMode=1   baseIntent=Intent { act=android.intent.action.MAIN flag=268435456 cmp=ComponentInfo{com.subastandolo.app/com.subastandolo.app.MainActivity} }
2026-02-27 10:28:13.107 27267-27324 RenderInspector         com.subastandolo.app                 W  QueueBuffer time out on com.subastandolo.app/com.subastandolo.app.MainActivity, count=11, avg=16 ms, max=17 ms.
2026-02-27 10:28:13.108 27267-27352 Capacitor               com.subastandolo.app                 D  Handling local request: https://localhost/icons/icon-192.png
2026-02-27 10:28:13.108 27267-27353 Capacitor               com.subastandolo.app                 D  Handling local request: https://localhost/favicon.png
2026-02-27 10:28:13.109 27267-27351 Capacitor               com.subastandolo.app                 D  Handling local request: https://localhost/favicon.png
2026-02-27 10:28:13.121 27267-27267 VRI[AuthActivity]       com.subastandolo.app                 D  visibilityChanged oldVisibility=true newVisibility=false
2026-02-27 10:28:13.126 27267-27267 WindowOnBackDispatcher  com.subastandolo.app                 W  sendCancelIfRunning: isInProgress=false callback=android.view.ViewRootImpl$$ExternalSyntheticLambda12@e6764b9
2026-02-27 10:28:13.128 27267-27267 DecorViewImmersiveImpl  com.subastandolo.app                 D  onDetachedFromWindow
2026-02-27 10:28:13.129 27267-27324 BLASTBufferQueue        com.subastandolo.app                 D  [VRI[AuthActivity]#1](f:0,a:0) destructor()
2026-02-27 10:28:13.130 27267-27324 BufferQueueConsumer     com.subastandolo.app                 D  [VRI[AuthActivity]#1(BLAST Consumer)1](id:6a8300000001,api:0,p:-1,c:27267) disconnect
2026-02-27 10:28:13.131 27267-27267 View                    com.subastandolo.app                 D  [Warning] assignParent to null: this = DecorView@c194bb2[AuthActivity]
2026-02-27 10:28:13.142 27267-27267 Capacitor/Console       com.subastandolo.app                 I  File:  - Line 349 - Msg: [object Object]
2026-02-27 10:28:13.154 27267-27267 ActivityThread          com.subastandolo.app                 D  Fail to check app heapsize due to java.lang.NoSuchMethodException: dalvik.system.VMRuntime.getBlockingGcCountForAlloc []
2026-02-27 10:28:13.158 27267-27267 Capacitor/Plugin        com.subastandolo.app                 V  To native (Capacitor plugin): callbackId: 2183459, pluginId: NativeBiometric, methodName: isAvailable
2026-02-27 10:28:13.158 27267-27267 Capacitor               com.subastandolo.app                 V  callback: 2183459, pluginId: NativeBiometric, methodName: isAvailable, methodData: {}
2026-02-27 10:28:13.182 27267-27267 ImeTracker              com.subastandolo.app                 I  com.subastandolo.app:c47b942a: onRequestShow at ORIGIN_CLIENT reason SHOW_SOFT_INPUT fromUser false
2026-02-27 10:28:13.182 27267-27267 ImeTracker              com.subastandolo.app                 I  com.subastandolo.app:c47b942a: onFailed at PHASE_CLIENT_VIEW_SERVED
2026-02-27 10:28:13.183 27267-27267 InputMethodManager      com.subastandolo.app                 W  Ignoring showSoftInput() as view=com.getcapacitor.CapacitorWebView{832cac5 VFEDHVC.. .F...... 0,0-720,1600 #7f090202 app:id/webview aid=1073741824} is not served.
2026-02-27 10:28:13.194 27267-27351 Capacitor               com.subastandolo.app                 D  Handling local request: https://localhost/icons/icon-192.png
2026-02-27 10:28:13.205 27267-27267 AssistStructure         com.subastandolo.app                 I  Flattened final assist data: 2812 bytes, containing 1 windows, 6 views
2026-02-27 10:28:13.240 27267-27267 HandWritingStubImpl     com.subastandolo.app                 I  refreshLastKeyboardType: 1
2026-02-27 10:28:13.241 27267-27267 HandWritingStubImpl     com.subastandolo.app                 I  getCurrentKeyboardType: 1
2026-02-27 10:28:13.253 27267-27267 Capacitor/Console       com.subastandolo.app                 I  File:  - Line 333 - Msg: {"biometryType":3,"deviceIsSecure":true,"strongBiometryIsAvailable":true,"isAvailable":true,"authenticationStrength":1}
2026-02-27 10:28:13.256 27267-27351 Capacitor               com.subastandolo.app                 D  Handling local request: https://localhost/favicon.png
2026-02-27 10:28:13.257 27267-27351 Capacitor               com.subastandolo.app                 D  Handling local request: https://localhost/icons/icon-192.png
2026-02-27 10:28:13.259 27267-27352 Capacitor               com.subastandolo.app                 D  Handling local request: https://localhost/favicon.png
2026-02-27 10:28:13.260 27267-27352 Capacitor               com.subastandolo.app                 D  Handling local request: https://localhost/favicon.png
2026-02-27 10:28:13.261 27267-27351 Capacitor               com.subastandolo.app                 D  Handling local request: https://localhost/favicon.png
2026-02-27 10:28:13.266 27267-27267 ImeTracker              com.subastandolo.app                 I  com.subastandolo.app:a6efb331: onRequestHide at ORIGIN_CLIENT reason HIDE_SOFT_INPUT fromUser false
2026-02-27 10:28:13.270 27267-27267 HandWritingStubImpl     com.subastandolo.app                 I  getCurrentKeyboardType: 1
2026-02-27 10:28:13.285 27267-27267 Capacitor/Console       com.subastandolo.app                 I  File:  - Line 349 - Msg: [object Object]
2026-02-27 10:28:13.305 27267-27267 HandWritingStubImpl     com.subastandolo.app                 I  getCurrentKeyboardType: 1
2026-02-27 10:28:13.305 27267-27351 Capacitor               com.subastandolo.app                 D  Handling local request: https://localhost/icons/icon-192.png
2026-02-27 10:28:13.309 27267-27267 ImeTracker              com.subastandolo.app                 I  com.subastandolo.app:893906f2: onRequestShow at ORIGIN_CLIENT reason SHOW_SOFT_INPUT fromUser false
2026-02-27 10:28:13.310 27267-27267 InputMethodManager      com.subastandolo.app                 D  showSoftInput() view=com.getcapacitor.CapacitorWebView{832cac5 VFEDHVC.. .F...... 0,0-720,1600 #7f090202 app:id/webview aid=1073741824} flags=0 reason=SHOW_SOFT_INPUT
2026-02-27 10:28:13.312 27267-27292 cr_AutofillHintsService com.subastandolo.app                 E  onViewTypeAvailable  (Fix with AI)
                                                                                                    java.lang.NullPointerException: Attempt to get length of null array
                                                                                                    	at android.os.Parcel.createExceptionOrNull(Parcel.java:3261)
                                                                                                    	at android.os.Parcel.createException(Parcel.java:3239)
                                                                                                    	at android.os.Parcel.readException(Parcel.java:3222)
                                                                                                    	at android.os.Parcel.readException(Parcel.java:3164)
                                                                                                    	at WV.a11.l(chromium-SystemWebViewGoogle6432.aab-stable-763208003:59)
                                                                                                    	at WV.ee.onTransact(chromium-SystemWebViewGoogle6432.aab-stable-763208003:70)
                                                                                                    	at android.os.Binder.execTransactInternal(Binder.java:1512)
                                                                                                    	at android.os.Binder.execTransact(Binder.java:1451)
2026-02-27 10:28:13.323 27267-27267 Capacitor/Plugin        com.subastandolo.app                 V  To native (Capacitor plugin): callbackId: 2183460, pluginId: NativeBiometric, methodName: isAvailable
2026-02-27 10:28:13.323 27267-27267 Capacitor               com.subastandolo.app                 V  callback: 2183460, pluginId: NativeBiometric, methodName: isAvailable, methodData: {}
2026-02-27 10:28:13.338 27267-27267 AssistStructure         com.subastandolo.app                 I  Flattened final assist data: 2812 bytes, containing 1 windows, 6 views
2026-02-27 10:28:13.373 27267-27351 Capacitor               com.subastandolo.app                 D  Handling local request: https://localhost/favicon.png
2026-02-27 10:28:13.378 27267-27351 Capacitor               com.subastandolo.app                 D  Handling local request: https://localhost/favicon.png
2026-02-27 10:28:13.382 27267-27267 Capacitor/Console       com.subastandolo.app                 I  File:  - Line 333 - Msg: {"biometryType":3,"deviceIsSecure":true,"strongBiometryIsAvailable":true,"isAvailable":true,"authenticationStrength":1}
2026-02-27 10:28:13.384 27267-27267 Capacitor/Console       com.subastandolo.app                 I  File:  - Line 349 - Msg: [object Object]
2026-02-27 10:28:13.387 27267-27267 Capacitor/Plugin        com.subastandolo.app                 V  To native (Capacitor plugin): callbackId: 2183461, pluginId: NativeBiometric, methodName: isAvailable
2026-02-27 10:28:13.387 27267-27267 Capacitor               com.subastandolo.app                 V  callback: 2183461, pluginId: NativeBiometric, methodName: isAvailable, methodData: {}
2026-02-27 10:28:13.391 27267-27267 ImeTracker              com.subastandolo.app                 I  com.subastandolo.app:2b3b08e2: onRequestHide at ORIGIN_CLIENT reason HIDE_SOFT_INPUT fromUser false
2026-02-27 10:28:13.394 27267-27267 HandWritingStubImpl     com.subastandolo.app                 I  getCurrentKeyboardType: 1
2026-02-27 10:28:13.411 27267-27267 HandWritingStubImpl     com.subastandolo.app                 I  getCurrentKeyboardType: 1
2026-02-27 10:28:13.416 27267-27267 ImeTracker              com.subastandolo.app                 I  com.subastandolo.app:4800546d: onRequestShow at ORIGIN_CLIENT reason SHOW_SOFT_INPUT fromUser false
2026-02-27 10:28:13.416 27267-27267 InputMethodManager      com.subastandolo.app                 D  showSoftInput() view=com.getcapacitor.CapacitorWebView{832cac5 VFEDHVC.. .F...... 0,0-720,1600 #7f090202 app:id/webview aid=1073741824} flags=0 reason=SHOW_SOFT_INPUT
2026-02-27 10:28:13.426 27267-27351 Capacitor               com.subastandolo.app                 D  Handling local request: https://localhost/icons/icon-192.png
2026-02-27 10:28:13.427 27267-27351 Capacitor               com.subastandolo.app                 D  Handling local request: https://localhost/favicon.png
2026-02-27 10:28:13.435 27267-27351 Capacitor               com.subastandolo.app                 D  Handling local request: https://localhost/favicon.png
2026-02-27 10:28:13.436 27267-27267 AssistStructure         com.subastandolo.app                 I  Flattened final assist data: 2812 bytes, containing 1 windows, 6 views
2026-02-27 10:28:13.458 27267-27267 InsetsController        com.subastandolo.app                 D  show(ime(), fromIme=true)
2026-02-27 10:28:13.461 27267-27523 ViewRootImplStubImpl    com.subastandolo.app                 D  requestedTypes: 8
2026-02-27 10:28:13.465 27267-27523 ViewRootImplStubImpl    com.subastandolo.app                 D  onAnimationStart
2026-02-27 10:28:13.467 27267-27267 Capacitor/Console       com.subastandolo.app                 I  File:  - Line 333 - Msg: {"biometryType":3,"deviceIsSecure":true,"strongBiometryIsAvailable":true,"isAvailable":true,"authenticationStrength":1}
2026-02-27 10:28:13.469 27267-27511 RemoteInpu...ectionImpl com.subastandolo.app                 W  requestCursorUpdates on inactive InputConnection
2026-02-27 10:28:13.477 27267-27267 InsetsController        com.subastandolo.app                 D  hide(ime(), fromIme=true)
2026-02-27 10:28:13.478 27267-27523 ViewRootImplStubImpl    com.subastandolo.app                 D  onAnimationUpdate, value: 0.0
2026-02-27 10:28:13.478 27267-27267 ImeTracker              com.subastandolo.app                 I  com.subastandolo.app:893906f2: onCancelled at PHASE_CLIENT_ANIMATION_CANCEL
2026-02-27 10:28:13.479 27267-27267 InsetsController        com.subastandolo.app                 D  cancelAnimation of types: 8, animType: 0, host: com.subastandolo.app/com.subastandolo.app.MainActivity invokeCallback=true reason=android.view.InsetsController.cancelExistingControllers:1768 android.view.InsetsController.controlAnimationUncheckedInner:1583 android.view.InsetsController.controlAnimationUnchecked:1421 android.view.InsetsController.applyAnimation:2079 android.view.InsetsController.applyAnimation:2050 android.view.InsetsController.hide:1371 android.view.ViewRootImpl$ViewRootHandler.handleMessageImpl:7802 android.view.ViewRootImpl$ViewRootHandler.handleMessage:7726 android.os.Handler.dispatchMessage:107 android.os.Looper.loopOnce:249 
2026-02-27 10:28:13.496 27267-27523 ViewRootImplStubImpl    com.subastandolo.app                 D  springAnimation ready to cancel:miuix.system.animation.physics.SpringAnimation@85a9464android.view.InsetsController$InternalAnimationControlListener.onCancelled:523 android.view.InsetsAnimationControlImpl.cancel:361 android.view.InsetsAnimationThreadControlRunner$$ExternalSyntheticLambda1.run:0 android.os.Handler.handleCallback:959 android.os.Handler.dispatchMessage:100 
2026-02-27 10:28:13.496 27267-27523 ViewRootImplStubImpl    com.subastandolo.app                 D  onAnimationEnd,canceled: true
2026-02-27 10:28:13.499 27267-27523 ViewRootImplStubImpl    com.subastandolo.app                 D  requestedTypes: 8
2026-02-27 10:28:13.499 27267-27523 ViewRootImplStubImpl    com.subastandolo.app                 D  onAnimationStart
2026-02-27 10:28:13.505 27267-27351 Capacitor               com.subastandolo.app                 D  Handling local request: https://localhost/icons/icon-192.png
2026-02-27 10:28:13.506 27267-27352 Capacitor               com.subastandolo.app                 D  Handling local request: https://localhost/favicon.png
2026-02-27 10:28:13.512 27267-27267 ImeTracker              com.subastandolo.app                 I  com.subastandolo.app:608f5d41: onRequestHide at ORIGIN_CLIENT reason HIDE_SOFT_INPUT fromUser false
2026-02-27 10:28:13.515 27267-27267 HandWritingStubImpl     com.subastandolo.app                 I  getCurrentKeyboardType: 1
2026-02-27 10:28:13.521 27267-27353 Capacitor               com.subastandolo.app                 D  Handling local request: https://localhost/favicon.png
2026-02-27 10:28:13.540 27267-27523 ViewRootImplStubImpl    com.subastandolo.app                 D  onAnimationUpdate, value: 0.0
2026-02-27 10:28:13.544 27267-27267 Capacitor/Console       com.subastandolo.app                 I  File:  - Line 349 - Msg: [object Object]
2026-02-27 10:28:13.554 27267-27523 ViewRootImplStubImpl    com.subastandolo.app                 D  onAnimationUpdate, value: 0.023754798
2026-02-27 10:28:13.559 27267-27267 Capacitor/Plugin        com.subastandolo.app                 V  To native (Capacitor plugin): callbackId: 2183462, pluginId: NativeBiometric, methodName: isAvailable
2026-02-27 10:28:13.559 27267-27267 Capacitor               com.subastandolo.app                 V  callback: 2183462, pluginId: NativeBiometric, methodName: isAvailable, methodData: {}
2026-02-27 10:28:13.564 27267-27511 RemoteInpu...ectionImpl com.subastandolo.app                 W  requestCursorUpdates on inactive InputConnection
2026-02-27 10:28:13.565 27267-27523 ViewRootImplStubImpl    com.subastandolo.app                 D  onAnimationUpdate, value: 0.084515505
2026-02-27 10:28:13.578 27267-27267 InsetsController        com.subastandolo.app                 D  show(ime(), fromIme=true)
2026-02-27 10:28:13.579 27267-27523 ViewRootImplStubImpl    com.subastandolo.app                 D  onAnimationUpdate, value: 0.16478674
2026-02-27 10:28:13.580 27267-27267 ImeTracker              com.subastandolo.app                 I  com.subastandolo.app:2b3b08e2: onCancelled at PHASE_CLIENT_ANIMATION_CANCEL
2026-02-27 10:28:13.581 27267-27267 InsetsController        com.subastandolo.app                 D  cancelAnimation of types: 8, animType: 1, host: com.subastandolo.app/com.subastandolo.app.MainActivity invokeCallback=true reason=android.view.InsetsController.cancelExistingControllers:1768 android.view.InsetsController.controlAnimationUncheckedInner:1583 android.view.InsetsController.controlAnimationUnchecked:1421 android.view.InsetsController.applyAnimation:2079 android.view.InsetsController.applyAnimation:2050 android.view.InsetsController.show:1259 android.view.ViewRootImpl$ViewRootHandler.handleMessageImpl:7795 android.view.ViewRootImpl$ViewRootHandler.handleMessage:7726 android.os.Handler.dispatchMessage:107 android.os.Looper.loopOnce:249 
2026-02-27 10:28:13.585 27267-27523 ViewRootImplStubImpl    com.subastandolo.app                 D  springAnimation ready to cancel:miuix.system.animation.physics.SpringAnimation@65e92d0android.view.InsetsController$InternalAnimationControlListener.onCancelled:523 android.view.InsetsAnimationControlImpl.cancel:361 android.view.InsetsAnimationThreadControlRunner$$ExternalSyntheticLambda1.run:0 android.os.Handler.handleCallback:959 android.os.Handler.dispatchMessage:100 
2026-02-27 10:28:13.585 27267-27523 ViewRootImplStubImpl    com.subastandolo.app                 D  onAnimationEnd,canceled: true
2026-02-27 10:28:13.585 27267-27523 ViewRootImplStubImpl    com.subastandolo.app                 D  requestedTypes: 8
2026-02-27 10:28:13.587 27267-27523 ViewRootImplStubImpl    com.subastandolo.app                 D  onAnimationStart
2026-02-27 10:28:13.598 27267-27267 HandWritingStubImpl     com.subastandolo.app                 I  getCurrentKeyboardType: 1
2026-02-27 10:28:13.601 27267-27267 ImeTracker              com.subastandolo.app                 I  com.subastandolo.app:ee8ac146: onRequestShow at ORIGIN_CLIENT reason SHOW_SOFT_INPUT fromUser false
2026-02-27 10:28:13.601 27267-27267 InputMethodManager      com.subastandolo.app                 D  showSoftInput() view=com.getcapacitor.CapacitorWebView{832cac5 VFEDHVC.. .F...... 0,0-720,1600 #7f090202 app:id/webview aid=1073741824} flags=0 reason=SHOW_SOFT_INPUT
2026-02-27 10:28:13.610 27267-27523 ViewRootImplStubImpl    com.subastandolo.app                 D  onAnimationUpdate, value: 0.0
2026-02-27 10:28:13.616 27267-27511 RemoteInpu...ectionImpl com.subastandolo.app                 W  requestCursorUpdates on inactive InputConnection
2026-02-27 10:28:13.624 27267-27523 ViewRootImplStubImpl    com.subastandolo.app                 D  onAnimationUpdate, value: 0.02104459
2026-02-27 10:28:13.627 27267-27351 Capacitor               com.subastandolo.app                 D  Handling local request: https://localhost/icons/icon-192.png
2026-02-27 10:28:13.631 27267-27367 Capacitor               com.subastandolo.app                 D  Handling local request: https://localhost/favicon.png
2026-02-27 10:28:13.632 27267-27351 Capacitor               com.subastandolo.app                 D  Handling local request: https://localhost/favicon.png
2026-02-27 10:28:13.632 27267-27523 ViewRootImplStubImpl    com.subastandolo.app                 D  onAnimationUpdate, value: 0.075530976
2026-02-27 10:28:13.643 27267-27267 AssistStructure         com.subastandolo.app                 I  Flattened final assist data: 2812 bytes, containing 1 windows, 6 views
2026-02-27 10:28:13.644 27267-27523 ViewRootImplStubImpl    com.subastandolo.app                 D  onAnimationUpdate, value: 0.14883272
2026-02-27 10:28:13.653 27267-27523 ViewRootImplStubImpl    com.subastandolo.app                 D  onAnimationUpdate, value: 0.23092513
2026-02-27 10:28:13.660 27267-27267 InsetsController        com.subastandolo.app                 D  hide(ime(), fromIme=true)
2026-02-27 10:28:13.661 27267-27267 ImeTracker              com.subastandolo.app                 I  com.subastandolo.app:4800546d: onCancelled at PHASE_CLIENT_ANIMATION_CANCEL
2026-02-27 10:28:13.662 27267-27267 InsetsController        com.subastandolo.app                 D  cancelAnimation of types: 8, animType: 0, host: com.subastandolo.app/com.subastandolo.app.MainActivity invokeCallback=true reason=android.view.InsetsController.cancelExistingControllers:1768 android.view.InsetsController.controlAnimationUncheckedInner:1583 android.view.InsetsController.controlAnimationUnchecked:1421 android.view.InsetsController.applyAnimation:2079 android.view.InsetsController.applyAnimation:2050 android.view.InsetsController.hide:1371 android.view.ViewRootImpl$ViewRootHandler.handleMessageImpl:7802 android.view.ViewRootImpl$ViewRootHandler.handleMessage:7726 android.os.Handler.dispatchMessage:107 android.os.Looper.loopOnce:249 
2026-02-27 10:28:13.668 27267-27523 ViewRootImplStubImpl    com.subastandolo.app                 D  springAnimation ready to cancel:miuix.system.animation.physics.SpringAnimation@fa652e7android.view.InsetsController$InternalAnimationControlListener.onCancelled:523 android.view.InsetsAnimationControlImpl.cancel:361 android.view.InsetsAnimationThreadControlRunner$$ExternalSyntheticLambda1.run:0 android.os.Handler.handleCallback:959 android.os.Handler.dispatchMessage:100 
2026-02-27 10:28:13.669 27267-27523 ViewRootImplStubImpl    com.subastandolo.app                 D  onAnimationEnd,canceled: true
2026-02-27 10:28:13.670 27267-27523 ViewRootImplStubImpl    com.subastandolo.app                 D  requestedTypes: 8
2026-02-27 10:28:13.673 27267-27523 ViewRootImplStubImpl    com.subastandolo.app                 D  onAnimationStart
2026-02-27 10:28:13.694 27267-27523 ViewRootImplStubImpl    com.subastandolo.app                 D  onAnimationUpdate, value: 0.0
2026-02-27 10:28:13.701 27267-27523 ViewRootImplStubImpl    com.subastandolo.app                 D  onAnimationUpdate, value: 0.02376353
2026-02-27 10:28:13.702 27267-27351 Capacitor               com.subastandolo.app                 D  Handling local request: https://localhost/icons/icon-192.png
2026-02-27 10:28:13.708 27267-27352 Capacitor               com.subastandolo.app                 D  Handling local request: https://localhost/favicon.png
2026-02-27 10:28:13.714 27267-27353 Capacitor               com.subastandolo.app                 D  Handling local request: https://localhost/favicon.png
2026-02-27 10:28:13.721 27267-27523 ViewRootImplStubImpl    com.subastandolo.app                 D  onAnimationUpdate, value: 0.08454083
2026-02-27 10:28:13.724 27267-27267 ImeTracker              com.subastandolo.app                 I  com.subastandolo.app:da89ee52: onRequestHide at ORIGIN_CLIENT reason HIDE_SOFT_INPUT fromUser false
2026-02-27 10:28:13.731 27267-27267 HandWritingStubImpl     com.subastandolo.app                 I  getCurrentKeyboardType: 1
2026-02-27 10:28:13.735 27267-27523 ViewRootImplStubImpl    com.subastandolo.app                 D  onAnimationUpdate, value: 0.16482775
2026-02-27 10:28:13.735 27267-27267 Capacitor/Console       com.subastandolo.app                 I  File:  - Line 333 - Msg: {"biometryType":3,"deviceIsSecure":true,"strongBiometryIsAvailable":true,"isAvailable":true,"authenticationStrength":1}
2026-02-27 10:28:13.742 27267-27523 ViewRootImplStubImpl    com.subastandolo.app                 D  onAnimationUpdate, value: 0.2531777
2026-02-27 10:28:13.753 27267-27267 Capacitor/Console       com.subastandolo.app                 I  File:  - Line 349 - Msg: [object Object]
2026-02-27 10:28:13.756 27267-27523 ViewRootImplStubImpl    com.subastandolo.app                 D  onAnimationUpdate, value: 0.3421684
2026-02-27 10:28:13.760 27267-27267 Capacitor/Plugin        com.subastandolo.app                 V  To native (Capacitor plugin): callbackId: 2183463, pluginId: NativeBiometric, methodName: isAvailable
2026-02-27 10:28:13.760 27267-27267 Capacitor               com.subastandolo.app                 V  callback: 2183463, pluginId: NativeBiometric, methodName: isAvailable, methodData: {}
2026-02-27 10:28:13.762 27267-27523 ViewRootImplStubImpl    com.subastandolo.app                 D  onAnimationUpdate, value: 0.42731103
2026-02-27 10:28:13.769 27267-27511 RemoteInpu...ectionImpl com.subastandolo.app                 W  requestCursorUpdates on inactive InputConnection
2026-02-27 10:28:13.774 27267-27523 ViewRootImplStubImpl    com.subastandolo.app                 D  onAnimationUpdate, value: 0.54273474
2026-02-27 10:28:13.797 27267-27523 ViewRootImplStubImpl    com.subastandolo.app                 D  onAnimationUpdate, value: 0.6407856
2026-02-27 10:28:13.813 27267-27523 ViewRootImplStubImpl    com.subastandolo.app                 D  onAnimationUpdate, value: 0.7209485
2026-02-27 10:28:13.820 27267-27267 HandWritingStubImpl     com.subastandolo.app                 I  getCurrentKeyboardType: 1
2026-02-27 10:28:13.828 27267-27267 ImeTracker              com.subastandolo.app                 I  com.subastandolo.app:992943c2: onRequestShow at ORIGIN_CLIENT reason SHOW_SOFT_INPUT fromUser false
2026-02-27 10:28:13.831 27267-27267 InputMethodManager      com.subastandolo.app                 D  showSoftInput() view=com.getcapacitor.CapacitorWebView{832cac5 VFEDHVC.. .F....ID 0,0-720,1600 #7f090202 app:id/webview aid=1073741824} flags=0 reason=SHOW_SOFT_INPUT
2026-02-27 10:28:13.840 27267-27523 ViewRootImplStubImpl    com.subastandolo.app                 D  onAnimationUpdate, value: 0.7849202
2026-02-27 10:28:13.849 27267-27523 ViewRootImplStubImpl    com.subastandolo.app                 D  onAnimationUpdate, value: 0.8351561
2026-02-27 10:28:13.890 27267-27523 ViewRootImplStubImpl    com.subastandolo.app                 D  onAnimationUpdate, value: 0.87415856
2026-02-27 10:28:13.902 27267-27523 ViewRootImplStubImpl    com.subastandolo.app                 D  onAnimationUpdate, value: 0.90421766
2026-02-27 10:28:13.904 27267-27367 Capacitor               com.subastandolo.app                 D  Handling local request: https://localhost/favicon.png
2026-02-27 10:28:13.906 27267-27352 Capacitor               com.subastandolo.app                 D  Handling local request: https://localhost/favicon.png
2026-02-27 10:28:13.907 27267-27353 Capacitor               com.subastandolo.app                 D  Handling local request: https://localhost/icons/icon-192.png
2026-02-27 10:28:13.913 27267-27523 ViewRootImplStubImpl    com.subastandolo.app                 D  onAnimationUpdate, value: 0.9272518
2026-02-27 10:28:13.923 27267-27267 AssistStructure         com.subastandolo.app                 I  Flattened final assist data: 2812 bytes, containing 1 windows, 6 views
2026-02-27 10:28:13.945 27267-27523 ViewRootImplStubImpl    com.subastandolo.app                 D  onAnimationUpdate, value: 0.94483536
2026-02-27 10:28:13.964 27267-27523 ViewRootImplStubImpl    com.subastandolo.app                 D  onAnimationUpdate, value: 0.9582192
2026-02-27 10:28:13.965 27267-27267 Capacitor/Console       com.subastandolo.app                 I  File:  - Line 333 - Msg: {"biometryType":3,"deviceIsSecure":true,"strongBiometryIsAvailable":true,"isAvailable":true,"authenticationStrength":1}
2026-02-27 10:28:13.966 27267-27267 Capacitor/Console       com.subastandolo.app                 I  File:  - Line 349 - Msg: [object Object]
2026-02-27 10:28:13.975 27267-27511 RemoteInpu...ectionImpl com.subastandolo.app                 W  requestCursorUpdates on inactive InputConnection
2026-02-27 10:28:13.979 27267-27523 ViewRootImplStubImpl    com.subastandolo.app                 D  onAnimationUpdate, value: 0.9683833
2026-02-27 10:28:13.981 27267-27267 ImeTracker              com.subastandolo.app                 I  com.subastandolo.app:cb13566e: onRequestHide at ORIGIN_CLIENT reason HIDE_SOFT_INPUT fromUser false
2026-02-27 10:28:13.981 27267-27352 Capacitor               com.subastandolo.app                 D  Handling local request: https://localhost/favicon.png
2026-02-27 10:28:13.983 27267-27353 Capacitor               com.subastandolo.app                 D  Handling local request: https://localhost/favicon.png
2026-02-27 10:28:13.984 27267-27267 HandWritingStubImpl     com.subastandolo.app                 I  getCurrentKeyboardType: 1
2026-02-27 10:28:13.985 27267-27368 Capacitor               com.subastandolo.app                 D  Handling local request: https://localhost/favicon.png
2026-02-27 10:28:13.985 27267-27353 Capacitor               com.subastandolo.app                 D  Handling local request: https://localhost/icons/icon-192.png
2026-02-27 10:28:13.987 27267-27351 Capacitor               com.subastandolo.app                 D  Handling local request: https://localhost/icons/icon-192.png
2026-02-27 10:28:13.990 27267-27352 Capacitor               com.subastandolo.app                 D  Handling local request: https://localhost/favicon.png
2026-02-27 10:28:13.995 27267-27267 HandWritingStubImpl     com.subastandolo.app                 I  getCurrentKeyboardType: 1
2026-02-27 10:28:13.995 27267-27523 ViewRootImplStubImpl    com.subastandolo.app                 D  onAnimationUpdate, value: 0.9760906
2026-02-27 10:28:14.006 27267-27267 ImeTracker              com.subastandolo.app                 I  com.subastandolo.app:35993c4e: onRequestShow at ORIGIN_CLIENT reason SHOW_SOFT_INPUT fromUser false
2026-02-27 10:28:14.008 27267-27267 InputMethodManager      com.subastandolo.app                 D  showSoftInput() view=com.getcapacitor.CapacitorWebView{832cac5 VFEDHVC.. .F....ID 0,0-720,1600 #7f090202 app:id/webview aid=1073741824} flags=0 reason=SHOW_SOFT_INPUT
2026-02-27 10:28:14.013 27267-27523 ViewRootImplStubImpl    com.subastandolo.app                 D  onAnimationUpdate, value: 0.9819282
2026-02-27 10:28:14.047 27267-27511 RemoteInpu...ectionImpl com.subastandolo.app                 W  requestCursorUpdates on inactive InputConnection
2026-02-27 10:28:14.051 27267-27523 ViewRootImplStubImpl    com.subastandolo.app                 D  onAnimationUpdate, value: 0.98634535
2026-02-27 10:28:14.053 27267-27267 InsetsController        com.subastandolo.app                 D  show(ime(), fromIme=true)
2026-02-27 10:28:14.060 27267-27267 ImeTracker              com.subastandolo.app                 I  com.subastandolo.app:608f5d41: onCancelled at PHASE_CLIENT_ANIMATION_CANCEL
2026-02-27 10:28:14.061 27267-27267 InsetsController        com.subastandolo.app                 D  cancelAnimation of types: 8, animType: 1, host: com.subastandolo.app/com.subastandolo.app.MainActivity invokeCallback=true reason=android.view.InsetsController.cancelExistingControllers:1768 android.view.InsetsController.controlAnimationUncheckedInner:1583 android.view.InsetsController.controlAnimationUnchecked:1421 android.view.InsetsController.applyAnimation:2079 android.view.InsetsController.applyAnimation:2050 android.view.InsetsController.show:1259 android.view.ViewRootImpl$ViewRootHandler.handleMessageImpl:7795 android.view.ViewRootImpl$ViewRootHandler.handleMessage:7726 android.os.Handler.dispatchMessage:107 android.os.Looper.loopOnce:249 
2026-02-27 10:28:14.074 27267-27267 ImeTracker              com.subastandolo.app                 I  com.subastandolo.app:cb5f318d: onRequestHide at ORIGIN_CLIENT reason HIDE_SOFT_INPUT fromUser false
2026-02-27 10:28:14.074 27267-27353 Capacitor               com.subastandolo.app                 D  Handling local request: https://localhost/icons/icon-192.png
2026-02-27 10:28:14.075 27267-27267 HandWritingStubImpl     com.subastandolo.app                 I  getCurrentKeyboardType: 1
2026-02-27 10:28:14.080 27267-27511 RemoteInpu...ectionImpl com.subastandolo.app                 W  requestCursorUpdates on inactive InputConnection
2026-02-27 10:28:14.083 27267-27267 InsetsController        com.subastandolo.app                 D  hide(ime(), fromIme=true)
2026-02-27 10:28:14.085 27267-27523 ViewRootImplStubImpl    com.subastandolo.app                 D  springAnimation ready to cancel:miuix.system.animation.physics.SpringAnimation@ea2bd71android.view.InsetsController$InternalAnimationControlListener.onCancelled:523 android.view.InsetsAnimationControlImpl.cancel:361 android.view.InsetsAnimationThreadControlRunner$$ExternalSyntheticLambda1.run:0 android.os.Handler.handleCallback:959 android.os.Handler.dispatchMessage:100 
2026-02-27 10:28:14.086 27267-27523 ViewRootImplStubImpl    com.subastandolo.app                 D  onAnimationEnd,canceled: true
2026-02-27 10:28:14.086 27267-27267 ImeTracker              com.subastandolo.app                 I  com.subastandolo.app:ee8ac146: onCancelled at PHASE_CLIENT_ANIMATION_CANCEL
2026-02-27 10:28:14.087 27267-27267 InsetsController        com.subastandolo.app                 D  cancelAnimation of types: 8, animType: 0, host: com.subastandolo.app/com.subastandolo.app.MainActivity invokeCallback=true reason=android.view.InsetsController.cancelExistingControllers:1768 android.view.InsetsController.controlAnimationUncheckedInner:1583 android.view.InsetsController.controlAnimationUnchecked:1421 android.view.InsetsController.applyAnimation:2079 android.view.InsetsController.applyAnimation:2050 android.view.InsetsController.hide:1371 android.view.ViewRootImpl$ViewRootHandler.handleMessageImpl:7802 android.view.ViewRootImpl$ViewRootHandler.handleMessage:7726 android.os.Handler.dispatchMessage:107 android.os.Looper.loopOnce:249 
2026-02-27 10:28:14.088 27267-27523 ViewRootImplStubImpl    com.subastandolo.app                 D  requestedTypes: 8
2026-02-27 10:28:14.088 27267-27523 ViewRootImplStubImpl    com.subastandolo.app                 D  onAnimationStart
2026-02-27 10:28:14.093 27267-27267 Capacitor/Plugin        com.subastandolo.app                 V  To native (Capacitor plugin): callbackId: 2183464, pluginId: NativeBiometric, methodName: isAvailable
2026-02-27 10:28:14.093 27267-27267 Capacitor               com.subastandolo.app                 V  callback: 2183464, pluginId: NativeBiometric, methodName: isAvailable, methodData: {}
2026-02-27 10:28:14.095 27267-27511 RemoteInpu...ectionImpl com.subastandolo.app                 W  getSurroundingText on inactive InputConnection
2026-02-27 10:28:14.107 27267-27267 InsetsController        com.subastandolo.app                 D  show(ime(), fromIme=true)
2026-02-27 10:28:14.111 27267-27267 ImeTracker              com.subastandolo.app                 I  com.subastandolo.app:da89ee52: onCancelled at PHASE_CLIENT_ANIMATION_CANCEL
2026-02-27 10:28:14.111 27267-27267 InsetsController        com.subastandolo.app                 D  cancelAnimation of types: 8, animType: 1, host: com.subastandolo.app/com.subastandolo.app.MainActivity invokeCallback=true reason=android.view.InsetsController.cancelExistingControllers:1768 android.view.InsetsController.controlAnimationUncheckedInner:1583 android.view.InsetsController.controlAnimationUnchecked:1421 android.view.InsetsController.applyAnimation:2079 android.view.InsetsController.applyAnimation:2050 android.view.InsetsController.show:1259 android.view.ViewRootImpl$ViewRootHandler.handleMessageImpl:7795 android.view.ViewRootImpl$ViewRootHandler.handleMessage:7726 android.os.Handler.dispatchMessage:107 android.os.Looper.loopOnce:249 
2026-02-27 10:28:14.125 27267-27267 AssistStructure         com.subastandolo.app                 I  Flattened final assist data: 2812 bytes, containing 1 windows, 6 views
2026-02-27 10:28:14.126 27267-27511 RemoteInpu...ectionImpl com.subastandolo.app                 W  requestCursorUpdates on inactive InputConnection
2026-02-27 10:28:14.129 27267-27523 ViewRootImplStubImpl    com.subastandolo.app                 D  onAnimationUpdate, value: 0.0
2026-02-27 10:28:14.134 27267-27523 ViewRootImplStubImpl    com.subastandolo.app                 D  springAnimation ready to cancel:miuix.system.animation.physics.SpringAnimation@d1c4c45android.view.InsetsController$InternalAnimationControlListener.onCancelled:523 android.view.InsetsAnimationControlImpl.cancel:361 android.view.InsetsAnimationThreadControlRunner$$ExternalSyntheticLambda1.run:0 android.os.Handler.handleCallback:959 android.os.Handler.dispatchMessage:100 
2026-02-27 10:28:14.135 27267-27523 ViewRootImplStubImpl    com.subastandolo.app                 D  onAnimationEnd,canceled: true
2026-02-27 10:28:14.135 27267-27523 ViewRootImplStubImpl    com.subastandolo.app                 D  requestedTypes: 8
2026-02-27 10:28:14.138 27267-27267 InsetsController        com.subastandolo.app                 D  hide(ime(), fromIme=true)
2026-02-27 10:28:14.139 27267-27267 ImeTracker              com.subastandolo.app                 I  com.subastandolo.app:992943c2: onCancelled at PHASE_CLIENT_ANIMATION_CANCEL
