2026-02-27 10:51:57.368 31041-31394 ViewRootImplStubImpl    com.subastandolo.app                 D  springAnimation ready to cancel:miuix.system.animation.physics.SpringAnimation@c2e6240android.view.InsetsController$InternalAnimationControlListener.onCancelled:523 android.view.InsetsAnimationControlImpl.cancel:361 android.view.InsetsAnimationThreadControlRunner$$ExternalSyntheticLambda1.run:0 android.os.Handler.handleCallback:959 android.os.Handler.dispatchMessage:100 
2026-02-27 10:51:57.369 31041-31394 ViewRootImplStubImpl    com.subastandolo.app                 D  onAnimationEnd,canceled: true
2026-02-27 10:51:57.369 31041-31394 ViewRootImplStubImpl    com.subastandolo.app                 D  requestedTypes: 8
2026-02-27 10:51:57.370 31041-31041 Capacitor/Console       com.subastandolo.app                 I  File:  - Line 349 - Msg: [object Object]
2026-02-27 10:51:57.372 31041-31394 ViewRootImplStubImpl    com.subastandolo.app                 D  onAnimationStart
2026-02-27 10:51:57.380 31041-31041 Capacitor/Plugin        com.subastandolo.app                 V  To native (Capacitor plugin): callbackId: 130362807, pluginId: NativeBiometric, methodName: isAvailable
2026-02-27 10:51:57.380 31041-31041 Capacitor               com.subastandolo.app                 V  callback: 130362807, pluginId: NativeBiometric, methodName: isAvailable, methodData: {}
2026-02-27 10:51:57.381 31041-31394 ViewRootImplStubImpl    com.subastandolo.app                 D  onAnimationUpdate, value: 0.0
2026-02-27 10:51:57.383 31041-31041 HandWritingStubImpl     com.subastandolo.app                 I  getCurrentKeyboardType: 1
2026-02-27 10:51:57.386 31041-31041 ImeTracker              com.subastandolo.app                 I  com.subastandolo.app:3d486b7a: onRequestShow at ORIGIN_CLIENT reason SHOW_SOFT_INPUT fromUser false
2026-02-27 10:51:57.387 31041-31183 Capacitor               com.subastandolo.app                 D  Handling local request: https://localhost/icons/icon-192.png
2026-02-27 10:51:57.387 31041-31041 InputMethodManager      com.subastandolo.app                 D  showSoftInput() view=com.getcapacitor.CapacitorWebView{8cd7010 VFEDHVC.. .F...... 0,0-720,1600 #7f090202 app:id/webview aid=1073741824} flags=0 reason=SHOW_SOFT_INPUT
2026-02-27 10:51:57.390 31041-31394 ViewRootImplStubImpl    com.subastandolo.app                 D  onAnimationUpdate, value: 0.0534876
2026-02-27 10:51:57.393 31041-31183 Capacitor               com.subastandolo.app                 D  Handling local request: https://localhost/favicon.png
2026-02-27 10:51:57.397 31041-31185 Capacitor               com.subastandolo.app                 D  Handling local request: https://localhost/favicon.png
2026-02-27 10:51:57.405 31041-31394 ViewRootImplStubImpl    com.subastandolo.app                 D  onAnimationUpdate, value: 0.17750126
2026-02-27 10:51:57.422 31041-31394 ViewRootImplStubImpl    com.subastandolo.app                 D  onAnimationUpdate, value: 0.31825957
2026-02-27 10:51:57.433 31041-31041 HandWritingStubImpl     com.subastandolo.app                 I  getCurrentKeyboardType: 1
2026-02-27 10:51:57.437 31041-31185 Capacitor               com.subastandolo.app                 D  Handling local request: https://localhost/favicon.png
2026-02-27 10:51:57.437 31041-31183 Capacitor               com.subastandolo.app                 D  Handling local request: https://localhost/icons/icon-192.png
2026-02-27 10:51:57.437 31041-31041 ImeTracker              com.subastandolo.app                 I  com.subastandolo.app:9ad15f48: onRequestShow at ORIGIN_CLIENT reason SHOW_SOFT_INPUT fromUser false
2026-02-27 10:51:57.437 31041-31186 Capacitor               com.subastandolo.app                 D  Handling local request: https://localhost/favicon.png
2026-02-27 10:51:57.437 31041-31041 InputMethodManager      com.subastandolo.app                 D  showSoftInput() view=com.getcapacitor.CapacitorWebView{8cd7010 VFEDHVC.. .F...... 0,0-720,1600 #7f090202 app:id/webview aid=1073741824} flags=0 reason=SHOW_SOFT_INPUT
2026-02-27 10:51:57.438 31041-31394 ViewRootImplStubImpl    com.subastandolo.app                 D  onAnimationUpdate, value: 0.45108843
2026-02-27 10:51:57.451 31041-31381 RemoteInpu...ectionImpl com.subastandolo.app                 W  requestCursorUpdates on inactive InputConnection
2026-02-27 10:51:57.455 31041-31394 ViewRootImplStubImpl    com.subastandolo.app                 D  onAnimationUpdate, value: 0.5663308
2026-02-27 10:51:57.472 31041-31394 ViewRootImplStubImpl    com.subastandolo.app                 D  onAnimationUpdate, value: 0.6617614
2026-02-27 10:51:57.489 31041-31394 ViewRootImplStubImpl    com.subastandolo.app                 D  onAnimationUpdate, value: 0.73855335
2026-02-27 10:51:57.492 31041-31041 Capacitor/Console       com.subastandolo.app                 I  File:  - Line 333 - Msg: {"biometryType":3,"deviceIsSecure":true,"strongBiometryIsAvailable":true,"isAvailable":true,"authenticationStrength":1}
2026-02-27 10:51:57.493 31041-31041 Capacitor/Console       com.subastandolo.app                 I  File:  - Line 349 - Msg: [object Object]
2026-02-27 10:51:57.499 31041-31183 Capacitor               com.subastandolo.app                 D  Handling local request: https://localhost/icons/icon-192.png
2026-02-27 10:51:57.500 31041-31185 Capacitor               com.subastandolo.app                 D  Handling local request: https://localhost/favicon.png
2026-02-27 10:51:57.500 31041-31183 Capacitor               com.subastandolo.app                 D  Handling local request: https://localhost/favicon.png
2026-02-27 10:51:57.501 31041-31183 Capacitor               com.subastandolo.app                 D  Handling local request: https://localhost/icons/icon-192.png
2026-02-27 10:51:57.501 31041-31190 Capacitor               com.subastandolo.app                 D  Handling local request: https://localhost/favicon.png
2026-02-27 10:51:57.503 31041-31041 InsetsController        com.subastandolo.app                 D  show(ime(), fromIme=true)
2026-02-27 10:51:57.504 31041-31041 ImeTracker              com.subastandolo.app                 I  com.subastandolo.app:751ff9c4: onCancelled at PHASE_CLIENT_ANIMATION_CANCEL
2026-02-27 10:51:57.505 31041-31041 InsetsController        com.subastandolo.app                 D  cancelAnimation of types: 8, animType: 1, host: com.subastandolo.app/com.subastandolo.app.MainActivity invokeCallback=true reason=android.view.InsetsController.cancelExistingControllers:1768 android.view.InsetsController.controlAnimationUncheckedInner:1583 android.view.InsetsController.controlAnimationUnchecked:1421 android.view.InsetsController.applyAnimation:2079 android.view.InsetsController.applyAnimation:2050 android.view.InsetsController.show:1259 android.view.ViewRootImpl$ViewRootHandler.handleMessageImpl:7795 android.view.ViewRootImpl$ViewRootHandler.handleMessage:7726 android.os.Handler.dispatchMessage:107 android.os.Looper.loopOnce:249 
2026-02-27 10:51:57.505 31041-31394 ViewRootImplStubImpl    com.subastandolo.app                 D  onAnimationUpdate, value: 0.79919875
2026-02-27 10:51:57.506 31041-31195 Capacitor               com.subastandolo.app                 D  Handling local request: https://localhost/favicon.png
2026-02-27 10:51:57.509 31041-31394 ViewRootImplStubImpl    com.subastandolo.app                 D  springAnimation ready to cancel:miuix.system.animation.physics.SpringAnimation@3b99304android.view.InsetsController$InternalAnimationControlListener.onCancelled:523 android.view.InsetsAnimationControlImpl.cancel:361 android.view.InsetsAnimationThreadControlRunner$$ExternalSyntheticLambda1.run:0 android.os.Handler.handleCallback:959 android.os.Handler.dispatchMessage:100 
2026-02-27 10:51:57.509 31041-31394 ViewRootImplStubImpl    com.subastandolo.app                 D  onAnimationEnd,canceled: true
2026-02-27 10:51:57.511 31041-31394 ViewRootImplStubImpl    com.subastandolo.app                 D  requestedTypes: 8
2026-02-27 10:51:57.517 31041-31041 ImeTracker              com.subastandolo.app                 I  com.subastandolo.app:993ef6f: onRequestHide at ORIGIN_CLIENT reason HIDE_SOFT_INPUT fromUser false
2026-02-27 10:51:57.520 31041-31041 HandWritingStubImpl     com.subastandolo.app                 I  getCurrentKeyboardType: 1
2026-02-27 10:51:57.522 31041-31394 ViewRootImplStubImpl    com.subastandolo.app                 D  onAnimationStart
2026-02-27 10:51:57.526 31041-31041 Capacitor/Plugin        com.subastandolo.app                 V  To native (Capacitor plugin): callbackId: 130362808, pluginId: NativeBiometric, methodName: isAvailable
2026-02-27 10:51:57.527 31041-31041 Capacitor               com.subastandolo.app                 V  callback: 130362808, pluginId: NativeBiometric, methodName: isAvailable, methodData: {}
2026-02-27 10:51:57.539 31041-31381 RemoteInpu...ectionImpl com.subastandolo.app                 W  requestCursorUpdates on inactive InputConnection
2026-02-27 10:51:57.540 31041-31041 Capacitor/Console       com.subastandolo.app                 I  File:  - Line 349 - Msg: [object Object]
2026-02-27 10:51:57.541 31041-31394 ViewRootImplStubImpl    com.subastandolo.app                 D  onAnimationUpdate, value: 0.0
2026-02-27 10:51:57.545 31041-31381 RemoteInpu...ectionImpl com.subastandolo.app                 W  requestCursorUpdates on inactive InputConnection
2026-02-27 10:51:57.550 31041-31041 Capacitor/Plugin        com.subastandolo.app                 V  To native (Capacitor plugin): callbackId: 130362809, pluginId: NativeBiometric, methodName: isAvailable
2026-02-27 10:51:57.550 31041-31041 Capacitor               com.subastandolo.app                 V  callback: 130362809, pluginId: NativeBiometric, methodName: isAvailable, methodData: {}
2026-02-27 10:51:57.551 31041-31041 HandWritingStubImpl     com.subastandolo.app                 I  getCurrentKeyboardType: 1
2026-02-27 10:51:57.556 31041-31394 ViewRootImplStubImpl    com.subastandolo.app                 D  onAnimationUpdate, value: 0.04738632
2026-02-27 10:51:57.557 31041-31041 ImeTracker              com.subastandolo.app                 I  com.subastandolo.app:e27f08ce: onRequestShow at ORIGIN_CLIENT reason SHOW_SOFT_INPUT fromUser false
2026-02-27 10:51:57.559 31041-31041 InputMethodManager      com.subastandolo.app                 D  showSoftInput() view=com.getcapacitor.CapacitorWebView{8cd7010 VFEDHVC.. .F...... 0,0-720,1600 #7f090202 app:id/webview aid=1073741824} flags=0 reason=SHOW_SOFT_INPUT
2026-02-27 10:51:57.560 31041-31183 Capacitor               com.subastandolo.app                 D  Handling local request: https://localhost/icons/icon-192.png
2026-02-27 10:51:57.562 31041-31186 Capacitor               com.subastandolo.app                 D  Handling local request: https://localhost/favicon.png
2026-02-27 10:51:57.564 31041-31185 Capacitor               com.subastandolo.app                 D  Handling local request: https://localhost/favicon.png
2026-02-27 10:51:57.573 31041-31394 ViewRootImplStubImpl    com.subastandolo.app                 D  onAnimationUpdate, value: 0.1595822
2026-02-27 10:51:57.582 31041-31041 InsetsController        com.subastandolo.app                 D  show(ime(), fromIme=true)
2026-02-27 10:51:57.582 31041-31041 ImeTracker              com.subastandolo.app                 I  com.subastandolo.app:4e8183a2: onCancelled at PHASE_CLIENT_APPLY_ANIMATION
2026-02-27 10:51:57.583 31041-31041 InsetsController        com.subastandolo.app                 D  show(ime(), fromIme=true)
2026-02-27 10:51:57.584 31041-31381 RemoteInpu...ectionImpl com.subastandolo.app                 W  requestCursorUpdates on inactive InputConnection
2026-02-27 10:51:57.585 31041-31041 ImeTracker              com.subastandolo.app                 I  com.subastandolo.app:9ad15f48: onCancelled at PHASE_CLIENT_APPLY_ANIMATION
2026-02-27 10:51:57.586 31041-31041 InsetsController        com.subastandolo.app                 D  hide(ime(), fromIme=true)
2026-02-27 10:51:57.588 31041-31041 ImeTracker              com.subastandolo.app                 I  com.subastandolo.app:3d486b7a: onCancelled at PHASE_CLIENT_ANIMATION_CANCEL
2026-02-27 10:51:57.588 31041-31041 InsetsController        com.subastandolo.app                 D  cancelAnimation of types: 8, animType: 0, host: com.subastandolo.app/com.subastandolo.app.MainActivity invokeCallback=true reason=android.view.InsetsController.cancelExistingControllers:1768 android.view.InsetsController.controlAnimationUncheckedInner:1583 android.view.InsetsController.controlAnimationUnchecked:1421 android.view.InsetsController.applyAnimation:2079 android.view.InsetsController.applyAnimation:2050 android.view.InsetsController.hide:1371 android.view.ViewRootImpl$ViewRootHandler.handleMessageImpl:7802 android.view.ViewRootImpl$ViewRootHandler.handleMessage:7726 android.os.Handler.dispatchMessage:107 android.os.Looper.loopOnce:249 
2026-02-27 10:51:57.593 31041-31394 ViewRootImplStubImpl    com.subastandolo.app                 D  onAnimationUpdate, value: 0.29111698
2026-02-27 10:51:57.597 31041-31394 ViewRootImplStubImpl    com.subastandolo.app                 D  springAnimation ready to cancel:miuix.system.animation.physics.SpringAnimation@a0544ceandroid.view.InsetsController$InternalAnimationControlListener.onCancelled:523 android.view.InsetsAnimationControlImpl.cancel:361 android.view.InsetsAnimationThreadControlRunner$$ExternalSyntheticLambda1.run:0 android.os.Handler.handleCallback:959 android.os.Handler.dispatchMessage:100 
2026-02-27 10:51:57.597 31041-31394 ViewRootImplStubImpl    com.subastandolo.app                 D  onAnimationEnd,canceled: true
2026-02-27 10:51:57.598 31041-31394 ViewRootImplStubImpl    com.subastandolo.app                 D  requestedTypes: 8
2026-02-27 10:51:57.605 31041-31394 ViewRootImplStubImpl    com.subastandolo.app                 D  onAnimationStart
2026-02-27 10:51:57.612 31041-31394 ViewRootImplStubImpl    com.subastandolo.app                 D  onAnimationUpdate, value: 0.0
2026-02-27 10:51:57.626 31041-31394 ViewRootImplStubImpl    com.subastandolo.app                 D  onAnimationUpdate, value: 0.05349479
2026-02-27 10:51:57.637 31041-31041 InsetsController        com.subastandolo.app                 D  show(ime(), fromIme=true)
2026-02-27 10:51:57.638 31041-31041 ImeTracker              com.subastandolo.app                 I  com.subastandolo.app:993ef6f: onCancelled at PHASE_CLIENT_ANIMATION_CANCEL
2026-02-27 10:51:57.638 31041-31394 ViewRootImplStubImpl    com.subastandolo.app                 D  onAnimationUpdate, value: 0.17752041
2026-02-27 10:51:57.639 31041-31041 InsetsController        com.subastandolo.app                 D  cancelAnimation of types: 8, animType: 1, host: com.subastandolo.app/com.subastandolo.app.MainActivity invokeCallback=true reason=android.view.InsetsController.cancelExistingControllers:1768 android.view.InsetsController.controlAnimationUncheckedInner:1583 android.view.InsetsController.controlAnimationUnchecked:1421 android.view.InsetsController.applyAnimation:2079 android.view.InsetsController.applyAnimation:2050 android.view.InsetsController.show:1259 android.view.ViewRootImpl$ViewRootHandler.handleMessageImpl:7795 android.view.ViewRootImpl$ViewRootHandler.handleMessage:7726 android.os.Handler.dispatchMessage:107 android.os.Looper.loopOnce:249 
2026-02-27 10:51:57.641 31041-31394 ViewRootImplStubImpl    com.subastandolo.app                 D  springAnimation ready to cancel:miuix.system.animation.physics.SpringAnimation@bb04f00android.view.InsetsController$InternalAnimationControlListener.onCancelled:523 android.view.InsetsAnimationControlImpl.cancel:361 android.view.InsetsAnimationThreadControlRunner$$ExternalSyntheticLambda1.run:0 android.os.Handler.handleCallback:959 android.os.Handler.dispatchMessage:100 
2026-02-27 10:51:57.642 31041-31394 ViewRootImplStubImpl    com.subastandolo.app                 D  onAnimationEnd,canceled: true
2026-02-27 10:51:57.642 31041-31394 ViewRootImplStubImpl    com.subastandolo.app                 D  requestedTypes: 8
2026-02-27 10:51:57.652 31041-31041 Capacitor/Console       com.subastandolo.app                 I  File:  - Line 333 - Msg: {"biometryType":3,"deviceIsSecure":true,"strongBiometryIsAvailable":true,"isAvailable":true,"authenticationStrength":1}
2026-02-27 10:51:57.655 31041-31394 ViewRootImplStubImpl    com.subastandolo.app                 D  onAnimationStart
2026-02-27 10:51:57.659 31041-31185 Capacitor               com.subastandolo.app                 D  Handling local request: https://localhost/favicon.png
2026-02-27 10:51:57.660 31041-31186 Capacitor               com.subastandolo.app                 D  Handling local request: https://localhost/favicon.png
2026-02-27 10:51:57.661 31041-31183 Capacitor               com.subastandolo.app                 D  Handling local request: https://localhost/icons/icon-192.png
2026-02-27 10:51:57.664 31041-31041 Capacitor/Console       com.subastandolo.app                 I  File:  - Line 333 - Msg: {"biometryType":3,"deviceIsSecure":true,"strongBiometryIsAvailable":true,"isAvailable":true,"authenticationStrength":1}
2026-02-27 10:51:57.671 31041-31394 ViewRootImplStubImpl    com.subastandolo.app                 D  onAnimationUpdate, value: 0.0
2026-02-27 10:51:57.689 31041-31394 ViewRootImplStubImpl    com.subastandolo.app                 D  onAnimationUpdate, value: 0.04738905
2026-02-27 10:51:57.689 31041-31041 Capacitor/Console       com.subastandolo.app                 I  File:  - Line 349 - Msg: [object Object]
2026-02-27 10:51:57.692 31041-31041 ImeTracker              com.subastandolo.app                 I  com.subastandolo.app:a6ae2f16: onRequestHide at ORIGIN_CLIENT reason HIDE_SOFT_INPUT fromUser false
2026-02-27 10:51:57.693 31041-31041 HandWritingStubImpl     com.subastandolo.app                 I  getCurrentKeyboardType: 1
2026-02-27 10:51:57.701 31041-31185 Capacitor               com.subastandolo.app                 D  Handling local request: https://localhost/icons/icon-192.png
2026-02-27 10:51:57.701 31041-31041 HandWritingStubImpl     com.subastandolo.app                 I  getCurrentKeyboardType: 1
2026-02-27 10:51:57.703 31041-31186 Capacitor               com.subastandolo.app                 D  Handling local request: https://localhost/favicon.png
2026-02-27 10:51:57.703 31041-31185 Capacitor               com.subastandolo.app                 D  Handling local request: https://localhost/favicon.png
2026-02-27 10:51:57.705 31041-31381 RemoteInpu...ectionImpl com.subastandolo.app                 W  requestCursorUpdates on inactive InputConnection
2026-02-27 10:51:57.705 31041-31394 ViewRootImplStubImpl    com.subastandolo.app                 D  onAnimationUpdate, value: 0.15958758
2026-02-27 10:51:57.706 31041-31041 ImeTracker              com.subastandolo.app                 I  com.subastandolo.app:9e9d5c46: onRequestShow at ORIGIN_CLIENT reason SHOW_SOFT_INPUT fromUser false
2026-02-27 10:51:57.707 31041-31041 InputMethodManager      com.subastandolo.app                 D  showSoftInput() view=com.getcapacitor.CapacitorWebView{8cd7010 VFEDHVC.. .F...... 0,0-720,1600 #7f090202 app:id/webview aid=1073741824} flags=0 reason=SHOW_SOFT_INPUT
2026-02-27 10:51:57.722 31041-31394 ViewRootImplStubImpl    com.subastandolo.app                 D  onAnimationUpdate, value: 0.29112852
2026-02-27 10:51:57.736 31041-31183 Capacitor               com.subastandolo.app                 D  Handling local request: https://localhost/icons/icon-192.png
2026-02-27 10:51:57.738 31041-31394 ViewRootImplStubImpl    com.subastandolo.app                 D  onAnimationUpdate, value: 0.4191433
2026-02-27 10:51:57.739 31041-31183 Capacitor               com.subastandolo.app                 D  Handling local request: https://localhost/favicon.png
2026-02-27 10:51:57.740 31041-31186 Capacitor               com.subastandolo.app                 D  Handling local request: https://localhost/favicon.png
2026-02-27 10:51:57.741 31041-31041 Capacitor/Plugin        com.subastandolo.app                 V  To native (Capacitor plugin): callbackId: 130362810, pluginId: NativeBiometric, methodName: isAvailable
2026-02-27 10:51:57.741 31041-31041 Capacitor               com.subastandolo.app                 V  callback: 130362810, pluginId: NativeBiometric, methodName: isAvailable, methodData: {}
2026-02-27 10:51:57.742 31041-31041 InsetsController        com.subastandolo.app                 D  hide(ime(), fromIme=true)
2026-02-27 10:51:57.744 31041-31041 ImeTracker              com.subastandolo.app                 I  com.subastandolo.app:e27f08ce: onCancelled at PHASE_CLIENT_ANIMATION_CANCEL
2026-02-27 10:51:57.745 31041-31041 InsetsController        com.subastandolo.app                 D  cancelAnimation of types: 8, animType: 0, host: com.subastandolo.app/com.subastandolo.app.MainActivity invokeCallback=true reason=android.view.InsetsController.cancelExistingControllers:1768 android.view.InsetsController.controlAnimationUncheckedInner:1583 android.view.InsetsController.controlAnimationUnchecked:1421 android.view.InsetsController.applyAnimation:2079 android.view.InsetsController.applyAnimation:2050 android.view.InsetsController.hide:1371 android.view.ViewRootImpl$ViewRootHandler.handleMessageImpl:7802 android.view.ViewRootImpl$ViewRootHandler.handleMessage:7726 android.os.Handler.dispatchMessage:107 android.os.Looper.loopOnce:249 
2026-02-27 10:51:57.745 31041-31394 ViewRootImplStubImpl    com.subastandolo.app                 D  springAnimation ready to cancel:miuix.system.animation.physics.SpringAnimation@336be56android.view.InsetsController$InternalAnimationControlListener.onCancelled:523 android.view.InsetsAnimationControlImpl.cancel:361 android.view.InsetsAnimationThreadControlRunner$$ExternalSyntheticLambda1.run:0 android.os.Handler.handleCallback:959 android.os.Handler.dispatchMessage:100 
2026-02-27 10:51:57.745 31041-31394 ViewRootImplStubImpl    com.subastandolo.app                 D  onAnimationEnd,canceled: true
2026-02-27 10:51:57.745 31041-31394 ViewRootImplStubImpl    com.subastandolo.app                 D  requestedTypes: 8
2026-02-27 10:51:57.751 31041-31041 ImeTracker              com.subastandolo.app                 I  com.subastandolo.app:c5ed5a9d: onRequestHide at ORIGIN_CLIENT reason HIDE_SOFT_INPUT fromUser false
2026-02-27 10:51:57.754 31041-31041 HandWritingStubImpl     com.subastandolo.app                 I  getCurrentKeyboardType: 1
2026-02-27 10:51:57.755 31041-31394 ViewRootImplStubImpl    com.subastandolo.app                 D  onAnimationStart
2026-02-27 10:51:57.763 31041-31394 ViewRootImplStubImpl    com.subastandolo.app                 D  onAnimationUpdate, value: 0.0
2026-02-27 10:51:57.769 31041-31041 Capacitor/Console       com.subastandolo.app                 I  File:  - Line 349 - Msg: [object Object]
2026-02-27 10:51:57.770 31041-31381 RemoteInpu...ectionImpl com.subastandolo.app                 W  requestCursorUpdates on inactive InputConnection
2026-02-27 10:51:57.771 31041-31041 Capacitor/Plugin        com.subastandolo.app                 V  To native (Capacitor plugin): callbackId: 130362811, pluginId: NativeBiometric, methodName: isAvailable
2026-02-27 10:51:57.771 31041-31041 Capacitor               com.subastandolo.app                 V  callback: 130362811, pluginId: NativeBiometric, methodName: isAvailable, methodData: {}
2026-02-27 10:51:57.771 31041-31394 ViewRootImplStubImpl    com.subastandolo.app                 D  onAnimationUpdate, value: 0.05349735
2026-02-27 10:51:57.788 31041-31041 HandWritingStubImpl     com.subastandolo.app                 I  getCurrentKeyboardType: 1
2026-02-27 10:51:57.789 31041-31183 Capacitor               com.subastandolo.app                 D  Handling local request: https://localhost/icons/icon-192.png
2026-02-27 10:51:57.790 31041-31394 ViewRootImplStubImpl    com.subastandolo.app                 D  onAnimationUpdate, value: 0.17752738
2026-02-27 10:51:57.791 31041-31041 ImeTracker              com.subastandolo.app                 I  com.subastandolo.app:723709c6: onRequestShow at ORIGIN_CLIENT reason SHOW_SOFT_INPUT fromUser false
2026-02-27 10:51:57.791 31041-31183 Capacitor               com.subastandolo.app                 D  Handling local request: https://localhost/favicon.png
2026-02-27 10:51:57.791 31041-31041 InputMethodManager      com.subastandolo.app                 D  showSoftInput() view=com.getcapacitor.CapacitorWebView{8cd7010 VFEDHVC.. .F...... 0,0-720,1600 #7f090202 app:id/webview aid=1073741824} flags=0 reason=SHOW_SOFT_INPUT
2026-02-27 10:51:57.793 31041-31185 Capacitor               com.subastandolo.app                 D  Handling local request: https://localhost/favicon.png
2026-02-27 10:51:57.801 31041-31041 InsetsController        com.subastandolo.app                 D  show(ime(), fromIme=true)
2026-02-27 10:51:57.803 31041-31381 RemoteInpu...ectionImpl com.subastandolo.app                 W  requestCursorUpdates on inactive InputConnection
2026-02-27 10:51:57.803 31041-31041 ImeTracker              com.subastandolo.app                 I  com.subastandolo.app:a6ae2f16: onCancelled at PHASE_CLIENT_ANIMATION_CANCEL
2026-02-27 10:51:57.804 31041-31041 InsetsController        com.subastandolo.app                 D  cancelAnimation of types: 8, animType: 1, host: com.subastandolo.app/com.subastandolo.app.MainActivity invokeCallback=true reason=android.view.InsetsController.cancelExistingControllers:1768 android.view.InsetsController.controlAnimationUncheckedInner:1583 android.view.InsetsController.controlAnimationUnchecked:1421 android.view.InsetsController.applyAnimation:2079 android.view.InsetsController.applyAnimation:2050 android.view.InsetsController.show:1259 android.view.ViewRootImpl$ViewRootHandler.handleMessageImpl:7795 android.view.ViewRootImpl$ViewRootHandler.handleMessage:7726 android.os.Handler.dispatchMessage:107 android.os.Looper.loopOnce:249 
2026-02-27 10:51:57.811 31041-31394 ViewRootImplStubImpl    com.subastandolo.app                 D  springAnimation ready to cancel:miuix.system.animation.physics.SpringAnimation@f141fb6android.view.InsetsController$InternalAnimationControlListener.onCancelled:523 android.view.InsetsAnimationControlImpl.cancel:361 android.view.InsetsAnimationThreadControlRunner$$ExternalSyntheticLambda1.run:0 android.os.Handler.handleCallback:959 android.os.Handler.dispatchMessage:100 
2026-02-27 10:51:57.811 31041-31394 ViewRootImplStubImpl    com.subastandolo.app                 D  onAnimationEnd,canceled: true
2026-02-27 10:51:57.812 31041-31394 ViewRootImplStubImpl    com.subastandolo.app                 D  requestedTypes: 8
2026-02-27 10:51:57.823 31041-31394 ViewRootImplStubImpl    com.subastandolo.app                 D  onAnimationStart
2026-02-27 10:51:57.827 31041-31394 ViewRootImplStubImpl    com.subastandolo.app                 D  onAnimationUpdate, value: 0.0
2026-02-27 10:51:57.840 31041-31394 ViewRootImplStubImpl    com.subastandolo.app                 D  onAnimationUpdate, value: 0.04738858
2026-02-27 10:51:57.840 31041-31041 Capacitor/Console       com.subastandolo.app                 I  File:  - Line 333 - Msg: {"biometryType":3,"deviceIsSecure":true,"strongBiometryIsAvailable":true,"isAvailable":true,"authenticationStrength":1}
2026-02-27 10:51:57.843 31041-31041 InsetsController        com.subastandolo.app                 D  hide(ime(), fromIme=true)
2026-02-27 10:51:57.844 31041-31041 ImeTracker              com.subastandolo.app                 I  com.subastandolo.app:9e9d5c46: onCancelled at PHASE_CLIENT_ANIMATION_CANCEL
2026-02-27 10:51:57.844 31041-31041 InsetsController        com.subastandolo.app                 D  cancelAnimation of types: 8, animType: 0, host: com.subastandolo.app/com.subastandolo.app.MainActivity invokeCallback=true reason=android.view.InsetsController.cancelExistingControllers:1768 android.view.InsetsController.controlAnimationUncheckedInner:1583 android.view.InsetsController.controlAnimationUnchecked:1421 android.view.InsetsController.applyAnimation:2079 android.view.InsetsController.applyAnimation:2050 android.view.InsetsController.hide:1371 android.view.ViewRootImpl$ViewRootHandler.handleMessageImpl:7802 android.view.ViewRootImpl$ViewRootHandler.handleMessage:7726 android.os.Handler.dispatchMessage:107 android.os.Looper.loopOnce:249 
2026-02-27 10:51:57.847 31041-31394 ViewRootImplStubImpl    com.subastandolo.app                 D  springAnimation ready to cancel:miuix.system.animation.physics.SpringAnimation@557dfa8android.view.InsetsController$InternalAnimationControlListener.onCancelled:523 android.view.InsetsAnimationControlImpl.cancel:361 android.view.InsetsAnimationThreadControlRunner$$ExternalSyntheticLambda1.run:0 android.os.Handler.handleCallback:959 android.os.Handler.dispatchMessage:100 
2026-02-27 10:51:57.848 31041-31394 ViewRootImplStubImpl    com.subastandolo.app                 D  onAnimationEnd,canceled: true
2026-02-27 10:51:57.849 31041-31394 ViewRootImplStubImpl    com.subastandolo.app                 D  requestedTypes: 8
2026-02-27 10:51:57.856 31041-31394 ViewRootImplStubImpl    com.subastandolo.app                 D  onAnimationStart
2026-02-27 10:51:57.871 31041-31394 ViewRootImplStubImpl    com.subastandolo.app                 D  onAnimationUpdate, value: 0.0
2026-02-27 10:51:57.872 31041-31041 Capacitor/Console       com.subastandolo.app                 I  File:  - Line 333 - Msg: {"biometryType":3,"deviceIsSecure":true,"strongBiometryIsAvailable":true,"isAvailable":true,"authenticationStrength":1}
2026-02-27 10:51:57.881 31041-31185 Capacitor               com.subastandolo.app                 D  Handling local request: https://localhost/favicon.png
2026-02-27 10:51:57.881 31041-31183 Capacitor               com.subastandolo.app                 D  Handling local request: https://localhost/icons/icon-192.png
2026-02-27 10:51:57.882 31041-31185 Capacitor               com.subastandolo.app                 D  Handling local request: https://localhost/favicon.png
2026-02-27 10:51:57.888 31041-31394 ViewRootImplStubImpl    com.subastandolo.app                 D  onAnimationUpdate, value: 0.053492118
2026-02-27 10:51:57.890 31041-31041 InsetsController        com.subastandolo.app                 D  show(ime(), fromIme=true)
2026-02-27 10:51:57.892 31041-31041 ImeTracker              com.subastandolo.app                 I  com.subastandolo.app:c5ed5a9d: onCancelled at PHASE_CLIENT_ANIMATION_CANCEL
2026-02-27 10:51:57.893 31041-31041 InsetsController        com.subastandolo.app                 D  cancelAnimation of types: 8, animType: 1, host: com.subastandolo.app/com.subastandolo.app.MainActivity invokeCallback=true reason=android.view.InsetsController.cancelExistingControllers:1768 android.view.InsetsController.controlAnimationUncheckedInner:1583 android.view.InsetsController.controlAnimationUnchecked:1421 android.view.InsetsController.applyAnimation:2079 android.view.InsetsController.applyAnimation:2050 android.view.InsetsController.show:1259 android.view.ViewRootImpl$ViewRootHandler.handleMessageImpl:7795 android.view.ViewRootImpl$ViewRootHandler.handleMessage:7726 android.os.Handler.dispatchMessage:107 android.os.Looper.loopOnce:249 
2026-02-27 10:51:57.894 31041-31394 ViewRootImplStubImpl    com.subastandolo.app                 D  springAnimation ready to cancel:miuix.system.animation.physics.SpringAnimation@df9bef2android.view.InsetsController$InternalAnimationControlListener.onCancelled:523 android.view.InsetsAnimationControlImpl.cancel:361 android.view.InsetsAnimationThreadControlRunner$$ExternalSyntheticLambda1.run:0 android.os.Handler.handleCallback:959 android.os.Handler.dispatchMessage:100 
2026-02-27 10:51:57.894 31041-31394 ViewRootImplStubImpl    com.subastandolo.app                 D  onAnimationEnd,canceled: true
2026-02-27 10:51:57.894 31041-31394 ViewRootImplStubImpl    com.subastandolo.app                 D  requestedTypes: 8
2026-02-27 10:51:57.906 31041-31394 ViewRootImplStubImpl    com.subastandolo.app                 D  onAnimationStart
2026-02-27 10:51:57.916 31041-31041 Capacitor/Console       com.subastandolo.app                 I  File:  - Line 349 - Msg: [object Object]
2026-02-27 10:51:57.919 31041-31041 ImeTracker              com.subastandolo.app                 I  com.subastandolo.app:4cba2f61: onRequestHide at ORIGIN_CLIENT reason HIDE_SOFT_INPUT fromUser false
2026-02-27 10:51:57.921 31041-31041 HandWritingStubImpl     com.subastandolo.app                 I  getCurrentKeyboardType: 1
2026-02-27 10:51:57.927 31041-31394 ViewRootImplStubImpl    com.subastandolo.app                 D  onAnimationUpdate, value: 0.0
2026-02-27 10:51:57.932 31041-31381 RemoteInpu...ectionImpl com.subastandolo.app                 W  requestCursorUpdates on inactive InputConnection
2026-02-27 10:51:57.933 31041-31183 Capacitor               com.subastandolo.app                 D  Handling local request: https://localhost/icons/icon-192.png
2026-02-27 10:51:57.939 31041-31394 ViewRootImplStubImpl    com.subastandolo.app                 D  onAnimationUpdate, value: 0.047379445
2026-02-27 10:51:57.940 31041-31041 HandWritingStubImpl     com.subastandolo.app                 I  getCurrentKeyboardType: 1
2026-02-27 10:51:57.945 31041-31041 ImeTracker              com.subastandolo.app                 I  com.subastandolo.app:9434d9c8: onRequestShow at ORIGIN_CLIENT reason SHOW_SOFT_INPUT fromUser false
2026-02-27 10:51:57.946 31041-31041 InputMethodManager      com.subastandolo.app                 D  showSoftInput() view=com.getcapacitor.CapacitorWebView{8cd7010 VFEDHVC.. .F...... 0,0-720,1600 #7f090202 app:id/webview aid=1073741824} flags=0 reason=SHOW_SOFT_INPUT
2026-02-27 10:51:57.946 31041-31183 Capacitor               com.subastandolo.app                 D  Handling local request: https://localhost/favicon.png
2026-02-27 10:51:57.950 31041-31185 Capacitor               com.subastandolo.app                 D  Handling local request: https://localhost/favicon.png
2026-02-27 10:51:57.954 31041-31394 ViewRootImplStubImpl    com.subastandolo.app                 D  onAnimationUpdate, value: 0.15956298
2026-02-27 10:51:57.963 31041-31041 Capacitor/Plugin        com.subastandolo.app                 V  To native (Capacitor plugin): callbackId: 130362812, pluginId: NativeBiometric, methodName: isAvailable
2026-02-27 10:51:57.964 31041-31041 Capacitor               com.subastandolo.app                 V  callback: 130362812, pluginId: NativeBiometric, methodName: isAvailable, methodData: {}
2026-02-27 10:51:57.971 31041-31394 ViewRootImplStubImpl    com.subastandolo.app                 D  onAnimationUpdate, value: 0.29108673
2026-02-27 10:51:57.986 31041-31041 InsetsController        com.subastandolo.app                 D  hide(ime(), fromIme=true)
2026-02-27 10:51:57.986 31041-31041 ImeTracker              com.subastandolo.app                 I  com.subastandolo.app:723709c6: onCancelled at PHASE_CLIENT_ANIMATION_CANCEL
2026-02-27 10:51:57.987 31041-31041 InsetsController        com.subastandolo.app                 D  cancelAnimation of types: 8, animType: 0, host: com.subastandolo.app/com.subastandolo.app.MainActivity invokeCallback=true reason=android.view.InsetsController.cancelExistingControllers:1768 android.view.InsetsController.controlAnimationUncheckedInner:1583 android.view.InsetsController.controlAnimationUnchecked:1421 android.view.InsetsController.applyAnimation:2079 android.view.InsetsController.applyAnimation:2050 android.view.InsetsController.hide:1371 android.view.ViewRootImpl$ViewRootHandler.handleMessageImpl:7802 android.view.ViewRootImpl$ViewRootHandler.handleMessage:7726 android.os.Handler.dispatchMessage:107 android.os.Looper.loopOnce:249 
2026-02-27 10:51:57.988 31041-31394 ViewRootImplStubImpl    com.subastandolo.app                 D  springAnimation ready to cancel:miuix.system.animation.physics.SpringAnimation@83b631android.view.InsetsController$InternalAnimationControlListener.onCancelled:523 android.view.InsetsAnimationControlImpl.cancel:361 android.view.InsetsAnimationThreadControlRunner$$ExternalSyntheticLambda1.run:0 android.os.Handler.handleCallback:959 android.os.Handler.dispatchMessage:100 
2026-02-27 10:51:57.988 31041-31394 ViewRootImplStubImpl    com.subastandolo.app                 D  onAnimationEnd,canceled: true
2026-02-27 10:51:57.989 31041-31394 ViewRootImplStubImpl    com.subastandolo.app                 D  requestedTypes: 8
2026-02-27 10:51:57.990 31041-31394 ViewRootImplStubImpl    com.subastandolo.app                 D  onAnimationStart
2026-02-27 10:51:57.995 31041-31394 ViewRootImplStubImpl    com.subastandolo.app                 D  onAnimationUpdate, value: 0.0
2026-02-27 10:51:58.004 31041-31394 ViewRootImplStubImpl    com.subastandolo.app                 D  onAnimationUpdate, value: 0.05348381
2026-02-27 10:51:58.009 31041-31183 Capacitor               com.subastandolo.app                 D  Handling local request: https://localhost/favicon.png
2026-02-27 10:51:58.010 31041-31186 Capacitor               com.subastandolo.app                 D  Handling local request: https://localhost/icons/icon-192.png
2026-02-27 10:51:58.017 31041-31183 Capacitor               com.subastandolo.app                 D  Handling local request: https://localhost/favicon.png
2026-02-27 10:51:58.023 31041-31394 ViewRootImplStubImpl    com.subastandolo.app                 D  onAnimationUpdate, value: 0.17749439
2026-02-27 10:51:58.029 31041-31041 InsetsController        com.subastandolo.app                 D  show(ime(), fromIme=true)
2026-02-27 10:51:58.032 31041-31041 ImeTracker              com.subastandolo.app                 I  com.subastandolo.app:4cba2f61: onCancelled at PHASE_CLIENT_ANIMATION_CANCEL
2026-02-27 10:51:58.032 31041-31041 InsetsController        com.subastandolo.app                 D  cancelAnimation of types: 8, animType: 1, host: com.subastandolo.app/com.subastandolo.app.MainActivity invokeCallback=true reason=android.view.InsetsController.cancelExistingControllers:1768 android.view.InsetsController.controlAnimationUncheckedInner:1583 android.view.InsetsController.controlAnimationUnchecked:1421 android.view.InsetsController.applyAnimation:2079 android.view.InsetsController.applyAnimation:2050 android.view.InsetsController.show:1259 android.view.ViewRootImpl$ViewRootHandler.handleMessageImpl:7795 android.view.ViewRootImpl$ViewRootHandler.handleMessage:7726 android.os.Handler.dispatchMessage:107 android.os.Looper.loopOnce:249 
2026-02-27 10:51:58.034 31041-31394 ViewRootImplStubImpl    com.subastandolo.app                 D  springAnimation ready to cancel:miuix.system.animation.physics.SpringAnimation@63d8da1android.view.InsetsController$InternalAnimationControlListener.onCancelled:523 android.view.InsetsAnimationControlImpl.cancel:361 android.view.InsetsAnimationThreadControlRunner$$ExternalSyntheticLambda1.run:0 android.os.Handler.handleCallback:959 android.os.Handler.dispatchMessage:100 
2026-02-27 10:51:58.035 31041-31394 ViewRootImplStubImpl    com.subastandolo.app                 D  onAnimationEnd,canceled: true
2026-02-27 10:51:58.036 31041-31394 ViewRootImplStubImpl    com.subastandolo.app                 D  requestedTypes: 8
2026-02-27 10:51:58.038 31041-31394 ViewRootImplStubImpl    com.subastandolo.app                 D  onAnimationStart
2026-02-27 10:51:58.045 31041-31041 Capacitor/Console       com.subastandolo.app                 I  File:  - Line 333 - Msg: {"biometryType":3,"deviceIsSecure":true,"strongBiometryIsAvailable":true,"isAvailable":true,"authenticationStrength":1}
2026-02-27 10:51:58.049 31041-31041 ImeTracker              com.subastandolo.app                 I  com.subastandolo.app:1fd28ce7: onRequestHide at ORIGIN_CLIENT reason HIDE_SOFT_INPUT fromUser false
2026-02-27 10:51:58.052 31041-31041 HandWritingStubImpl     com.subastandolo.app                 I  getCurrentKeyboardType: 1
2026-02-27 10:51:58.055 31041-31041 Capacitor/Console       com.subastandolo.app                 I  File:  - Line 349 - Msg: [object Object]
2026-02-27 10:51:58.062 31041-31394 ViewRootImplStubImpl    com.subastandolo.app                 D  onAnimationUpdate, value: 0.0
2026-02-27 10:51:58.062 31041-31381 RemoteInpu...ectionImpl com.subastandolo.app                 W  requestCursorUpdates on inactive InputConnection
2026-02-27 10:51:58.062 31041-31041 Capacitor/Plugin        com.subastandolo.app                 V  To native (Capacitor plugin): callbackId: 130362813, pluginId: NativeBiometric, methodName: isAvailable
2026-02-27 10:51:58.063 31041-31041 Capacitor               com.subastandolo.app                 V  callback: 130362813, pluginId: NativeBiometric, methodName: isAvailable, methodData: {}
2026-02-27 10:51:58.076 31041-31394 ViewRootImplStubImpl    com.subastandolo.app                 D  onAnimationUpdate, value: 0.047381334
2026-02-27 10:51:58.082 31041-31185 Capacitor               com.subastandolo.app                 D  Handling local request: https://localhost/icons/icon-192.png
2026-02-27 10:51:58.083 31041-31041 HandWritingStubImpl     com.subastandolo.app                 I  getCurrentKeyboardType: 1
2026-02-27 10:51:58.083 31041-31185 Capacitor               com.subastandolo.app                 D  Handling local request: https://localhost/favicon.png
2026-02-27 10:51:58.084 31041-31183 Capacitor               com.subastandolo.app                 D  Handling local request: https://localhost/favicon.png
2026-02-27 10:51:58.087 31041-31041 ImeTracker              com.subastandolo.app                 I  com.subastandolo.app:d0207c6c: onRequestShow at ORIGIN_CLIENT reason SHOW_SOFT_INPUT fromUser false
2026-02-27 10:51:58.088 31041-31041 InputMethodManager      com.subastandolo.app                 D  showSoftInput() view=com.getcapacitor.CapacitorWebView{8cd7010 VFEDHVC.. .F...... 0,0-720,1600 #7f090202 app:id/webview aid=1073741824} flags=0 reason=SHOW_SOFT_INPUT
2026-02-27 10:51:58.090 31041-31394 ViewRootImplStubImpl    com.subastandolo.app                 D  onAnimationUpdate, value: 0.15956552
2026-02-27 10:51:58.100 31041-31041 MIUIInput               com.subastandolo.app                 I  [MotionEvent] ViewRootImpl windowName 'com.subastandolo.app/com.subastandolo.app.MainActivity', { action=ACTION_DOWN, id[0]=0, pointerCount=1, eventTime=462059329, downTime=462059329, phoneEventTime=10:51:58.084 } moveCount:0
2026-02-27 10:51:58.105 31041-31394 ViewRootImplStubImpl    com.subastandolo.app                 D  onAnimationUpdate, value: 0.29108882
2026-02-27 10:51:58.107 31041-31041 InsetsController        com.subastandolo.app                 D  hide(ime(), fromIme=true)
2026-02-27 10:51:58.108 31041-31041 ImeTracker              com.subastandolo.app                 I  com.subastandolo.app:9434d9c8: onCancelled at PHASE_CLIENT_ANIMATION_CANCEL
2026-02-27 10:51:58.108 31041-31041 InsetsController        com.subastandolo.app                 D  cancelAnimation of types: 8, animType: 0, host: com.subastandolo.app/com.subastandolo.app.MainActivity invokeCallback=true reason=android.view.InsetsController.cancelExistingControllers:1768 android.view.InsetsController.controlAnimationUncheckedInner:1583 android.view.InsetsController.controlAnimationUnchecked:1421 android.view.InsetsController.applyAnimation:2079 android.view.InsetsController.applyAnimation:2050 android.view.InsetsController.hide:1371 android.view.ViewRootImpl$ViewRootHandler.handleMessageImpl:7802 android.view.ViewRootImpl$ViewRootHandler.handleMessage:7726 android.os.Handler.dispatchMessage:107 android.os.Looper.loopOnce:249 
2026-02-27 10:51:58.112 31041-31394 ViewRootImplStubImpl    com.subastandolo.app                 D  springAnimation ready to cancel:miuix.system.animation.physics.SpringAnimation@111f84candroid.view.InsetsController$InternalAnimationControlListener.onCancelled:523 android.view.InsetsAnimationControlImpl.cancel:361 android.view.InsetsAnimationThreadControlRunner$$ExternalSyntheticLambda1.run:0 android.os.Handler.handleCallback:959 android.os.Handler.dispatchMessage:100 
2026-02-27 10:51:58.112 31041-31394 ViewRootImplStubImpl    com.subastandolo.app                 D  onAnimationEnd,canceled: true
2026-02-27 10:51:58.112 31041-31394 ViewRootImplStubImpl    com.subastandolo.app                 D  requestedTypes: 8
2026-02-27 10:51:58.112 31041-31049 ubastandolo.app         com.subastandolo.app                 W  Cleared Reference was only reachable from finalizer (only reported once)
2026-02-27 10:51:58.129 31041-31394 ViewRootImplStubImpl    com.subastandolo.app                 D  onAnimationStart
2026-02-27 10:51:58.149 31041-31049 ubastandolo.app         com.subastandolo.app                 I  NativeAlloc concurrent mark compact GC freed 12MB AllocSpace bytes, 5(208KB) LOS objects, 75% free, 6713KB/26MB, paused 704us,9.155ms total 130.138ms
2026-02-27 10:51:58.150 31041-31041 ImeTracker              com.subastandolo.app                 I  com.subastandolo.app:61300a1c: onRequestHide at ORIGIN_CLIENT reason HIDE_SOFT_INPUT fromUser false
2026-02-27 10:51:58.151 31041-31041 HandWritingStubImpl     com.subastandolo.app                 I  getCurrentKeyboardType: 1
2026-02-27 10:51:58.154 31041-31041 Capacitor/Console       com.subastandolo.app                 I  File:  - Line 333 - Msg: {"biometryType":3,"deviceIsSecure":true,"strongBiometryIsAvailable":true,"isAvailable":true,"authenticationStrength":1}
2026-02-27 10:51:58.155 31041-31183 Capacitor               com.subastandolo.app                 D  Handling local request: https://localhost/icons/icon-192.png
2026-02-27 10:51:58.156 31041-31041 MIUIInput               com.subastandolo.app                 I  [MotionEvent] ViewRootImpl windowName 'com.subastandolo.app/com.subastandolo.app.MainActivity', { action=ACTION_UP, id[0]=0, pointerCount=1, eventTime=462059396, downTime=462059329, phoneEventTime=10:51:58.151 } moveCount:0
2026-02-27 10:51:58.158 31041-31183 Capacitor               com.subastandolo.app                 D  Handling local request: https://localhost/favicon.png
2026-02-27 10:51:58.160 31041-31394 ViewRootImplStubImpl    com.subastandolo.app                 D  onAnimationUpdate, value: 0.0
2026-02-27 10:51:58.161 31041-31185 Capacitor               com.subastandolo.app                 D  Handling local request: https://localhost/favicon.png
2026-02-27 10:51:58.169 31041-31381 RemoteInpu...ectionImpl com.subastandolo.app                 W  requestCursorUpdates on inactive InputConnection
2026-02-27 10:51:58.175 31041-31394 ViewRootImplStubImpl    com.subastandolo.app                 D  onAnimationUpdate, value: 0.05349569
2026-02-27 10:51:58.189 31041-31041 Capacitor/Console       com.subastandolo.app                 I  File:  - Line 349 - Msg: [object Object]
2026-02-27 10:51:58.189 31041-31394 ViewRootImplStubImpl    com.subastandolo.app                 D  onAnimationUpdate, value: 0.17752436
2026-02-27 10:51:58.200 31041-31381 RemoteInpu...ectionImpl com.subastandolo.app                 W  requestCursorUpdates on inactive InputConnection
2026-02-27 10:51:58.201 31041-31041 InsetsController        com.subastandolo.app                 D  show(ime(), fromIme=true)
2026-02-27 10:51:58.202 31041-31041 ImeTracker              com.subastandolo.app                 I  com.subastandolo.app:1fd28ce7: onCancelled at PHASE_CLIENT_ANIMATION_CANCEL
2026-02-27 10:51:58.202 31041-31041 InsetsController        com.subastandolo.app                 D  cancelAnimation of types: 8, animType: 1, host: com.subastandolo.app/com.subastandolo.app.MainActivity invokeCallback=true reason=android.view.InsetsController.cancelExistingControllers:1768 android.view.InsetsController.controlAnimationUncheckedInner:1583 android.view.InsetsController.controlAnimationUnchecked:1421 android.view.InsetsController.applyAnimation:2079 android.view.InsetsController.applyAnimation:2050 android.view.InsetsController.show:1259 android.view.ViewRootImpl$ViewRootHandler.handleMessageImpl:7795 android.view.ViewRootImpl$ViewRootHandler.handleMessage:7726 android.os.Handler.dispatchMessage:107 android.os.Looper.loopOnce:249 
2026-02-27 10:51:58.204 31041-31041 Capacitor/Plugin        com.subastandolo.app                 V  To native (Capacitor plugin): callbackId: 130362814, pluginId: NativeBiometric, methodName: isAvailable
2026-02-27 10:51:58.204 31041-31394 ViewRootImplStubImpl    com.subastandolo.app                 D  springAnimation ready to cancel:miuix.system.animation.physics.SpringAnimation@12a0c7candroid.view.InsetsController$InternalAnimationControlListener.onCancelled:523 android.view.InsetsAnimationControlImpl.cancel:361 android.view.InsetsAnimationThreadControlRunner$$ExternalSyntheticLambda1.run:0 android.os.Handler.handleCallback:959 android.os.Handler.dispatchMessage:100 
2026-02-27 10:51:58.204 31041-31041 Capacitor               com.subastandolo.app                 V  callback: 130362814, pluginId: NativeBiometric, methodName: isAvailable, methodData: {}
2026-02-27 10:51:58.204 31041-31394 ViewRootImplStubImpl    com.subastandolo.app                 D  onAnimationEnd,canceled: true
2026-02-27 10:51:58.205 31041-31394 ViewRootImplStubImpl    com.subastandolo.app                 D  requestedTypes: 8
2026-02-27 10:51:58.206 31041-31394 ViewRootImplStubImpl    com.subastandolo.app                 D  onAnimationStart
2026-02-27 10:51:58.212 31041-31394 ViewRootImplStubImpl    com.subastandolo.app                 D  onAnimationUpdate, value: 0.0
2026-02-27 10:51:58.216 31041-31041 InsetsController        com.subastandolo.app                 D  hide(ime(), fromIme=true)
2026-02-27 10:51:58.218 31041-31041 ImeTracker              com.subastandolo.app                 I  com.subastandolo.app:d0207c6c: onCancelled at PHASE_CLIENT_ANIMATION_CANCEL
